$ corepack pnpm@9.15.9 install --prod --no-frozen-lockfile --reporter=append-only --config.node-linker=hoisted --ignore-workspace --ignore-scripts
Progress: resolved 1, reused 0, downloaded 0, added 0
 WARN  deprecated babel-eslint@8.2.6: babel-eslint is now @babel/eslint-parser. This package will no longer receive updates.
 WARN  deprecated eslint@4.19.1: This version is no longer supported. Please see https://eslint.org/version-support for other options.
 WARN  deprecated vue@2.7.16: Vue 2 has reached EOL and is no longer actively maintained. See https://v2.vuejs.org/eol/ for more details.
 WARN  deprecated eslint-loader@1.9.0: This loader has been deprecated. Please use eslint-webpack-plugin
 WARN  deprecated rollup-plugin-babel@3.0.7: This package has been deprecated and is no longer maintained. Please use @rollup/plugin-babel.
Progress: resolved 90, reused 0, downloaded 0, added 0
Progress: resolved 188, reused 0, downloaded 0, added 0
Progress: resolved 243, reused 0, downloaded 0, added 0
Progress: resolved 323, reused 0, downloaded 0, added 0
Progress: resolved 393, reused 0, downloaded 0, added 0
Progress: resolved 447, reused 0, downloaded 0, added 0
Progress: resolved 567, reused 0, downloaded 0, added 0
Progress: resolved 683, reused 0, downloaded 0, added 0
Progress: resolved 935, reused 0, downloaded 0, added 0
Progress: resolved 960, reused 0, downloaded 0, added 0
Progress: resolved 962, reused 0, downloaded 0, added 0
Progress: resolved 1002, reused 0, downloaded 0, added 0
Progress: resolved 1123, reused 0, downloaded 0, added 0
 WARN  37 deprecated subdependencies found: abab@1.0.4, acorn5-object-spread@4.0.0, browserslist@1.7.7, circular-json@0.3.3, content-type-parser@1.0.2, copy-concurrently@1.0.5, core-js@2.6.12, figgy-pudding@3.5.2, flatten@1.0.3, fs-write-stream-atomic@1.0.10, fsevents@1.2.13, glob@10.5.0, glob@7.2.3, har-validator@5.1.5, inflight@1.0.6, move-concurrently@1.0.1, path-dirname@1.0.2, q@1.5.1, request@2.88.2, resolve-url@0.2.1, rimraf@2.6.3, rimraf@2.7.1, rollup-plugin-alias@1.5.2, rollup-plugin-buble@0.18.0, rollup-plugin-commonjs@8.4.1, rollup-plugin-json@2.3.1, rollup-plugin-node-resolve@3.4.0, rollup-plugin-replace@2.2.0, sane@2.5.2, source-map-resolve@0.5.3, source-map-url@0.4.1, sourcemap-codec@1.4.8, svgo@0.7.2, uglify-es@3.3.9, urix@0.1.0, uuid@3.4.0, whatwg-encoding@1.0.5

devDependencies: skipped

Packages: +1
+
Progress: resolved 1136, reused 1, downloaded 0, added 1, done
Done in 14.1s using pnpm v9.15.9
