$ corepack pnpm@9.15.9 install --prod --no-frozen-lockfile --reporter=append-only --config.node-linker=hoisted --ignore-workspace --ignore-scripts
Progress: resolved 1, reused 0, downloaded 0, added 0
 WARN  deprecated istanbul@0.4.5: This module is no longer maintained, try this instead:
  npm i nyc
Visit https://istanbul.js.org/integrations for other alternatives.
 WARN  deprecated jscs@3.0.7: JSCS has merged with ESLint! See - https://medium.com/@markelog/jscs-end-of-the-line-bc9bf0b3fdb2
Progress: resolved 52, reused 0, downloaded 0, added 0
Progress: resolved 228, reused 0, downloaded 0, added 0
Progress: resolved 357, reused 0, downloaded 0, added 0
Progress: resolved 525, reused 0, downloaded 0, added 0
Progress: resolved 720, reused 0, downloaded 0, added 0
 WARN  23 deprecated subdependencies found: core-js@2.6.12, debug@3.2.6, fsevents@1.2.13, glob@5.0.15, glob@7.1.3, glob@7.1.7, glob@7.2.3, har-validator@5.1.5, http2@3.3.7, inflight@1.0.6, jscs-preset-wikimedia@1.0.1, mkdirp@0.5.4, nomnom@1.8.1, path-dirname@1.0.2, q@1.4.1, request@2.88.2, resolve-url@0.2.1, rimraf@2.7.1, source-map-resolve@0.5.3, source-map-url@0.4.1, urix@0.1.0, uuid@2.0.3, uuid@3.4.0

devDependencies: skipped

 WARN  Issues with peer dependencies found
.
└─┬ grunt-mocha-istanbul 3.0.1
  └── ✕ unmet peer grunt@0.4.x: found 1.6.3

Packages: +7
+++++++
Progress: resolved 745, reused 7, downloaded 0, added 7, done
Done in 6s using pnpm v9.15.9
