$ corepack pnpm@9.15.9 install --prod --no-frozen-lockfile --reporter=append-only --config.node-linker=hoisted --ignore-workspace --ignore-scripts
Progress: resolved 1, reused 0, downloaded 0, added 0
 WARN  deprecated tap@12.7.0: Versions of tap before v18 are no longer maintained. Please upgrade.
 WARN  deprecated eslint@4.19.1: This version is no longer supported. Please see https://eslint.org/version-support for other options.
Progress: resolved 51, reused 0, downloaded 0, added 0
Progress: resolved 115, reused 0, downloaded 0, added 0
Progress: resolved 251, reused 0, downloaded 0, added 0
Progress: resolved 318, reused 0, downloaded 0, added 0
Progress: resolved 319, reused 0, downloaded 0, added 0
Progress: resolved 361, reused 0, downloaded 0, added 0
Progress: resolved 401, reused 0, downloaded 0, added 0
Progress: resolved 479, reused 0, downloaded 0, added 0
Progress: resolved 559, reused 0, downloaded 0, added 0
Progress: resolved 677, reused 0, downloaded 0, added 0
Progress: resolved 778, reused 0, downloaded 0, added 0
Progress: resolved 895, reused 0, downloaded 0, added 0
Progress: resolved 1009, reused 0, downloaded 0, added 0
Progress: resolved 1051, reused 0, downloaded 0, added 0
Progress: resolved 1054, reused 0, downloaded 0, added 0
Progress: resolved 1056, reused 0, downloaded 0, added 0
 WARN  19 deprecated subdependencies found: circular-json@0.3.3, copy-concurrently@1.0.5, core-js@2.6.12, figgy-pudding@3.5.2, fs-write-stream-atomic@1.0.10, fsevents@1.2.13, glob@7.2.3, har-validator@5.1.5, inflight@1.0.6, move-concurrently@1.0.1, path-dirname@1.0.2, request@2.88.2, resolve-url@0.2.1, rimraf@2.6.3, rimraf@2.7.1, source-map-resolve@0.5.3, source-map-url@0.4.1, urix@0.1.0, uuid@3.4.0

devDependencies: skipped

 WARN  Issues with peer dependencies found
.
└─┬ tryitout 2.2.2
  └─┬ monaco-editor-webpack-plugin 3.1.0
    └── ✕ unmet peer monaco-editor@"0.22.x || 0.23.x || 0.24.x": found 0.57.0

Packages: +1
+
Progress: resolved 1057, reused 1, downloaded 0, added 1, done
Done in 17.2s using pnpm v9.15.9
