$ corepack pnpm@9.15.9 install --prod --no-frozen-lockfile --reporter=append-only --config.node-linker=hoisted --ignore-workspace --ignore-scripts
Progress: resolved 1, reused 0, downloaded 0, added 0
 WARN  deprecated glob@7.1.3: Old versions of glob are not supported, and contain widely publicized security vulnerabilities, which have been fixed in the current version. Please update. Support for old versions may be purchased (at exorbitant rates) by contacting i@izs.me
 WARN  deprecated mkdirp@0.5.1: Legacy versions of mkdirp are no longer supported. Please update to mkdirp 1.x. (Note that the API surface has changed to use Promises in 1.x.)
 WARN  deprecated request@2.88.0: request has been deprecated, see https://github.com/request/request/issues/3142
 WARN  deprecated graphql-tools@4.0.4: This package has been deprecated and now it only exports makeExecutableSchema.
And it will no longer receive updates.
We recommend you to migrate to scoped packages such as @graphql-tools/schema, @graphql-tools/utils and etc.
Check out https://www.graphql-tools.com to learn what package you should use instead
 WARN  deprecated graphql@14.7.0: No longer supported; please update to a newer version. Details: https://github.com/graphql/graphql-js#version-support
Progress: resolved 39, reused 0, downloaded 0, added 0
 WARN  deprecated graphql-codegen-typescript-common@0.18.0: This package is deprecated, use @graphql-codegen/typescript instead
 WARN  deprecated graphql-toolkit@0.2.0: Use @graphql-toolkit/* monorepo packages instead. Check https://github.com/ardatan/graphql-toolkit for more details
 WARN  deprecated graphql-import@0.7.1: GraphQL Import has been deprecated and merged into GraphQL Tools, so it will no longer get updates. Use GraphQL Tools instead to stay up-to-date! Check out https://www.graphql-tools.com/docs/migration-from-import for migration and https://the-guild.dev/blog/graphql-tools-v6 for new changes.
 WARN  deprecated graphql-codegen-typescript-client@0.18.0: This package is deprecated, use @graphql-codegen/typescript-operations instead
Progress: resolved 46, reused 0, downloaded 0, added 0
Progress: resolved 169, reused 0, downloaded 0, added 0
Progress: resolved 287, reused 0, downloaded 0, added 0
Progress: resolved 395, reused 0, downloaded 0, added 0
Progress: resolved 398, reused 0, downloaded 0, added 0
Progress: resolved 416, reused 0, downloaded 0, added 0
Progress: resolved 497, reused 0, downloaded 0, added 0
Progress: resolved 644, reused 0, downloaded 0, added 0
Progress: resolved 704, reused 0, downloaded 0, added 0
 WARN  17 deprecated subdependencies found: abab@2.0.6, domexception@1.0.1, fsevents@1.2.13, har-validator@5.1.5, inflight@1.0.6, left-pad@1.3.0, path-dirname@1.0.2, request-promise-native@1.0.9, resolve-url@0.2.1, rimraf@2.7.1, sane@4.1.0, source-map-resolve@0.5.3, source-map-url@0.4.1, urix@0.1.0, uuid@3.4.0, w3c-hr-time@1.0.2, whatwg-encoding@1.0.5

devDependencies: skipped

Packages: +363
++++++++++++++++++++++++++++++++++++++++++++++++++++++++++++++++++++++++++++++++
Progress: resolved 719, reused 302, downloaded 23, added 338
Progress: resolved 719, reused 302, downloaded 42, added 361
Progress: resolved 719, reused 302, downloaded 43, added 361
Progress: resolved 719, reused 302, downloaded 43, added 362
Progress: resolved 719, reused 302, downloaded 44, added 363, done
Done in 15.4s using pnpm v9.15.9
