$ corepack pnpm@9.15.9 install --prod --no-frozen-lockfile --reporter=append-only --config.node-linker=hoisted --ignore-workspace --ignore-scripts
Progress: resolved 1, reused 0, downloaded 0, added 0
 WARN  deprecated request@2.88.0: request has been deprecated, see https://github.com/request/request/issues/3142
 WARN  deprecated eslint@6.8.0: This version is no longer supported. Please see https://eslint.org/version-support for other options.
Progress: resolved 49, reused 0, downloaded 0, added 0
Progress: resolved 184, reused 0, downloaded 0, added 0
Progress: resolved 346, reused 0, downloaded 0, added 0
Progress: resolved 423, reused 0, downloaded 0, added 0
Progress: resolved 507, reused 0, downloaded 0, added 0
Progress: resolved 583, reused 0, downloaded 0, added 0
Progress: resolved 686, reused 0, downloaded 0, added 0
Progress: resolved 819, reused 0, downloaded 0, added 0
Progress: resolved 820, reused 0, downloaded 0, added 0
 WARN  20 deprecated subdependencies found: abab@2.0.6, domexception@1.0.1, fsevents@1.2.13, glob@7.1.7, glob@7.2.3, har-validator@5.1.5, inflight@1.0.6, left-pad@1.3.0, path-dirname@1.0.2, request-promise-native@1.0.9, resolve-url@0.2.1, rimraf@2.6.3, rimraf@2.7.1, sane@4.1.0, source-map-resolve@0.5.3, source-map-url@0.4.1, urix@0.1.0, uuid@3.4.0, w3c-hr-time@1.0.2, whatwg-encoding@1.0.5

devDependencies: skipped

Packages: +57
+++++++++++++++++++++++++++++++++++++++++++++++++++++++++
Progress: resolved 822, reused 53, downloaded 3, added 56
Progress: resolved 822, reused 53, downloaded 4, added 57, done
Done in 10.5s using pnpm v9.15.9
