$ corepack pnpm@9.15.9 install --prod --no-frozen-lockfile --reporter=append-only --config.node-linker=hoisted --ignore-workspace --ignore-scripts
Progress: resolved 1, reused 0, downloaded 0, added 0
 WARN  deprecated babel-eslint@8.0.2: babel-eslint is now @babel/eslint-parser. This package will no longer receive updates.
 WARN  deprecated lodash.isequal@4.5.0: This package is deprecated. Use require('node:util').isDeepStrictEqual instead.
 WARN  deprecated babel-preset-es2015@6.24.1: 🙌  Thanks for using Babel: we recommend using babel-preset-env now: please read https://babeljs.io/env to update!
Progress: resolved 21, reused 0, downloaded 0, added 0
 WARN  deprecated istanbul@0.4.5: This module is no longer maintained, try this instead:
  npm i nyc
Visit https://istanbul.js.org/integrations for other alternatives.
Progress: resolved 85, reused 0, downloaded 0, added 0
Progress: resolved 208, reused 0, downloaded 0, added 0
Progress: resolved 333, reused 0, downloaded 0, added 0
Progress: resolved 432, reused 0, downloaded 0, added 0
Progress: resolved 598, reused 0, downloaded 0, added 0
Progress: resolved 762, reused 0, downloaded 0, added 0
Progress: resolved 882, reused 0, downloaded 0, added 0
Progress: resolved 974, reused 0, downloaded 0, added 0
Progress: resolved 981, reused 0, downloaded 0, added 0
 WARN  26 deprecated subdependencies found: @types/minimatch@6.0.0, clone-buffer@1.0.0, copy-concurrently@1.0.5, core-js@2.6.12, figgy-pudding@3.5.2, fs-write-stream-atomic@1.0.10, fsevents@1.2.13, glob@5.0.15, glob@7.1.2, glob@7.2.3, har-validator@5.1.5, inflight@1.0.6, mkdirp@0.5.1, move-concurrently@1.0.1, nomnom@1.8.1, path-dirname@1.0.2, request@2.88.2, resolve-url@0.2.1, rimraf@2.6.3, rimraf@2.7.1, rimraf@3.0.2, source-map-resolve@0.5.3, source-map-url@0.4.1, uglify-es@3.3.9, urix@0.1.0, uuid@3.4.0

devDependencies: skipped

 WARN  Issues with peer dependencies found
.
└─┬ babel-loader 7.1.2
  └── ✕ unmet peer webpack@"2 || 3": found 4.47.0

Packages: +4
++++
Progress: resolved 986, reused 3, downloaded 0, added 3
Progress: resolved 986, reused 3, downloaded 1, added 4, done
Done in 11.3s using pnpm v9.15.9
