$ corepack pnpm@9.15.9 install --prod --no-frozen-lockfile --reporter=append-only --config.node-linker=hoisted --ignore-workspace --ignore-scripts
Progress: resolved 1, reused 0, downloaded 0, added 0
 WARN  deprecated bootstrap@4.6.2: This version of Bootstrap is no longer supported. Please upgrade to the latest version.
 WARN  deprecated karma-phantomjs-launcher@1.0.4: PhantomJS development have stopped, use puppeteer or similar
 WARN  deprecated eslint@6.8.0: This version is no longer supported. Please see https://eslint.org/version-support for other options.
 WARN  deprecated popper.js@1.16.1: You can find the new Popper v2 at @popperjs/core, this package is dedicated to the legacy v1
 WARN  deprecated sinon@7.5.0: 16.1.1
Progress: resolved 27, reused 0, downloaded 0, added 0
Progress: resolved 28, reused 0, downloaded 0, added 0
Progress: resolved 185, reused 0, downloaded 0, added 0
Progress: resolved 352, reused 0, downloaded 0, added 0
Progress: resolved 652, reused 0, downloaded 0, added 0
Progress: resolved 884, reused 0, downloaded 0, added 0
Progress: resolved 886, reused 0, downloaded 0, added 0
 WARN  26 deprecated subdependencies found: @sinonjs/text-encoding@0.7.3, copy-concurrently@1.0.5, date-format@2.1.0, debug@3.2.6, figgy-pudding@3.5.2, fs-write-stream-atomic@1.0.10, fsevents@1.2.13, glob@7.1.3, glob@7.1.7, glob@7.2.3, har-validator@5.1.5, inflight@1.0.6, log4js@4.5.1, mkdirp@0.5.4, move-concurrently@1.0.1, path-dirname@1.0.2, phantomjs-prebuilt@2.1.16, request@2.88.2, resolve-url@0.2.1, rimraf@2.6.3, rimraf@2.7.1, source-map-resolve@0.5.3, source-map-url@0.4.1, streamroller@1.0.6, urix@0.1.0, uuid@3.4.0

devDependencies: skipped

Packages: +3
+++
Progress: resolved 888, reused 3, downloaded 0, added 3, done
Done in 9.5s using pnpm v9.15.9
