$ corepack pnpm@9.15.9 install --prod --no-frozen-lockfile --reporter=append-only --config.node-linker=hoisted --ignore-workspace --ignore-scripts
Progress: resolved 1, reused 0, downloaded 0, added 0
 WARN  deprecated uuid@2.0.3: uuid@10 and below is no longer supported.  For ESM codebases, update to uuid@latest.  For CommonJS codebases, use uuid@11 (but be aware this version will likely be deprecated in 2028).
 WARN  deprecated superagent@0.21.0: Please upgrade to superagent v10.2.2+, see release notes at https://github.com/forwardemail/superagent/releases/tag/v10.2.2 - maintenance is supported by Forward Email @ https://forwardemail.net
 WARN  deprecated npmconf@2.1.3: this package has been reintegrated into npm and is now out of date with respect to npm
 WARN  deprecated npm-registry-client@4.0.5: This package is no longer supported.
 WARN  deprecated grunt-curl@2.0.3: Package no longer supported. Contact Support at https://www.npmjs.com/support for more info.
 WARN  deprecated mocha@2.0.1: Mocha v2.0.x is no longer supported.
 WARN  deprecated supertest@0.10.0: Please upgrade to supertest v7.1.3+, see release notes at https://github.com/forwardemail/supertest/releases/tag/v7.1.3 - maintenance is supported by Forward Email @ https://forwardemail.net
 WARN  deprecated keen.io@0.1.5: Please use keen-js package instead
 WARN  deprecated raven@0.7.3: Please upgrade to @sentry/node. See the migration guide https://bit.ly/3ybOlo7
Progress: resolved 323, reused 0, downloaded 0, added 0
Progress: resolved 747, reused 0, downloaded 0, added 0
 WARN  71 deprecated subdependencies found: are-we-there-yet@4.0.2, aws-sign@0.2.1, boom@0.3.8, boom@0.4.2, boom@2.10.1, chokidar@0.12.6, coffee-script@1.3.3, cryptiles@0.1.3, cryptiles@0.2.2, cryptiles@2.0.5, find-file@0.1.4, formidable@1.0.14, fstream@0.1.31, gauge@5.0.2, glob@3.1.21, glob@3.2.11, glob@3.2.3, glob@4.5.3, glob@7.2.3, graceful-fs@1.1.14, graceful-fs@1.2.3, graceful-fs@2.0.3, har-validator@2.0.6, har-validator@5.1.5, hawk@0.10.2, hawk@1.0.0, hawk@1.1.1, hawk@3.1.3, hoek@0.7.6, hoek@0.9.1, hoek@2.16.3, inflight@1.0.6, jade@0.26.3, minimatch@0.0.5, minimatch@0.2.14, minimatch@0.3.0, minimatch@1.0.0, minimatch@2.0.10, mkdirp@0.3.0, mkdirp@0.3.5, mkdirp@0.5.0, native-or-bluebird@1.2.0, natives@1.1.6, node-uuid@1.4.8, npmlog@7.0.1, osenv@0.1.5, q@1.0.1, querystring@0.2.0, raw-body@1.3.1, request@2.11.4, request@2.16.6, request@2.33.0, request@2.40.0, request@2.67.0, request@2.88.2, request@2.9.203, rimraf@1.0.9, rimraf@2.0.3, rimraf@2.2.8, rimraf@2.6.3, rimraf@2.7.1, sntp@0.1.4, sntp@0.2.4, sntp@1.0.9, superagent@0.15.7, superagent@0.17.0, tar@0.1.20, tough-cookie@2.2.2, uid-number@0.0.5, uuid@1.4.2, uuid@3.4.0

devDependencies: skipped

Packages: +336
++++++++++++++++++++++++++++++++++++++++++++++++++++++++++++++++++++++++++++++++
Progress: resolved 760, reused 261, downloaded 6, added 242
Progress: resolved 760, reused 261, downloaded 71, added 336, done
Done in 4.3s using pnpm v9.15.9
