$ corepack pnpm@9.15.9 install --prod --no-frozen-lockfile --reporter=append-only --config.node-linker=hoisted --ignore-workspace --ignore-scripts
 WARN  deprecated bcrypt-nodejs@0.0.3: bcrypt-nodejs is no longer actively maintained. Please use bcrypt or bcryptjs. See https://github.com/kelektiv/node.bcrypt.js/wiki/bcrypt-vs-brypt.js to learn more about these two options
Progress: resolved 1, reused 0, downloaded 0, added 0
 WARN  deprecated mongodb@2.2.3: Please upgrade to 2.2.19 or higher
 WARN  deprecated multer@1.4.4: Multer 1.x is affected by CVE-2022-24434. This is fixed in v1.4.4-lts.1 which drops support for versions of Node.js before 6. Please upgrade to at least Node.js 6 and version 1.4.4-lts.1 of Multer. If you need support for older versions of Node.js, we are open to accepting patches that would fix the CVE on the main 1.x release line, whilst maintaining compatibility with Node.js 0.10.
 WARN  deprecated axios@0.17.1: Critical security vulnerability fixed in v0.21.1. For more information, see https://github.com/axios/axios/pull/3410
 WARN  deprecated rimraf@2.7.1: Rimraf versions prior to v4 are no longer supported
 WARN  deprecated eslint@3.19.0: This version is no longer supported. Please see https://eslint.org/version-support for other options.
 WARN  deprecated glob@7.2.3: Old versions of glob are not supported, and contain widely publicized security vulnerabilities, which have been fixed in the current version. Please update. Support for old versions may be purchased (at exorbitant rates) by contacting i@izs.me
 WARN  deprecated supertest@3.4.2: Please upgrade to supertest v7.1.3+, see release notes at https://github.com/forwardemail/supertest/releases/tag/v7.1.3 - maintenance is supported by Forward Email @ https://forwardemail.net
 WARN  deprecated paypal-rest-sdk@1.8.1: Package no longer supported. The author suggests using the @paypal/paypal-server-sdk package instead: https://www.npmjs.com/package/@paypal/paypal-server-sdk. Contact Support at https://www.npmjs.com/support for more info.
Progress: resolved 48, reused 0, downloaded 0, added 0
Progress: resolved 100, reused 0, downloaded 0, added 0
Progress: resolved 251, reused 0, downloaded 0, added 0
Progress: resolved 397, reused 0, downloaded 0, added 0
Progress: resolved 602, reused 0, downloaded 0, added 0
Progress: resolved 847, reused 0, downloaded 0, added 0
Progress: resolved 987, reused 0, downloaded 0, added 0
Progress: resolved 1002, reused 0, downloaded 0, added 0
Progress: resolved 1003, reused 0, downloaded 0, added 0
 WARN  17 deprecated subdependencies found: bson@0.5.7, circular-json@0.3.3, core-js@2.6.12, formidable@1.2.6, fsevents@1.2.13, gulp-util@2.2.20, inflight@1.0.6, lodash.isequal@4.5.0, lodash.pick@4.4.0, lodash.template@2.4.1, resolve-url@0.2.1, rimraf@2.6.3, source-map-resolve@0.5.3, source-map-url@0.4.1, superagent@3.8.3, uglify-es@3.3.9, urix@0.1.0

devDependencies: skipped

 WARN  Issues with peer dependencies found
.
└─┬ eslint-config-airbnb-base 12.1.0
  └── ✕ unmet peer eslint@^4.9.0: found 3.19.0

Packages: +214
++++++++++++++++++++++++++++++++++++++++++++++++++++++++++++++++++++++++++++++++
Progress: resolved 1004, reused 206, downloaded 5, added 211
Progress: resolved 1004, reused 206, downloaded 7, added 214, done
Done in 10.8s using pnpm v9.15.9
