$ corepack pnpm@9.15.9 install --prod --no-frozen-lockfile --reporter=append-only --config.node-linker=hoisted --ignore-workspace --ignore-scripts
Progress: resolved 1, reused 0, downloaded 0, added 0
 WARN  deprecated karma-phantomjs-launcher@1.0.4: PhantomJS development have stopped, use puppeteer or similar
 WARN  deprecated phantomjs-prebuilt@2.1.16: this package is now deprecated
 WARN  deprecated eslint@4.19.1: This version is no longer supported. Please see https://eslint.org/version-support for other options.
 WARN  deprecated sinon@7.5.0: 16.1.1
Progress: resolved 170, reused 0, downloaded 0, added 0
Progress: resolved 321, reused 0, downloaded 0, added 0
Progress: resolved 503, reused 0, downloaded 0, added 0
Progress: resolved 687, reused 0, downloaded 0, added 0
 WARN  27 deprecated subdependencies found: @sinonjs/text-encoding@0.7.3, babel-eslint@8.2.6, circular-json@0.3.3, copy-concurrently@1.0.5, core-js@2.6.12, date-format@2.1.0, debug@3.2.6, figgy-pudding@3.5.2, fs-write-stream-atomic@1.0.10, fsevents@1.2.13, glob@7.1.3, glob@7.2.3, har-validator@5.1.5, inflight@1.0.6, log4js@4.5.1, mkdirp@0.5.4, move-concurrently@1.0.1, path-dirname@1.0.2, request@2.88.2, resolve-url@0.2.1, rimraf@2.6.3, rimraf@2.7.1, source-map-resolve@0.5.3, source-map-url@0.4.1, streamroller@1.0.6, urix@0.1.0, uuid@3.4.0

devDependencies: skipped

 WARN  Issues with peer dependencies found
.
├─┬ sinon-chai 3.7.0
│ └── ✕ unmet peer chai@^4.0.0: found 2.3.0
├─┬ karma-sinon-chai 2.0.2
│ └── ✕ unmet peer chai@>=3.5.0: found 2.3.0
└─┬ karma-webpack 3.0.5
  └── ✕ unmet peer webpack@"^2.0.0 || ^3.0.0": found 4.47.0

Packages: +6
++++++
Progress: resolved 818, reused 6, downloaded 0, added 6, done
Done in 5.1s using pnpm v9.15.9
