$ corepack pnpm@9.15.9 install --prod --no-frozen-lockfile --reporter=append-only --config.node-linker=hoisted --ignore-workspace --ignore-scripts
 WARN  Unsupported engine: wanted: {"node":"^8.0.0"} (current: {"node":"v22.5.1","pnpm":"9.15.9"})
Progress: resolved 1, reused 0, downloaded 0, added 0
 WARN  deprecated bcrypt-nodejs@0.0.3: bcrypt-nodejs is no longer actively maintained. Please use bcrypt or bcryptjs. See https://github.com/kelektiv/node.bcrypt.js/wiki/bcrypt-vs-brypt.js to learn more about these two options
 WARN  deprecated multer@1.4.4: Multer 1.x is affected by CVE-2022-24434. This is fixed in v1.4.4-lts.1 which drops support for versions of Node.js before 6. Please upgrade to at least Node.js 6 and version 1.4.4-lts.1 of Multer. If you need support for older versions of Node.js, we are open to accepting patches that would fix the CVE on the main 1.x release line, whilst maintaining compatibility with Node.js 0.10.
 WARN  deprecated node-sass@4.14.1: Node Sass is no longer supported. Please use `sass` or `sass-embedded` instead.
 WARN  deprecated eslint@4.19.1: This version is no longer supported. Please see https://eslint.org/version-support for other options.
 WARN  deprecated graphql@0.11.7: No longer supported; please update to a newer version. Details: https://github.com/graphql/graphql-js#version-support
 WARN  deprecated express-graphql@0.6.12: This package is no longer maintained. We recommend using `graphql-http` instead. Please consult the migration document https://github.com/graphql/graphql-http#migrating-express-grpahql.
 WARN  deprecated rimraf@2.7.1: Rimraf versions prior to v4 are no longer supported
 WARN  deprecated axios@0.16.2: Critical security vulnerability fixed in v0.21.1. For more information, see https://github.com/axios/axios/pull/3410
 WARN  deprecated babel-eslint@7.2.3: babel-eslint is now @babel/eslint-parser. This package will no longer receive updates.
 WARN  deprecated extract-text-webpack-plugin@3.0.2: Deprecated. Please use https://github.com/webpack-contrib/mini-css-extract-plugin
 WARN  deprecated html-webpack-plugin@2.30.1: out of support
Progress: resolved 78, reused 0, downloaded 0, added 0
 WARN  deprecated react-router-redux@5.0.0-alpha.9: This project is no longer maintained.
 WARN  deprecated supertest@3.4.2: Please upgrade to supertest v7.1.3+, see release notes at https://github.com/forwardemail/supertest/releases/tag/v7.1.3 - maintenance is supported by Forward Email @ https://forwardemail.net
Progress: resolved 106, reused 0, downloaded 0, added 0
Progress: resolved 180, reused 0, downloaded 0, added 0
Progress: resolved 337, reused 0, downloaded 0, added 0
Progress: resolved 493, reused 0, downloaded 0, added 0
Progress: resolved 609, reused 0, downloaded 0, added 0
Progress: resolved 680, reused 0, downloaded 0, added 0
Progress: resolved 832, reused 0, downloaded 0, added 0
Progress: resolved 911, reused 0, downloaded 0, added 0
 WARN  GET https://registry.npmjs.org/extend-shallow error (ECONNRESET). Will retry in 10 seconds. 2 retries left.
Progress: resolved 1104, reused 0, downloaded 0, added 0
Progress: resolved 1261, reused 0, downloaded 0, added 0
Progress: resolved 1331, reused 0, downloaded 0, added 0
Progress: resolved 1434, reused 0, downloaded 0, added 0
Progress: resolved 1555, reused 0, downloaded 0, added 0
Progress: resolved 1712, reused 0, downloaded 0, added 0
Progress: resolved 1811, reused 0, downloaded 0, added 0
Progress: resolved 1813, reused 0, downloaded 0, added 0
Progress: resolved 1814, reused 0, downloaded 0, added 0
 WARN  64 deprecated subdependencies found: abab@1.0.4, abab@2.0.6, acorn-dynamic-import@2.0.2, are-we-there-yet@1.1.7, bfj-node4@5.3.1, browserslist@1.7.7, browserslist@2.11.3, bson@1.0.9, circular-json@0.3.3, clone-buffer@1.0.0, copy-concurrently@1.0.5, core-js@1.2.7, core-js@2.6.12, debug@4.1.1, domexception@1.0.1, flatten@1.0.3, formidable@1.2.6, fs-write-stream-atomic@1.0.10, fsevents@1.2.13, fstream@1.0.12, gauge@2.7.4, glob@5.0.15, glob@6.0.4, glob@7.1.7, glob@7.2.3, gulp-util@3.0.8, har-validator@5.1.5, inflight@1.0.6, left-pad@1.3.0, lodash.get@3.7.0, lodash.get@4.4.2, lodash.isequal@4.5.0, lodash.pick@4.4.0, lodash.template@3.6.2, mkdirp@0.5.1, move-concurrently@1.0.1, mpromise@0.5.5, muri@1.3.0, npmlog@4.1.2, osenv@0.1.5, path-dirname@1.0.2, phin@3.7.1, q@1.5.1, request-promise-native@1.0.9, request@2.88.2, resolve-url@0.2.1, rimraf@2.4.5, rimraf@2.6.3, sane@2.5.2, sliced@0.0.5, sliced@1.0.1, source-map-resolve@0.5.3, source-map-url@0.4.1, stable@0.1.8, superagent@3.8.3, svgo@0.7.2, svgo@1.3.2, tar@2.2.2, trim@0.0.1, urix@0.1.0, uuid@2.0.3, uuid@3.4.0, w3c-hr-time@1.0.2, whatwg-encoding@1.0.5

devDependencies: skipped

 WARN  Issues with peer dependencies found
.
├─┬ nunjucks 3.2.4
│ └── ✕ unmet peer chokidar@^3.3.0: found 1.7.0
├─┬ react-codemirror 1.0.0
│ ├── ✕ unmet peer react@">=15.5 <16": found 16.14.0
│ └── ✕ unmet peer react-dom@">=15.5 <16": found 16.14.0
├─┬ react-rte 0.15.0
│ ├── ✕ unmet peer react@"0.14.x || 15.x.x": found 16.14.0
│ └── ✕ unmet peer react-dom@"0.14.x || 15.x.x": found 16.14.0
└─┬ redux-thunk 2.4.2
  └── ✕ unmet peer redux@^4: found 3.7.2

Packages: +1005
++++++++++++++++++++++++++++++++++++++++++++++++++++++++++++++++++++++++++++++++
Progress: resolved 1860, reused 875, downloaded 23, added 951
Progress: resolved 1860, reused 875, downloaded 55, added 1004
Progress: resolved 1860, reused 875, downloaded 56, added 1005, done
Done in 22.2s using pnpm v9.15.9
