$ corepack pnpm@9.15.9 install --prod --no-frozen-lockfile --reporter=append-only --config.node-linker=hoisted --ignore-workspace --ignore-scripts
Progress: resolved 1, reused 0, downloaded 0, added 0
 WARN  deprecated boom@7.3.0: This module has moved and is now available at @hapi/boom. Please update your dependencies as this version is no longer maintained an may contain bugs and security issues.
 WARN  deprecated glob@7.2.3: Old versions of glob are not supported, and contain widely publicized security vulnerabilities, which have been fixed in the current version. Please update. Support for old versions may be purchased (at exorbitant rates) by contacting i@izs.me
 WARN  deprecated koa-router@7.4.0: Please use @koa/router instead, starting from v9! 
 WARN  deprecated rimraf@2.7.1: Rimraf versions prior to v4 are no longer supported
Progress: resolved 39, reused 0, downloaded 0, added 0
Progress: resolved 134, reused 0, downloaded 0, added 0
Progress: resolved 228, reused 0, downloaded 0, added 0
Progress: resolved 346, reused 0, downloaded 0, added 0
Progress: resolved 414, reused 0, downloaded 0, added 0
Progress: resolved 415, reused 0, downloaded 0, added 0
 WARN  13 deprecated subdependencies found: @babel/polyfill@7.12.1, core-js@2.6.12, debug@4.1.1, formidable@1.2.6, fsevents@1.2.13, hoek@6.1.3, inflight@1.0.6, path-dirname@1.0.2, resolve-url@0.2.1, source-map-resolve@0.5.3, source-map-url@0.4.1, urix@0.1.0, uuid@3.4.0

devDependencies: skipped

Packages: +438
++++++++++++++++++++++++++++++++++++++++++++++++++++++++++++++++++++++++++++++++
Progress: resolved 418, reused 8, downloaded 0, added 0
Progress: resolved 418, reused 341, downloaded 65, added 430
Progress: resolved 418, reused 341, downloaded 72, added 437
Progress: resolved 418, reused 341, downloaded 73, added 438, done
Done in 9.7s using pnpm v9.15.9
