$ corepack pnpm@9.15.9 install --prod --no-frozen-lockfile --reporter=append-only --config.node-linker=hoisted --ignore-workspace --ignore-scripts
Progress: resolved 1, reused 0, downloaded 0, added 0
 WARN  deprecated eslint@4.19.1: This version is no longer supported. Please see https://eslint.org/version-support for other options.
 WARN  deprecated babel-preset-es2015@6.24.1: 🙌  Thanks for using Babel: we recommend using babel-preset-env now: please read https://babeljs.io/env to update!
 WARN  deprecated eslint-loader@1.9.0: This loader has been deprecated. Please use eslint-webpack-plugin
 WARN  deprecated extract-text-webpack-plugin@3.0.2: Deprecated. Please use https://github.com/webpack-contrib/mini-css-extract-plugin
 WARN  deprecated webdriverio@4.14.4: outdated version, please use @next
Progress: resolved 34, reused 0, downloaded 0, added 0
Progress: resolved 35, reused 0, downloaded 0, added 0
Progress: resolved 151, reused 0, downloaded 0, added 0
Progress: resolved 248, reused 0, downloaded 0, added 0
Progress: resolved 367, reused 0, downloaded 0, added 0
Progress: resolved 529, reused 0, downloaded 0, added 0
Progress: resolved 748, reused 0, downloaded 0, added 0
Progress: resolved 912, reused 0, downloaded 0, added 0
Progress: resolved 1067, reused 0, downloaded 0, added 0
Progress: resolved 1104, reused 0, downloaded 0, added 0
Progress: resolved 1105, reused 0, downloaded 0, added 0
 WARN  26 deprecated subdependencies found: acorn-dynamic-import@2.0.2, browserslist@1.7.7, circular-json@0.3.3, core-js@2.6.12, flatten@1.0.3, fsevents@1.2.13, glob@5.0.15, glob@7.1.7, glob@7.2.3, har-validator@5.1.5, inflight@1.0.6, istanbul@0.4.5, json3@3.3.2, log4js@0.6.38, path-dirname@1.0.2, q@1.5.1, request@2.88.0, request@2.88.2, resolve-url@0.2.1, rimraf@2.6.3, rimraf@2.7.1, source-map-resolve@0.5.3, source-map-url@0.4.1, svgo@0.7.2, urix@0.1.0, uuid@3.4.0

devDependencies: skipped

Packages: +34
++++++++++++++++++++++++++++++++++
Progress: resolved 1105, reused 30, downloaded 4, added 34, done
Done in 14.7s using pnpm v9.15.9
