$ corepack pnpm@9.15.9 install --prod --no-frozen-lockfile --reporter=append-only --config.node-linker=hoisted --ignore-workspace --ignore-scripts
Progress: resolved 1, reused 0, downloaded 0, added 0
 WARN  deprecated eslint@4.5.0: This version is no longer supported. Please see https://eslint.org/version-support for other options.
 WARN  deprecated istanbul@0.4.5: This module is no longer maintained, try this instead:
  npm i nyc
Visit https://istanbul.js.org/integrations for other alternatives.
 WARN  deprecated rimraf@2.6.1: Rimraf versions prior to v4 are no longer supported
 WARN  deprecated uuid@3.4.0: uuid@10 and below is no longer supported.  For ESM codebases, update to uuid@latest.  For CommonJS codebases, use uuid@11 (but be aware this version will likely be deprecated in 2028).
 WARN  deprecated sinon@2.4.1: 16.1.1
Progress: resolved 27, reused 0, downloaded 0, added 0
Progress: resolved 135, reused 0, downloaded 0, added 0
Progress: resolved 218, reused 0, downloaded 0, added 0
Progress: resolved 317, reused 0, downloaded 0, added 0
Progress: resolved 447, reused 0, downloaded 0, added 0
Progress: resolved 537, reused 0, downloaded 0, added 0
Progress: resolved 653, reused 0, downloaded 0, added 0
Progress: resolved 755, reused 0, downloaded 0, added 0
Progress: resolved 761, reused 0, downloaded 0, added 0
Progress: resolved 762, reused 0, downloaded 0, added 0
Progress: resolved 763, reused 0, downloaded 0, added 0
 WARN  25 deprecated subdependencies found: @semantic-release/condition-travis@7.1.4, are-we-there-yet@1.1.7, circular-json@0.3.3, core-js@2.6.12, formatio@1.2.0, gauge@2.7.4, github@13.1.1, glob@5.0.15, glob@6.0.4, glob@7.1.2, glob@7.2.3, har-validator@5.1.5, inflight@1.0.6, mkdirp@0.5.1, npm-registry-client@8.6.0, npmlog@4.1.2, osenv@0.1.5, q@1.5.1, request@2.88.2, rimraf@2.2.8, rimraf@2.4.5, rimraf@2.6.3, samsam@1.3.0, text-encoding@0.6.4, travis-deploy-once@4.4.1

devDependencies: skipped

 WARN  Issues with peer dependencies found
.
└─┬ mocha-junit-reporter 1.13.0
  └── ✕ unmet peer mocha@"^3 || ^2.2.5": found 5.2.0

Packages: +77
+++++++++++++++++++++++++++++++++++++++++++++++++++++++++++++++++++++++++++++
Progress: resolved 765, reused 77, downloaded 0, added 77, done
Done in 14.1s using pnpm v9.15.9
