$ corepack pnpm@9.15.9 install --prod --no-frozen-lockfile --reporter=append-only --config.node-linker=hoisted --ignore-workspace --ignore-scripts
Progress: resolved 1, reused 0, downloaded 0, added 0
 WARN  deprecated protons@1.2.1: This module is no longer maintained
 WARN  deprecated interface-connection@0.3.3: This is now part of the https://www.npmjs.com/package/libp2p-interfaces module
 WARN  deprecated multihashing-async@0.4.8: This module has been superseded by the multiformats module
Progress: resolved 54, reused 0, downloaded 0, added 0
Progress: resolved 178, reused 0, downloaded 0, added 0
Progress: resolved 363, reused 1, downloaded 0, added 0
Progress: resolved 371, reused 1, downloaded 0, added 0
Progress: resolved 371, reused 1, downloaded 1, added 0
Progress: resolved 632, reused 1, downloaded 1, added 0
Progress: resolved 996, reused 1, downloaded 1, added 0
Progress: resolved 1254, reused 1, downloaded 1, added 0
 WARN  70 deprecated subdependencies found: acorn-dynamic-import@2.0.2, argv@0.0.2, babel-preset-es2015@6.24.1, boom@2.10.1, circular-json@0.3.3, clone-buffer@1.0.0, conventional-changelog-atom@0.2.8, conventional-changelog-codemirror@0.3.8, conventional-changelog-core@2.0.11, conventional-changelog-ember@0.3.12, conventional-changelog-eslint@1.0.9, conventional-changelog-express@0.3.6, conventional-changelog-jquery@0.1.0, conventional-changelog-jshint@0.3.8, core-js@1.2.7, core-js@2.6.12, cryptiles@2.0.5, eslint@3.19.0, fsevents@1.2.13, git-raw-commits@1.3.6, git-semver-tags@1.3.6, github@0.2.4, glob@3.1.21, glob@4.5.3, glob@5.0.15, glob@7.1.1, glob@7.2.3, graceful-fs@1.2.3, gulp-conventional-changelog@1.1.24, gulp-util@3.0.8, har-validator@2.0.6, har-validator@5.1.5, hawk@3.1.3, highlight.js@9.18.5, hoek@2.16.3, inflight@1.0.6, istanbul@0.4.5, json3@3.3.2, libp2p-crypto-secp256k1@0.2.3, lodash.isequal@4.5.0, lodash.template@3.6.2, lodash.template@4.18.1, log4js@0.6.38, minimatch@0.2.14, minimatch@2.0.10, mkdirp@0.5.1, multiaddr@3.1.0, multibase@0.7.0, multihashing-async@0.5.2, natives@1.1.6, node-uuid@1.4.8, path-dirname@1.0.2, plugin-log@0.1.0, q@1.5.1, radium-bootstrap-grid@0.1.8, raw-body@1.1.7, request@2.77.0, request@2.79.0, request@2.88.0, request@2.88.2, resolve-url@0.2.1, rimraf@2.6.3, rimraf@2.7.1, sntp@1.0.9, source-map-resolve@0.5.3, source-map-url@0.4.1, trim@0.0.1, uglify-js@2.8.14, urix@0.1.0, uuid@3.4.0

devDependencies: skipped

Packages: +111
++++++++++++++++++++++++++++++++++++++++++++++++++++++++++++++++++++++++++++++++
Progress: resolved 1354, reused 103, downloaded 5, added 108
Progress: resolved 1354, reused 103, downloaded 8, added 111, done
Done in 14.1s using pnpm v9.15.9
