$ corepack pnpm@9.15.9 install --prod --no-frozen-lockfile --reporter=append-only --config.node-linker=hoisted --ignore-workspace --ignore-scripts
 WARN  deprecated @mattiasbuelens/web-streams-polyfill@0.1.0-alpha.4: moved to web-streams-polyfill@2.0.0
Progress: resolved 1, reused 0, downloaded 0, added 0
 WARN  deprecated core-js@2.6.12: core-js@<3.23.3 is no longer maintained and not recommended for usage due to the number of issues. Because of the V8 engine whims, feature detection in old core-js versions could cause a slowdown up to 100x even if nothing is polyfilled. Some versions have web compatibility issues. Please, upgrade your dependencies to the actual version of core-js.
 WARN  deprecated grunt-contrib-uglify-es@3.3.0: deprecated
Progress: resolved 31, reused 0, downloaded 0, added 0
 WARN  deprecated istanbul@0.4.5: This module is no longer maintained, try this instead:
  npm i nyc
Visit https://istanbul.js.org/integrations for other alternatives.
 WARN  deprecated sinon@4.5.0: 16.1.1
 WARN  deprecated eslint@4.19.1: This version is no longer supported. Please see https://eslint.org/version-support for other options.
Progress: resolved 47, reused 0, downloaded 0, added 0
Packages are hard linked from the content-addressable store to the virtual store.
  Content-addressable store is at: /home/wenyuan/pkg-cache/pnpm/v3
  Virtual store is at:             node_modules/.pnpm
 WARN  The git-hosted package fetched from "https://codeload.github.com/openpgpjs/web-stream-tools/tar.gz/70e381a1684837f82a1657ebb95a064a810300fb" has to be built but the build scripts were ignored.
Progress: resolved 47, reused 0, downloaded 1, added 0
Progress: resolved 48, reused 0, downloaded 1, added 0
 WARN  The git-hosted package fetched from "https://codeload.github.com/openpgpjs/elliptic/tar.gz/3c323914344ab316036623e362db552d016366f9" has to be built but the build scripts were ignored.
Progress: resolved 48, reused 0, downloaded 2, added 0
 WARN  The git-hosted package fetched from "https://codeload.github.com/openpgpjs/compressjs/tar.gz/bfbb371a34d1750afa34bfa49156461acdab79a9" has to be built but the build scripts were ignored.
Progress: resolved 50, reused 0, downloaded 3, added 0
 WARN  The git-hosted package fetched from "git@github.com:openpgpjs/asmcrypto.git" has to be built but the build scripts were ignored.
Progress: resolved 55, reused 0, downloaded 4, added 0
Progress: resolved 180, reused 0, downloaded 4, added 0
Progress: resolved 302, reused 0, downloaded 4, added 0
Progress: resolved 427, reused 0, downloaded 4, added 0
Progress: resolved 571, reused 0, downloaded 4, added 0
Progress: resolved 721, reused 0, downloaded 4, added 0
Progress: resolved 852, reused 0, downloaded 4, added 0
Progress: resolved 947, reused 0, downloaded 4, added 0
Progress: resolved 948, reused 0, downloaded 4, added 0
Progress: resolved 965, reused 0, downloaded 4, added 0
Progress: resolved 966, reused 0, downloaded 4, added 0
Progress: resolved 967, reused 0, downloaded 4, added 0
 WARN  27 deprecated subdependencies found: @sinonjs/text-encoding@0.7.3, babel-preset-es2015@6.6.0, circular-json@0.3.3, core-js@1.2.7, fsevents@1.2.13, glob@5.0.15, glob@7.1.2, glob@7.1.7, glob@7.2.3, har-validator@5.1.5, http2@3.3.7, inflight@1.0.6, lodash.get@4.4.2, mkdirp@0.5.1, path-dirname@1.0.2, q@1.4.1, raw-body@1.1.7, request@2.88.2, resolve-url@0.2.1, rimraf@2.6.3, rimraf@2.7.1, samsam@1.3.0, source-map-resolve@0.5.3, source-map-url@0.4.1, uglify-es@3.3.9, urix@0.1.0, uuid@3.4.0

devDependencies: skipped

Packages: +33
+++++++++++++++++++++++++++++++++
Progress: resolved 968, reused 29, downloaded 4, added 33, done
Done in 40.6s using pnpm v9.15.9
