$ corepack pnpm@9.15.9 install --prod --no-frozen-lockfile --reporter=append-only --config.node-linker=hoisted --ignore-workspace --ignore-scripts
Progress: resolved 1, reused 0, downloaded 0, added 0
 WARN  deprecated rimraf@2.7.1: Rimraf versions prior to v4 are no longer supported
 WARN  deprecated tap@14.11.0: Versions of tap before v18 are no longer maintained. Please upgrade.
 WARN  deprecated standard-version@7.1.0: standard-version is deprecated. If you're a GitHub user, I recommend https://github.com/googleapis/release-please as an alternative.
 WARN  deprecated @npmcli/ci-detect@1.4.0: this package has been deprecated, use `ci-info` instead
 WARN  deprecated npmlog@4.1.2: This package is no longer supported.
Progress: resolved 97, reused 0, downloaded 0, added 0
Progress: resolved 224, reused 0, downloaded 0, added 0
Progress: resolved 420, reused 0, downloaded 0, added 0
Progress: resolved 664, reused 0, downloaded 0, added 0
 WARN  GET https://registry.npmjs.org/@babel%2Fhelper-string-parser error (ECONNRESET). Will retry in 10 seconds. 2 retries left.
Progress: resolved 671, reused 0, downloaded 0, added 0
Progress: resolved 672, reused 0, downloaded 0, added 0
 WARN  27 deprecated subdependencies found: @npmcli/move-file@1.1.2, are-we-there-yet@1.1.7, conventional-changelog-atom@2.0.8, conventional-changelog-codemirror@2.0.8, conventional-changelog-core@4.2.4, conventional-changelog-ember@2.0.9, conventional-changelog-eslint@3.0.9, conventional-changelog-express@2.0.6, conventional-changelog-jquery@3.0.11, conventional-changelog-jshint@2.0.9, eslint@6.8.0, gauge@2.7.4, git-raw-commits@2.0.0, git-raw-commits@2.0.11, git-semver-tags@3.0.1, git-semver-tags@4.1.1, glob@7.2.3, har-validator@5.1.5, inflight@1.0.6, lodash.template@4.18.1, q@1.5.1, request@2.88.2, rimraf@2.6.3, rimraf@3.0.2, stringify-package@1.0.1, tar@6.2.1, uuid@3.4.0

devDependencies: skipped

Packages: +73
+++++++++++++++++++++++++++++++++++++++++++++++++++++++++++++++++++++++++
Progress: resolved 672, reused 52, downloaded 19, added 73, done
Done in 16.1s using pnpm v9.15.9
