$ corepack pnpm@9.15.9 install --prod --no-frozen-lockfile --reporter=append-only --config.node-linker=hoisted --ignore-workspace --ignore-scripts
Progress: resolved 1, reused 0, downloaded 0, added 0
 WARN  deprecated eslint@7.22.0: This version is no longer supported. Please see https://eslint.org/version-support for other options.
 WARN  deprecated tar@6.2.1: Old versions of tar are not supported, and contain widely publicized security vulnerabilities, which have been fixed in the current version. Please update. Support for old versions may be purchased (at exorbitant rates) by contacting i@izs.me
 WARN  deprecated rimraf@3.0.2: Rimraf versions prior to v4 are no longer supported
Progress: resolved 43, reused 0, downloaded 0, added 0
Progress: resolved 45, reused 0, downloaded 0, added 0
Progress: resolved 46, reused 0, downloaded 0, added 0
Progress: resolved 47, reused 0, downloaded 0, added 0
Progress: resolved 48, reused 0, downloaded 0, added 0
Progress: resolved 49, reused 0, downloaded 0, added 0
Progress: resolved 54, reused 0, downloaded 0, added 0
Progress: resolved 145, reused 0, downloaded 0, added 0
Progress: resolved 266, reused 0, downloaded 0, added 0
Progress: resolved 287, reused 0, downloaded 0, added 0
Progress: resolved 388, reused 0, downloaded 0, added 0
Progress: resolved 457, reused 0, downloaded 0, added 0
Progress: resolved 563, reused 0, downloaded 0, added 0
Progress: resolved 685, reused 0, downloaded 0, added 0
Progress: resolved 691, reused 0, downloaded 0, added 0
 WARN  14 deprecated subdependencies found: @types/minipass@3.3.5, abab@2.0.6, domexception@2.0.1, glob@7.2.3, inflight@1.0.6, resolve-url@0.2.1, sane@4.1.0, source-map-resolve@0.5.3, source-map-url@0.4.1, urix@0.1.0, uuid@3.4.0, uuid@8.3.2, w3c-hr-time@1.0.2, whatwg-encoding@1.0.5

devDependencies: skipped

Packages: +227
++++++++++++++++++++++++++++++++++++++++++++++++++++++++++++++++++++++++++++++++
Progress: resolved 694, reused 184, downloaded 35, added 224
Progress: resolved 694, reused 184, downloaded 38, added 227, done
Done in 20.4s using pnpm v9.15.9
