$ corepack pnpm@9.15.9 install --prod --no-frozen-lockfile --reporter=append-only --config.node-linker=hoisted --ignore-workspace --ignore-scripts
 WARN  deprecated csurf@1.11.0: This package is archived and no longer maintained. For support, visit https://github.com/expressjs/express/discussions
Progress: resolved 1, reused 0, downloaded 0, added 0
 WARN  deprecated eslint@4.19.1: This version is no longer supported. Please see https://eslint.org/version-support for other options.
 WARN  deprecated grunt-chokidar@1.0.2: Package no longer supported. Contact Support at https://www.npmjs.com/support for more info.
 WARN  deprecated node-sass@4.11.0: Node Sass is no longer supported. Please use `sass` or `sass-embedded` instead.
 WARN  deprecated handlebars-registrar@1.5.2: WARNING: This project has been renamed to 'handlebars-wax'. Install that instead.
 WARN  deprecated rimraf@2.7.1: Rimraf versions prior to v4 are no longer supported
 WARN  deprecated axe-webdriverjs@2.3.0: deprecated
 WARN  deprecated rollup-plugin-json@3.1.0: This module has been deprecated and is no longer maintained. Please use @rollup/plugin-json.
 WARN  deprecated rollup-plugin-node-resolve@4.2.4: This package has been deprecated and is no longer maintained. Please use @rollup/plugin-node-resolve.
 WARN  deprecated pygmentize-bundled@2.3.0: no longer maintained
 WARN  deprecated rollup-plugin-babel@3.0.7: This package has been deprecated and is no longer maintained. Please use @rollup/plugin-babel.
 WARN  deprecated uglify-es@3.3.10: support for ECMAScript is superseded by `uglify-js` as of v3.13.0
 WARN  deprecated protractor-image-comparison@2.0.1: THIS PACKAGE IS NOT MAINTAINED ANYMORE DUE TO THE LACK OF ACTIVITY OF PROTRACTOR
Progress: resolved 76, reused 0, downloaded 0, added 0
 WARN  deprecated protractor@5.4.4: We have news to share - Protractor is deprecated and will reach end-of-life by Summer 2023. To learn more and find out about other options please refer to this post on the Angular blog. Thank you for using and contributing to Protractor. https://goo.gle/state-of-e2e-in-angular
Progress: resolved 287, reused 0, downloaded 0, added 0
Progress: resolved 406, reused 0, downloaded 0, added 0
Progress: resolved 539, reused 0, downloaded 0, added 0
Progress: resolved 733, reused 0, downloaded 0, added 0
Progress: resolved 925, reused 0, downloaded 0, added 0
Progress: resolved 1170, reused 0, downloaded 0, added 0
Progress: resolved 1435, reused 0, downloaded 0, added 0
Progress: resolved 1698, reused 0, downloaded 0, added 0
Progress: resolved 1857, reused 0, downloaded 0, added 0
Progress: resolved 1964, reused 0, downloaded 0, added 0
Progress: resolved 1981, reused 0, downloaded 0, added 0
 WARN  67 deprecated subdependencies found: @types/minimatch@6.0.0, @types/vfile-message@2.0.0, abab@2.0.6, are-we-there-yet@1.1.7, circular-json@0.3.3, clone-buffer@1.0.0, conventional-changelog-atom@2.0.8, conventional-changelog-codemirror@2.0.8, conventional-changelog-core@3.2.3, conventional-changelog-ember@2.0.9, conventional-changelog-eslint@3.0.9, conventional-changelog-express@2.0.6, conventional-changelog-jquery@3.0.11, conventional-changelog-jshint@2.0.9, copy-concurrently@1.0.5, core-js@2.6.12, date-format@2.1.0, debug@4.1.1, domexception@1.0.1, figgy-pudding@3.5.2, fs-write-stream-atomic@1.0.10, fsevents@1.2.13, fstream@1.0.12, gauge@2.7.4, git-raw-commits@2.0.0, git-semver-tags@2.0.3, glob@5.0.15, glob@7.1.2, glob@7.1.7, glob@7.2.3, har-validator@5.1.5, highlight.js@9.18.5, iltorb@2.4.5, inflight@1.0.6, left-pad@1.3.0, lodash.get@4.4.2, lodash.template@4.18.1, log4js@4.5.1, mkdirp@0.3.0, mkdirp@0.5.1, move-concurrently@1.0.1, natives@1.1.6, node-pre-gyp@0.10.3, npmlog@4.1.2, osenv@0.1.5, path-dirname@1.0.2, prebuild-install@5.3.6, q@1.4.1, q@1.5.1, raw-body@1.1.7, request-promise-native@1.0.9, request@2.88.2, resolve-url@0.2.1, rimraf@2.6.3, sane@4.1.0, source-map-resolve@0.5.3, source-map-url@0.4.1, sourcemap-codec@1.4.8, streamroller@1.0.6, tar@2.2.2, tar@4.4.19, trim@0.0.1, urix@0.1.0, uuid@3.3.2, uuid@3.4.0, w3c-hr-time@1.0.2, whatwg-encoding@1.0.5

devDependencies: skipped

Packages: +38
++++++++++++++++++++++++++++++++++++++
Progress: resolved 1982, reused 37, downloaded 1, added 38, done
Done in 13.1s using pnpm v9.15.9
