$ corepack pnpm@9.15.9 install --prod --no-frozen-lockfile --reporter=append-only --config.node-linker=hoisted --ignore-workspace --ignore-scripts
Progress: resolved 1, reused 0, downloaded 0, added 0
 WARN  deprecated eslint@4.19.1: This version is no longer supported. Please see https://eslint.org/version-support for other options.
Progress: resolved 20, reused 0, downloaded 0, added 0
Progress: resolved 67, reused 0, downloaded 0, added 0
Progress: resolved 177, reused 0, downloaded 0, added 0
Progress: resolved 390, reused 0, downloaded 0, added 0
Progress: resolved 507, reused 0, downloaded 0, added 0
Progress: resolved 601, reused 0, downloaded 0, added 0
Progress: resolved 746, reused 0, downloaded 0, added 0
Progress: resolved 904, reused 0, downloaded 0, added 0
 WARN  21 deprecated subdependencies found: @types/minimatch@6.0.0, babel-eslint@7.2.3, circular-json@0.3.3, circular-json@0.5.5, core-js@2.6.12, debug@3.2.6, glob@7.1.3, glob@7.2.3, inflight@1.0.6, koa-router@5.4.2, mkdirp@0.5.4, path-dirname@1.0.2, resolve-url@0.2.1, rimraf@2.6.3, rimraf@2.7.1, rimraf@3.0.2, scmp@2.1.0, source-map-resolve@0.5.3, source-map-url@0.4.1, urix@0.1.0, uuid@3.4.0

devDependencies: skipped

 WARN  Issues with peer dependencies found
.
└─┬ egg-bin 4.20.0
  └─┬ co-mocha 1.2.2
    └── ✕ unmet peer mocha@">=1.18 <6": found 6.2.3

Packages: +113
++++++++++++++++++++++++++++++++++++++++++++++++++++++++++++++++++++++++++++++++
Progress: resolved 1026, reused 107, downloaded 5, added 112
Progress: resolved 1026, reused 107, downloaded 6, added 113, done
Done in 9.6s using pnpm v9.15.9
