$ corepack pnpm@9.15.9 install --prod --no-frozen-lockfile --reporter=append-only --config.node-linker=hoisted --ignore-workspace --ignore-scripts
Progress: resolved 1, reused 0, downloaded 0, added 0
 WARN  deprecated text-encoding@0.7.0: no longer maintained
 WARN  deprecated babel-eslint@10.1.0: babel-eslint is now @babel/eslint-parser. This package will no longer receive updates.
 WARN  deprecated eslint@5.16.0: This version is no longer supported. Please see https://eslint.org/version-support for other options.
 WARN  deprecated tap@12.7.0: Versions of tap before v18 are no longer maintained. Please upgrade.
Progress: resolved 47, reused 0, downloaded 0, added 0
Progress: resolved 114, reused 0, downloaded 0, added 0
Progress: resolved 266, reused 0, downloaded 0, added 0
Progress: resolved 391, reused 0, downloaded 0, added 0
Progress: resolved 539, reused 0, downloaded 0, added 0
Progress: resolved 698, reused 0, downloaded 0, added 0
Progress: resolved 798, reused 0, downloaded 0, added 0
Progress: resolved 887, reused 0, downloaded 0, added 0
Progress: resolved 1001, reused 0, downloaded 0, added 0
Progress: resolved 1099, reused 0, downloaded 0, added 0
Progress: resolved 1213, reused 0, downloaded 0, added 0
Progress: resolved 1289, reused 0, downloaded 0, added 0
Progress: resolved 1342, reused 0, downloaded 0, added 0
Progress: resolved 1347, reused 0, downloaded 0, added 0
Progress: resolved 1349, reused 0, downloaded 0, added 0
 WARN  30 deprecated subdependencies found: @types/minimatch@6.0.0, audio-context@1.0.3, circular-json@0.3.3, copy-concurrently@1.0.5, core-js@2.3.0, eslint@3.19.0, figgy-pudding@3.5.2, fs-write-stream-atomic@1.0.10, fsevents@1.2.13, glob@5.0.15, glob@7.1.2, glob@7.2.3, har-validator@5.1.5, hull.js@0.2.10, inflight@1.0.6, mkdirp@0.5.1, move-concurrently@1.0.1, path-dirname@1.0.2, read-package-json@2.1.2, request@2.88.2, resolve-url@0.2.1, rimraf@2.6.3, rimraf@2.7.1, source-map-resolve@0.5.3, source-map-url@0.4.1, uglify-es@3.3.9, urix@0.1.0, uuid@3.4.0, uuid@8.3.2, whatwg-encoding@3.1.1

devDependencies: skipped

Packages: +493
++++++++++++++++++++++++++++++++++++++++++++++++++++++++++++++++++++++++++++++++
Progress: resolved 1350, reused 449, downloaded 19, added 479
Progress: resolved 1350, reused 449, downloaded 24, added 483
Progress: resolved 1350, reused 449, downloaded 25, added 484
Progress: resolved 1350, reused 449, downloaded 26, added 484
Progress: resolved 1350, reused 449, downloaded 26, added 493, done
Done in 28.3s using pnpm v9.15.9
