$ corepack pnpm@9.15.9 install --prod --no-frozen-lockfile --reporter=append-only --config.node-linker=hoisted --ignore-workspace --ignore-scripts
Progress: resolved 1, reused 0, downloaded 0, added 0
 WARN  deprecated bootstrap@3.4.1: This version of Bootstrap is no longer supported. Please upgrade to the latest version.
 WARN  deprecated superagent@3.8.3: Please upgrade to superagent v10.2.2+, see release notes at https://github.com/forwardemail/superagent/releases/tag/v10.2.2 - maintenance is supported by Forward Email @ https://forwardemail.net
 WARN  deprecated assets-webpack-plugin@3.10.0: This version should have more strictly enforced the change to versions of node >10.x.x
Progress: resolved 47, reused 0, downloaded 0, added 0
 WARN  deprecated babel-preset-es2015@6.24.1: 🙌  Thanks for using Babel: we recommend using babel-preset-env now: please read https://babeljs.io/env to update!
 WARN  deprecated glob@7.2.3: Old versions of glob are not supported, and contain widely publicized security vulnerabilities, which have been fixed in the current version. Please update. Support for old versions may be purchased (at exorbitant rates) by contacting i@izs.me
 WARN  deprecated eslint-loader@1.9.0: This loader has been deprecated. Please use eslint-webpack-plugin
 WARN  deprecated eslint@4.19.1: This version is no longer supported. Please see https://eslint.org/version-support for other options.
 WARN  deprecated extract-text-webpack-plugin@3.0.2: Deprecated. Please use https://github.com/webpack-contrib/mini-css-extract-plugin
 WARN  deprecated phantomjs-prebuilt@2.1.16: this package is now deprecated
Progress: resolved 77, reused 0, downloaded 0, added 0
Progress: resolved 80, reused 0, downloaded 0, added 0
Progress: resolved 125, reused 0, downloaded 0, added 0
Progress: resolved 199, reused 0, downloaded 0, added 0
Progress: resolved 295, reused 0, downloaded 0, added 0
Progress: resolved 412, reused 0, downloaded 0, added 0
Progress: resolved 476, reused 0, downloaded 0, added 0
Progress: resolved 580, reused 0, downloaded 0, added 0
Progress: resolved 651, reused 0, downloaded 0, added 0
Progress: resolved 772, reused 0, downloaded 0, added 0
Progress: resolved 888, reused 0, downloaded 0, added 0
Progress: resolved 1012, reused 0, downloaded 0, added 0
Progress: resolved 1146, reused 0, downloaded 0, added 0
Progress: resolved 1242, reused 0, downloaded 0, added 0
Progress: resolved 1345, reused 0, downloaded 0, added 0
Progress: resolved 1346, reused 0, downloaded 0, added 0
 WARN  39 deprecated subdependencies found: abab@1.0.4, acorn-dynamic-import@2.0.2, babel-eslint@7.2.3, boom@2.10.1, browserslist@1.7.7, circular-json@0.3.3, content-type-parser@1.0.2, core-js@1.2.7, core-js@2.6.12, cryptiles@2.0.5, flatten@1.0.3, formidable@1.2.6, fsevents@1.2.13, har-validator@4.2.1, har-validator@5.1.5, hawk@3.1.3, hoek@2.16.3, html-webpack-plugin@2.30.1, inflight@1.0.6, jquery@2.1.4, lodash.get@3.7.0, lodash.isequal@3.0.4, lodash.isequal@4.5.0, lodash.pick@4.4.0, path-dirname@1.0.2, q@1.5.1, request@2.81.0, request@2.88.2, resolve-url@0.2.1, rimraf@2.6.3, rimraf@2.7.1, sane@2.5.2, sntp@1.0.9, source-map-resolve@0.5.3, source-map-url@0.4.1, svgo@0.7.2, urix@0.1.0, uuid@3.4.0, whatwg-encoding@1.0.5

devDependencies: skipped

 WARN  Issues with peer dependencies found
.
├─┬ graylog-web-plugin 2.4.3
│ └─┬ reflux 0.2.13
│   └── ✕ unmet peer react@">=0.12.2 <0.15.0": found 15.7.0
└─┬ react-grid-layout 0.14.7
  ├─┬ react-draggable 2.2.6
  │ ├── ✕ unmet peer react@">= 16.3.0": found 15.7.0
  │ └── ✕ unmet peer react-dom@">= 16.3.0": found 15.7.0
  └─┬ react-resizable 1.11.1
    └─┬ react-draggable 4.7.2
      ├── ✕ unmet peer react@">= 16.3.0": found 15.7.0
      └── ✕ unmet peer react-dom@">= 16.3.0": found 15.7.0

Packages: +766
++++++++++++++++++++++++++++++++++++++++++++++++++++++++++++++++++++++++++++++++
Progress: resolved 1346, reused 529, downloaded 10, added 550
Progress: resolved 1346, reused 529, downloaded 22, added 562
Progress: resolved 1346, reused 529, downloaded 39, added 589
Progress: resolved 1346, reused 529, downloaded 57, added 609
Progress: resolved 1346, reused 529, downloaded 78, added 637
Progress: resolved 1346, reused 529, downloaded 110, added 672
Progress: resolved 1346, reused 529, downloaded 157, added 724
Progress: resolved 1346, reused 529, downloaded 188, added 761
Progress: resolved 1346, reused 529, downloaded 189, added 763
Progress: resolved 1346, reused 529, downloaded 190, added 763
Progress: resolved 1346, reused 529, downloaded 190, added 764
Progress: resolved 1346, reused 529, downloaded 191, added 764
Progress: resolved 1346, reused 529, downloaded 191, added 765
Progress: resolved 1346, reused 529, downloaded 192, added 765
Progress: resolved 1346, reused 529, downloaded 192, added 766, done
Done in 44.4s using pnpm v9.15.9
