$ corepack pnpm@9.15.9 install --prod --no-frozen-lockfile --reporter=append-only --config.node-linker=hoisted --ignore-workspace --ignore-scripts
Progress: resolved 1, reused 0, downloaded 0, added 0
 WARN  deprecated babel-eslint@10.1.0: babel-eslint is now @babel/eslint-parser. This package will no longer receive updates.
 WARN  deprecated eslint@5.16.0: This version is no longer supported. Please see https://eslint.org/version-support for other options.
 WARN  deprecated codecov@3.8.3: https://about.codecov.io/blog/codecov-uploader-deprecation-plan/
 WARN  deprecated rimraf@2.7.1: Rimraf versions prior to v4 are no longer supported
Progress: resolved 34, reused 0, downloaded 0, added 0
Progress: resolved 40, reused 0, downloaded 0, added 0
Progress: resolved 92, reused 0, downloaded 0, added 0
Progress: resolved 208, reused 0, downloaded 0, added 0
Progress: resolved 343, reused 0, downloaded 0, added 0
Progress: resolved 469, reused 0, downloaded 0, added 0
Progress: resolved 529, reused 0, downloaded 0, added 0
Progress: resolved 672, reused 0, downloaded 0, added 0
Progress: resolved 800, reused 0, downloaded 0, added 0
Progress: resolved 981, reused 0, downloaded 0, added 0
Progress: resolved 1064, reused 0, downloaded 0, added 0
Progress: resolved 1140, reused 0, downloaded 0, added 0
Progress: resolved 1293, reused 0, downloaded 0, added 0
Progress: resolved 1369, reused 0, downloaded 0, added 0
Progress: resolved 1370, reused 0, downloaded 0, added 0
 WARN  33 deprecated subdependencies found: @types/minimatch@6.0.0, abab@2.0.6, argv@0.0.2, copy-concurrently@1.0.5, core-js@1.2.7, core-js@2.6.12, domexception@1.0.1, figgy-pudding@3.5.2, fs-write-stream-atomic@1.0.10, fsevents@1.2.13, glob@7.2.3, har-validator@5.1.5, inflight@1.0.6, kleur@2.0.2, left-pad@1.3.0, move-concurrently@1.0.1, path-dirname@1.0.2, q@1.5.1, request-promise-native@1.0.9, request@2.88.2, resolve-url@0.2.1, rimraf@2.6.3, sane@2.5.2, source-map-resolve@0.5.3, source-map-url@0.4.1, stable@0.1.8, svgo@1.3.2, trim@0.0.1, urix@0.1.0, uuid@3.4.0, uuid@8.3.2, w3c-hr-time@1.0.2, whatwg-encoding@1.0.5
Progress: resolved 1375, reused 0, downloaded 0, added 0

devDependencies: skipped

Packages: +6
++++++
Progress: resolved 1375, reused 5, downloaded 1, added 6, done
Done in 16.7s using pnpm v9.15.9
