$ corepack pnpm@9.15.9 install --prod --no-frozen-lockfile --reporter=append-only --config.node-linker=hoisted --ignore-workspace --ignore-scripts
Progress: resolved 1, reused 0, downloaded 0, added 0
 WARN  deprecated node-sass@4.14.1: Node Sass is no longer supported. Please use `sass` or `sass-embedded` instead.
 WARN  deprecated puppeteer@1.20.0: < 24.15.0 is no longer supported
Progress: resolved 38, reused 0, downloaded 0, added 0
Progress: resolved 144, reused 0, downloaded 0, added 0
Progress: resolved 337, reused 0, downloaded 0, added 0
Progress: resolved 603, reused 0, downloaded 0, added 0
 WARN  GET https://registry.npmjs.org/graceful-fs error (ECONNRESET). Will retry in 10 seconds. 2 retries left.
Progress: resolved 816, reused 0, downloaded 0, added 0
Progress: resolved 977, reused 0, downloaded 0, added 0
Progress: resolved 1067, reused 0, downloaded 0, added 0
Progress: resolved 1180, reused 0, downloaded 0, added 0
Progress: resolved 1314, reused 0, downloaded 0, added 0
Progress: resolved 1459, reused 0, downloaded 0, added 0
Progress: resolved 1483, reused 0, downloaded 0, added 0
Progress: resolved 1484, reused 0, downloaded 0, added 0
 WARN  58 deprecated subdependencies found: @babel/plugin-proposal-class-properties@7.18.6, @babel/plugin-proposal-export-namespace-from@7.18.9, @babel/plugin-proposal-json-strings@7.18.6, @babel/plugin-proposal-logical-assignment-operators@7.20.7, @babel/plugin-proposal-nullish-coalescing-operator@7.18.6, @babel/plugin-proposal-numeric-separator@7.18.6, @babel/plugin-proposal-optional-chaining@7.21.0, @babel/plugin-proposal-private-methods@7.18.6, @hapi/address@2.1.4, @hapi/bourne@1.3.2, @hapi/hoek@8.5.1, @hapi/joi@15.1.1, @hapi/topo@3.1.6, @types/minimatch@6.0.0, abab@2.0.6, are-we-there-yet@1.1.7, circular-json@0.3.3, clone-buffer@1.0.0, copy-concurrently@1.0.5, core-js@2.6.12, default-resolution@2.0.0, domexception@1.0.1, eslint@5.4.0, figgy-pudding@3.5.2, fs-write-stream-atomic@1.0.10, fsevents@1.2.13, fstream@1.0.12, gauge@2.7.4, glob@7.1.7, glob@7.2.3, gulp-util@3.0.8, har-validator@5.1.5, highlight.js@9.18.5, inflight@1.0.6, kleur@2.0.2, left-pad@1.3.0, lodash.template@3.6.2, move-concurrently@1.0.1, nomnom@1.5.2, npmlog@4.1.2, osenv@0.1.5, path-dirname@1.0.2, raw-body@1.1.7, request-promise-native@1.0.9, request@2.88.2, resolve-url@0.2.1, rimraf@2.6.3, rimraf@2.7.1, sane@2.5.2, source-map-resolve@0.5.3, source-map-url@0.4.1, tar@2.2.2, trim@0.0.1, urix@0.1.0, uuid@3.4.0, uuid@8.3.2, w3c-hr-time@1.0.2, whatwg-encoding@1.0.5

devDependencies: skipped

 WARN  Issues with peer dependencies found
.
├─┬ dagre-d3-renderer 0.5.8
│ └── ✕ unmet peer d3@^4.13.0: found 5.16.0
└─┬ css-to-string-loader 0.1.3
  └── ✕ unmet peer css-loader@">=0.25.0 <1.0.0": found 2.1.1

Packages: +673
++++++++++++++++++++++++++++++++++++++++++++++++++++++++++++++++++++++++++++++++
Progress: resolved 1636, reused 562, downloaded 11, added 39
Progress: resolved 1636, reused 562, downloaded 90, added 672
Progress: resolved 1636, reused 562, downloaded 91, added 673, done
Done in 17.3s using pnpm v9.15.9
