$ corepack pnpm@9.15.9 install --prod --no-frozen-lockfile --reporter=append-only --config.node-linker=hoisted --ignore-workspace --ignore-scripts
Progress: resolved 1, reused 0, downloaded 0, added 0
 WARN  deprecated babel-eslint@10.1.0: babel-eslint is now @babel/eslint-parser. This package will no longer receive updates.
 WARN  deprecated eslint@6.8.0: This version is no longer supported. Please see https://eslint.org/version-support for other options.
 WARN  deprecated precss@4.0.0: Package no longer supported. Contact Support at https://www.npmjs.com/support for more info.
Progress: resolved 30, reused 0, downloaded 0, added 0
 WARN  deprecated sinon@7.5.0: 16.1.1
 WARN  deprecated rimraf@3.0.2: Rimraf versions prior to v4 are no longer supported
Progress: resolved 45, reused 0, downloaded 0, added 0
Progress: resolved 46, reused 0, downloaded 0, added 0
Progress: resolved 48, reused 0, downloaded 0, added 0
Progress: resolved 49, reused 0, downloaded 0, added 0
Progress: resolved 84, reused 0, downloaded 0, added 0
Progress: resolved 168, reused 0, downloaded 0, added 0
Progress: resolved 256, reused 0, downloaded 0, added 0
Progress: resolved 380, reused 0, downloaded 0, added 0
Progress: resolved 537, reused 0, downloaded 0, added 0
Progress: resolved 713, reused 0, downloaded 0, added 0
Progress: resolved 768, reused 0, downloaded 0, added 0
Progress: resolved 822, reused 0, downloaded 0, added 0
Progress: resolved 1009, reused 0, downloaded 0, added 0
Progress: resolved 1094, reused 0, downloaded 0, added 0
Progress: resolved 1141, reused 0, downloaded 0, added 0
Progress: resolved 1267, reused 0, downloaded 0, added 0
Progress: resolved 1358, reused 0, downloaded 0, added 0
Progress: resolved 1468, reused 0, downloaded 0, added 0
Progress: resolved 1491, reused 0, downloaded 0, added 0
Progress: resolved 1530, reused 0, downloaded 0, added 0
Progress: resolved 1531, reused 0, downloaded 0, added 0
Progress: resolved 1532, reused 0, downloaded 0, added 0
 WARN  44 deprecated subdependencies found: @babel/plugin-proposal-class-properties@7.18.6, @babel/plugin-proposal-object-rest-spread@7.20.7, @sinonjs/text-encoding@0.7.3, @storybook/api@5.3.21, abab@2.0.6, airbnb-prop-types@2.16.0, are-we-there-yet@1.1.7, copy-concurrently@1.0.5, core-js@2.6.12, debug@3.2.6, domexception@1.0.1, figgy-pudding@3.5.2, flatten@1.0.3, fs-write-stream-atomic@1.0.10, fsevents@1.2.13, gauge@2.7.4, glob@7.1.3, glob@7.2.3, har-validator@5.1.5, highlight.js@9.13.1, highlight.js@9.18.5, inflight@1.0.6, lodash.isequal@4.5.0, mkdirp@0.5.4, move-concurrently@1.0.1, npmlog@4.1.2, path-dirname@1.0.2, popper.js@1.16.1, q@1.5.1, request-promise-native@1.0.9, request@2.88.2, resolve-url@0.2.1, rimraf@2.6.3, rimraf@2.7.1, source-map-resolve@0.5.3, source-map-url@0.4.1, stable@0.1.8, svgo@1.3.2, telejson@3.3.0, urix@0.1.0, uuid@3.4.0, w3c-hr-time@1.0.2, whatwg-encoding@1.0.5, whatwg-encoding@3.1.1

devDependencies: skipped

 WARN  Issues with peer dependencies found
.
└─┬ react-addons-test-utils 15.6.2
  └── ✕ unmet peer react-dom@^15.4.2: found 16.14.0

Packages: +31
+++++++++++++++++++++++++++++++
Progress: resolved 1552, reused 24, downloaded 7, added 31, done
Done in 30.8s using pnpm v9.15.9
