$ corepack pnpm@9.15.9 install --prod --no-frozen-lockfile --reporter=append-only --config.node-linker=hoisted --ignore-workspace --ignore-scripts
 WARN  deprecated bcrypt-nodejs@0.0.3: bcrypt-nodejs is no longer actively maintained. Please use bcrypt or bcryptjs. See https://github.com/kelektiv/node.bcrypt.js/wiki/bcrypt-vs-brypt.js to learn more about these two options
Progress: resolved 1, reused 0, downloaded 0, added 0
 WARN  deprecated gulp-util@3.0.8: gulp-util is deprecated - replace it, following the guidelines at https://medium.com/gulpjs/gulp-util-ca3b1f9f9ac5
 WARN  deprecated superagent@0.18.2: Please upgrade to superagent v10.2.2+, see release notes at https://github.com/forwardemail/superagent/releases/tag/v10.2.2 - maintenance is supported by Forward Email @ https://forwardemail.net
Progress: resolved 118, reused 0, downloaded 0, added 0
Progress: resolved 239, reused 0, downloaded 0, added 0
Progress: resolved 403, reused 0, downloaded 0, added 0
Progress: resolved 563, reused 0, downloaded 0, added 0
Packages are hard linked from the content-addressable store to the virtual store.
  Content-addressable store is at: /home/wenyuan/pkg-cache/pnpm/v3
  Virtual store is at:             node_modules/.pnpm
 WARN  The git-hosted package fetched from "https://codeload.github.com/RedVentures/reduce/tar.gz/6df9f93219a702f1511a3114fa1f3867040fd5b0" has to be built but the build scripts were ignored.
Progress: resolved 703, reused 0, downloaded 1, added 0
Progress: resolved 704, reused 0, downloaded 1, added 0
Progress: resolved 704, reused 0, downloaded 2, added 0
 WARN  37 deprecated subdependencies found: boom@2.10.1, connect@2.7.11, cryptiles@2.0.5, formidable@1.0.14, fsevents@1.2.13, glob@3.1.21, glob@3.2.11, glob@4.5.3, glob@7.2.3, graceful-fs@1.2.3, graceful-fs@2.0.3, har-validator@4.2.1, hawk@3.1.3, highlight.js@8.9.1, hoek@2.16.3, inflight@1.0.6, lodash.clone@4.5.0, lodash.pick@4.4.0, lodash.template@3.6.2, minimatch@0.2.14, minimatch@0.3.0, minimatch@2.0.10, mkdirp@0.3.5, natives@1.1.6, path-dirname@1.0.2, q@1.0.1, querystring@0.2.0, querystring@0.2.1, react-tools@0.11.2, request@2.81.0, resolve-url@0.2.1, sntp@1.0.9, source-map-resolve@0.5.3, source-map-url@0.4.1, superagent@0.15.7, urix@0.1.0, uuid@3.4.0

devDependencies: skipped

Packages: +465
++++++++++++++++++++++++++++++++++++++++++++++++++++++++++++++++++++++++++++++++
Progress: resolved 710, reused 346, downloaded 75, added 461
Progress: resolved 710, reused 346, downloaded 78, added 465, done
Done in 11.2s using pnpm v9.15.9
