$ corepack pnpm@9.15.9 install --prod --no-frozen-lockfile --reporter=append-only --config.node-linker=hoisted --ignore-workspace --ignore-scripts
Progress: resolved 1, reused 0, downloaded 0, added 0
 WARN  deprecated core-js@2.6.5: core-js@<3.23.3 is no longer maintained and not recommended for usage due to the number of issues. Because of the V8 engine whims, feature detection in old core-js versions could cause a slowdown up to 100x even if nothing is polyfilled. Some versions have web compatibility issues. Please, upgrade your dependencies to the actual version of core-js.
 WARN  deprecated q@1.5.1: You or someone you depend on is using Q, the JavaScript Promise library that gave JavaScript developers strong feelings about promises. They can almost certainly migrate to the native JavaScript promise now. Thank you literally everyone for joining me in this bet against the odds. Be excellent to each other.

(For a CapTP with native promises, see @endo/eventual-send and @endo/captp)
 WARN  deprecated sinon@2.3.7: 16.1.1
Progress: resolved 69, reused 0, downloaded 0, added 0
Progress: resolved 239, reused 0, downloaded 0, added 0
Progress: resolved 360, reused 0, downloaded 0, added 0
Progress: resolved 541, reused 0, downloaded 0, added 0
Progress: resolved 691, reused 0, downloaded 0, added 0
 WARN  44 deprecated subdependencies found: abab@2.0.6, date-format@2.1.0, domexception@1.0.1, eslint@5.16.0, formatio@1.1.1, formatio@1.2.0, fsevents@1.2.13, fstream@1.0.12, glob@3.2.11, glob@4.5.3, glob@5.0.15, glob@7.0.6, glob@7.1.7, glob@7.2.3, har-validator@5.1.5, inflight@1.0.6, jade@0.26.3, log4js@4.5.1, minimatch@0.3.0, minimatch@2.0.10, mkdirp@0.3.0, mkdirp@0.5.1, nomnom@1.8.1, osenv@0.1.5, path-dirname@1.0.2, raw-body@1.1.7, request-promise-native@1.0.9, request@2.12.0, request@2.88.2, resolve-url@0.2.1, rimraf@2.6.3, rimraf@2.7.1, samsam@1.1.2, samsam@1.3.0, sinon@1.17.7, source-map-resolve@0.5.3, source-map-url@0.4.1, streamroller@1.0.6, text-encoding@0.6.4, to-iso-string@0.0.2, urix@0.1.0, uuid@3.4.0, w3c-hr-time@1.0.2, whatwg-encoding@1.0.5

devDependencies: skipped

 WARN  Issues with peer dependencies found
.
└─┬ grunt-karma 3.0.1
  └── ✕ unmet peer karma@^3.0.0: found 4.0.1

Already up to date
Progress: resolved 746, reused 0, downloaded 0, added 0, done
Done in 5.5s using pnpm v9.15.9
