$ corepack pnpm@9.15.9 install --prod --no-frozen-lockfile --reporter=append-only --config.node-linker=hoisted --ignore-workspace --ignore-scripts
Progress: resolved 1, reused 0, downloaded 0, added 0
 WARN  deprecated rimraf@3.0.2: Rimraf versions prior to v4 are no longer supported
Progress: resolved 27, reused 0, downloaded 0, added 0
 WARN  deprecated glob@7.2.3: Old versions of glob are not supported, and contain widely publicized security vulnerabilities, which have been fixed in the current version. Please update. Support for old versions may be purchased (at exorbitant rates) by contacting i@izs.me
Progress: resolved 56, reused 0, downloaded 0, added 0
Progress: resolved 169, reused 0, downloaded 0, added 0
Progress: resolved 278, reused 0, downloaded 0, added 0
Progress: resolved 360, reused 0, downloaded 0, added 0
 WARN  10 deprecated subdependencies found: inflight@1.0.6, q@1.5.1, resolve-url@0.2.1, source-map-resolve@0.5.3, source-map-resolve@0.6.0, source-map-url@0.4.1, sourcemap-codec@1.4.8, stable@0.1.8, svgo@1.3.2, urix@0.1.0

devDependencies: skipped

Packages: +391
++++++++++++++++++++++++++++++++++++++++++++++++++++++++++++++++++++++++++++++++
Progress: resolved 394, reused 301, downloaded 5, added 292
Progress: resolved 394, reused 301, downloaded 72, added 371
Progress: resolved 394, reused 301, downloaded 78, added 381
Progress: resolved 394, reused 301, downloaded 79, added 384
Progress: resolved 394, reused 301, downloaded 80, added 389
Progress: resolved 394, reused 301, downloaded 81, added 390
Progress: resolved 394, reused 301, downloaded 82, added 390
Progress: resolved 394, reused 301, downloaded 82, added 391, done
Done in 22s using pnpm v9.15.9
