$ corepack pnpm@9.15.9 install --prod --no-frozen-lockfile --reporter=append-only --config.node-linker=hoisted --ignore-workspace --ignore-scripts
Progress: resolved 1, reused 0, downloaded 0, added 0
 WARN  deprecated gulp-util@3.0.8: gulp-util is deprecated - replace it, following the guidelines at https://medium.com/gulpjs/gulp-util-ca3b1f9f9ac5
 WARN  deprecated gulp-header@1.8.12: Removed event-stream from gulp-header
 WARN  deprecated github@14.0.0: 'github' has been renamed to '@octokit/rest' (https://git.io/vNB11)
Progress: resolved 89, reused 0, downloaded 0, added 0
Progress: resolved 265, reused 0, downloaded 0, added 0
Progress: resolved 429, reused 0, downloaded 0, added 0
Progress: resolved 661, reused 0, downloaded 0, added 0
 WARN  33 deprecated subdependencies found: boom@2.10.1, browserslist@2.11.3, clone-buffer@1.0.0, cryptiles@2.0.5, fsevents@1.2.13, glob@10.5.0, glob@3.1.21, glob@4.5.3, glob@5.0.15, glob@7.2.3, graceful-fs@1.2.3, gulp-util@2.2.20, har-validator@4.2.1, hawk@3.1.3, hoek@2.16.3, inflight@1.0.6, lodash.clone@4.5.0, lodash.pick@4.4.0, lodash.template@2.4.1, lodash.template@3.6.2, lodash.template@4.18.1, minimatch@0.2.14, minimatch@2.0.10, natives@1.1.6, path-dirname@1.0.2, request@2.81.0, resolve-url@0.2.1, rimraf@2.7.1, sntp@1.0.9, source-map-resolve@0.5.3, source-map-url@0.4.1, urix@0.1.0, uuid@3.4.0
Progress: resolved 673, reused 0, downloaded 0, added 0

devDependencies: skipped

 WARN  Issues with peer dependencies found
.
└─┬ gulp-debug 5.0.1
  └── ✕ unmet peer gulp@>=4: found 3.9.1

Packages: +691
++++++++++++++++++++++++++++++++++++++++++++++++++++++++++++++++++++++++++++++++
Progress: resolved 673, reused 564, downloaded 81, added 691, done
Done in 6.4s using pnpm v9.15.9
