$ corepack pnpm@9.15.9 install --prod --no-frozen-lockfile --reporter=append-only --config.node-linker=hoisted --ignore-workspace --ignore-scripts
Progress: resolved 1, reused 0, downloaded 0, added 0
 WARN  deprecated highlight.js@8.9.1: Version no longer supported. Upgrade to @latest
 WARN  deprecated glob@4.5.3: Old versions of glob are not supported, and contain widely publicized security vulnerabilities, which have been fixed in the current version. Please update. Support for old versions may be purchased (at exorbitant rates) by contacting i@izs.me
 WARN  deprecated nodeunit@0.8.8: you are strongly encouraged to use other testing options
Progress: resolved 57, reused 0, downloaded 0, added 0
Progress: resolved 196, reused 0, downloaded 0, added 0
Progress: resolved 270, reused 0, downloaded 0, added 0
Progress: resolved 320, reused 0, downloaded 0, added 0
Progress: resolved 327, reused 0, downloaded 0, added 0
Progress: resolved 328, reused 0, downloaded 0, added 0
Progress: resolved 351, reused 0, downloaded 0, added 0
Progress: resolved 369, reused 0, downloaded 0, added 0
Progress: resolved 372, reused 0, downloaded 0, added 0
Progress: resolved 383, reused 0, downloaded 0, added 0
Progress: resolved 384, reused 0, downloaded 0, added 0
 WARN  11 deprecated subdependencies found: coffee-script@1.3.3, glob@10.5.0, glob@3.1.21, glob@3.2.11, graceful-fs@1.2.3, inflight@1.0.6, minimatch@0.2.14, minimatch@0.3.0, minimatch@0.4.0, minimatch@2.0.10, rimraf@2.2.8

devDependencies: skipped

Already up to date
Progress: resolved 386, reused 0, downloaded 0, added 0, done
Done in 13.2s using pnpm v9.15.9
