$ corepack pnpm@9.15.9 install --prod --no-frozen-lockfile --reporter=append-only --config.node-linker=hoisted --ignore-workspace --ignore-scripts
Progress: resolved 1, reused 0, downloaded 0, added 0
 WARN  deprecated html-webpack-plugin@3.2.0: 3.x is no longer supported
Progress: resolved 65, reused 0, downloaded 0, added 0
 WARN  deprecated nsp@3.2.1: The Node Security Platform service is shutting down 9/30 - https://blog.npmjs.org/post/175511531085/the-node-security-platform-service-is-shutting
 WARN  deprecated rimraf@2.7.1: Rimraf versions prior to v4 are no longer supported
 WARN  deprecated request@2.88.2: request has been deprecated, see https://github.com/request/request/issues/3142
 WARN  deprecated eslint@4.19.1: This version is no longer supported. Please see https://eslint.org/version-support for other options.
 WARN  deprecated sinon@4.5.0: 16.1.1
 WARN  GET https://registry.npmjs.org/babel-plugin-transform-object-rest-spread error (ECONNRESET). Will retry in 10 seconds. 2 retries left.
Progress: resolved 94, reused 0, downloaded 0, added 0
Progress: resolved 95, reused 0, downloaded 0, added 0
Progress: resolved 164, reused 0, downloaded 0, added 0
Progress: resolved 305, reused 0, downloaded 0, added 0
Progress: resolved 467, reused 0, downloaded 0, added 0
Progress: resolved 616, reused 0, downloaded 0, added 0
Progress: resolved 748, reused 0, downloaded 0, added 0
Progress: resolved 903, reused 0, downloaded 0, added 0
Progress: resolved 1082, reused 0, downloaded 0, added 0
Progress: resolved 1247, reused 0, downloaded 0, added 0
Progress: resolved 1417, reused 0, downloaded 0, added 0
Progress: resolved 1557, reused 0, downloaded 0, added 0
Progress: resolved 1678, reused 0, downloaded 0, added 0
 WARN  39 deprecated subdependencies found: @sinonjs/text-encoding@0.7.3, @types/minimatch@6.0.0, @types/vfile-message@2.0.0, abab@1.0.4, babel-preset-es2015@6.24.1, boom@5.3.3, browserslist@1.7.7, circular-json@0.3.3, clone-buffer@1.0.0, content-type-parser@1.0.2, copy-concurrently@1.0.5, core-js@2.6.12, debug@4.1.1, figgy-pudding@3.5.2, flatten@1.0.3, fs-write-stream-atomic@1.0.10, fsevents@1.2.13, glob@10.5.0, glob@7.2.3, har-validator@5.1.5, hoek@4.3.1, inflight@1.0.6, lodash.get@4.4.2, move-concurrently@1.0.1, nomnom@1.8.1, path-dirname@1.0.2, q@1.5.1, resolve-url@0.2.1, rimraf@2.6.3, rimraf@3.0.2, samsam@1.3.0, source-map-resolve@0.5.3, source-map-url@0.4.1, svgo@0.7.2, trim@0.0.1, urix@0.1.0, uuid@3.4.0, whatwg-encoding@1.0.5, wreck@12.6.2

devDependencies: skipped

Packages: +423
++++++++++++++++++++++++++++++++++++++++++++++++++++++++++++++++++++++++++++++++
Progress: resolved 1686, reused 271, downloaded 26, added 307
Progress: resolved 1686, reused 271, downloaded 76, added 366
Progress: resolved 1686, reused 271, downloaded 102, added 403
Progress: resolved 1686, reused 271, downloaded 105, added 411
Progress: resolved 1686, reused 271, downloaded 107, added 413
Progress: resolved 1686, reused 271, downloaded 109, added 421
Progress: resolved 1686, reused 271, downloaded 110, added 421
Progress: resolved 1686, reused 271, downloaded 110, added 422
Progress: resolved 1686, reused 271, downloaded 111, added 423, done
Done in 35.9s using pnpm v9.15.9
