$ corepack pnpm@9.15.9 install --prod --no-frozen-lockfile --reporter=append-only --config.node-linker=hoisted --ignore-workspace --ignore-scripts
Progress: resolved 1, reused 0, downloaded 0, added 0
 WARN  deprecated babel-eslint@7.2.3: babel-eslint is now @babel/eslint-parser. This package will no longer receive updates.
 WARN  deprecated eslint@4.19.1: This version is no longer supported. Please see https://eslint.org/version-support for other options.
 WARN  deprecated rimraf@2.7.1: Rimraf versions prior to v4 are no longer supported
 WARN  deprecated jscs@3.0.7: JSCS has merged with ESLint! See - https://medium.com/@markelog/jscs-end-of-the-line-bc9bf0b3fdb2
 WARN  deprecated glob@7.2.3: Old versions of glob are not supported, and contain widely publicized security vulnerabilities, which have been fixed in the current version. Please update. Support for old versions may be purchased (at exorbitant rates) by contacting i@izs.me
Progress: resolved 41, reused 0, downloaded 0, added 0
Progress: resolved 127, reused 0, downloaded 0, added 0
Progress: resolved 200, reused 0, downloaded 0, added 0
Progress: resolved 293, reused 0, downloaded 0, added 0
Progress: resolved 427, reused 0, downloaded 0, added 0
Progress: resolved 509, reused 0, downloaded 0, added 0
Progress: resolved 829, reused 0, downloaded 0, added 0
 WARN  26 deprecated subdependencies found: abab@1.0.4, acorn-dynamic-import@2.0.2, circular-json@0.3.3, content-type-parser@1.0.2, core-js@2.6.12, exists-sync@0.0.3, fsevents@1.2.13, glob@5.0.15, har-validator@5.1.5, inflight@1.0.6, jscs-preset-wikimedia@1.0.1, nomnom@1.5.2, nomnom@1.8.1, path-dirname@1.0.2, q@1.5.1, request@2.88.2, resolve-url@0.2.1, rimraf@2.6.3, sane@1.6.0, sane@2.5.2, source-map-resolve@0.5.3, source-map-url@0.4.1, urix@0.1.0, uuid@2.0.3, uuid@3.4.0, whatwg-encoding@1.0.5

devDependencies: skipped

Packages: +4
++++
Progress: resolved 949, reused 4, downloaded 0, added 4, done
Done in 8.2s using pnpm v9.15.9
