$ corepack pnpm@9.15.9 install --prod --no-frozen-lockfile --reporter=append-only --config.node-linker=hoisted --ignore-workspace --ignore-scripts
Progress: resolved 1, reused 0, downloaded 0, added 0
 WARN  deprecated rimraf@2.7.1: Rimraf versions prior to v4 are no longer supported
Progress: resolved 24, reused 0, downloaded 0, added 0
Progress: resolved 25, reused 0, downloaded 0, added 0
Progress: resolved 121, reused 0, downloaded 0, added 0
Progress: resolved 206, reused 0, downloaded 0, added 0
Progress: resolved 307, reused 0, downloaded 0, added 0
Progress: resolved 449, reused 0, downloaded 0, added 0
Progress: resolved 568, reused 0, downloaded 0, added 0
Progress: resolved 707, reused 0, downloaded 0, added 0
Progress: resolved 802, reused 0, downloaded 0, added 0
Progress: resolved 974, reused 0, downloaded 0, added 0
Progress: resolved 1095, reused 0, downloaded 0, added 0
Progress: resolved 1220, reused 0, downloaded 0, added 0
Progress: resolved 1323, reused 0, downloaded 0, added 0
Progress: resolved 1463, reused 0, downloaded 0, added 0
Progress: resolved 1545, reused 0, downloaded 0, added 0
 WARN  41 deprecated subdependencies found: @babel/plugin-proposal-class-properties@7.18.6, @babel/plugin-proposal-nullish-coalescing-operator@7.18.6, @babel/plugin-proposal-optional-chaining@7.21.0, @babel/polyfill@7.12.1, @types/glob@9.0.0, abab@2.0.6, babel-eslint@10.1.0, babel-preset-babili@0.1.4, browserslist@1.7.7, copy-concurrently@1.0.5, core-js@2.6.12, domexception@1.0.1, eslint@6.8.0, figgy-pudding@3.5.2, flatten@1.0.3, fs-write-stream-atomic@1.0.10, fsevents@1.2.13, glob@11.1.0, glob@7.2.3, har-validator@5.1.5, inflight@1.0.6, left-pad@1.3.0, move-concurrently@1.0.1, path-dirname@1.0.2, q@1.5.1, request-promise-native@1.0.9, request@2.88.2, resolve-url@0.2.1, rimraf@2.6.3, rimraf@3.0.2, rollup-plugin-babel@4.4.0, rollup-plugin-terser@5.3.1, sane@4.1.0, source-map-resolve@0.5.3, source-map-url@0.4.1, sourcemap-codec@1.4.8, svgo@0.7.2, urix@0.1.0, uuid@3.4.0, w3c-hr-time@1.0.2, whatwg-encoding@1.0.5

devDependencies: skipped

Already up to date
Progress: resolved 1546, reused 0, downloaded 0, added 0, done
Done in 15.6s using pnpm v9.15.9
