$ corepack pnpm@9.15.9 install --prod --no-frozen-lockfile --reporter=append-only --config.node-linker=hoisted --ignore-workspace --ignore-scripts
Progress: resolved 1, reused 0, downloaded 0, added 0
 WARN  deprecated @babel/plugin-proposal-class-properties@7.10.4: This proposal has been merged to the ECMAScript standard and thus this plugin is no longer maintained. Please use @babel/plugin-transform-class-properties instead.
 WARN  deprecated @babel/plugin-proposal-export-namespace-from@7.10.4: This proposal has been merged to the ECMAScript standard and thus this plugin is no longer maintained. Please use @babel/plugin-transform-export-namespace-from instead.
 WARN  deprecated @babel/plugin-proposal-nullish-coalescing-operator@7.10.4: This proposal has been merged to the ECMAScript standard and thus this plugin is no longer maintained. Please use @babel/plugin-transform-nullish-coalescing-operator instead.
 WARN  deprecated @babel/plugin-proposal-numeric-separator@7.10.4: This proposal has been merged to the ECMAScript standard and thus this plugin is no longer maintained. Please use @babel/plugin-transform-numeric-separator instead.
 WARN  deprecated @babel/plugin-proposal-object-rest-spread@7.11.0: This proposal has been merged to the ECMAScript standard and thus this plugin is no longer maintained. Please use @babel/plugin-transform-object-rest-spread instead.
 WARN  deprecated @babel/plugin-proposal-optional-chaining@7.11.0: This proposal has been merged to the ECMAScript standard and thus this plugin is no longer maintained. Please use @babel/plugin-transform-optional-chaining instead.
 WARN  deprecated mkdirp@0.5.3: Legacy versions of mkdirp are no longer supported. Please update to mkdirp 1.x. (Note that the API surface has changed to use Promises in 1.x.)
Progress: resolved 83, reused 0, downloaded 0, added 0
 WARN  deprecated @types/path-to-regexp@1.7.0: This is a stub types definition for path-to-regexp (https://github.com/pillarjs/path-to-regexp). path-to-regexp provides its own type definitions, so you don't need @types/path-to-regexp installed!
 WARN  deprecated debug@4.1.1: Debug versions >=3.2.0 <3.2.7 || >=4 <4.3.1 have a low-severity ReDos regression when used in a Node.js environment. It is recommended you upgrade to 3.2.7 or 4.3.1. (https://github.com/visionmedia/debug/issues/797)
 WARN  deprecated amphtml-validator@1.0.33: Version no longer supported. Upgrade to 1.0.35.
 WARN  deprecated @types/dotenv@8.2.0: This is a stub types definition. dotenv provides its own type definitions, so you do not need this installed.
 WARN  deprecated @zeit/ncc@0.22.0: @zeit/ncc is no longer maintained. Please use @vercel/ncc instead.
Progress: resolved 153, reused 0, downloaded 0, added 0
Packages are hard linked from the content-addressable store to the virtual store.
  Content-addressable store is at: /home/wenyuan/pkg-cache/pnpm/v3
  Virtual store is at:             node_modules/.pnpm
 WARN  The git-hosted package fetched from "https://codeload.github.com/watson/ci-info/tar.gz/f43f6a1cefff47fb361c88cf4b943fdbcaafe540" has to be built but the build scripts were ignored.
Progress: resolved 177, reused 0, downloaded 1, added 0
Progress: resolved 238, reused 0, downloaded 1, added 0
Progress: resolved 357, reused 0, downloaded 1, added 0
Progress: resolved 390, reused 0, downloaded 1, added 0
Progress: resolved 503, reused 0, downloaded 1, added 0
Progress: resolved 676, reused 0, downloaded 1, added 0
Progress: resolved 902, reused 0, downloaded 1, added 0
Progress: resolved 927, reused 0, downloaded 1, added 0
 WARN  28 deprecated subdependencies found: @babel/plugin-proposal-async-generator-functions@7.20.7, @babel/plugin-proposal-dynamic-import@7.18.6, @babel/plugin-proposal-json-strings@7.18.6, @babel/plugin-proposal-logical-assignment-operators@7.20.7, @babel/plugin-proposal-optional-catch-binding@7.18.6, @babel/plugin-proposal-private-methods@7.18.6, @babel/plugin-proposal-unicode-property-regex@7.18.6, @npmcli/move-file@1.1.2, @types/mime@4.0.0, clor@5.2.0, copy-concurrently@1.0.5, figgy-pudding@3.5.2, flatten@1.0.3, fs-write-stream-atomic@1.0.10, fsevents@1.2.13, glob@7.2.3, inflight@1.0.6, move-concurrently@1.0.1, path-dirname@1.0.2, querystring@0.2.1, resolve-url@0.2.1, rimraf@2.7.1, rimraf@3.0.2, source-map-resolve@0.5.3, source-map-url@0.4.1, source-map@0.8.0-beta.0, tar@6.2.1, urix@0.1.0

devDependencies: skipped

Packages: +705
++++++++++++++++++++++++++++++++++++++++++++++++++++++++++++++++++++++++++++++++
Progress: resolved 928, reused 543, downloaded 35, added 609
Progress: resolved 928, reused 543, downloaded 96, added 693
Progress: resolved 928, reused 543, downloaded 101, added 703
Progress: resolved 928, reused 543, downloaded 102, added 704
Progress: resolved 928, reused 543, downloaded 103, added 704
Progress: resolved 928, reused 543, downloaded 103, added 705, done
Done in 16.6s using pnpm v9.15.9
