$ corepack pnpm@9.15.9 install --prod --no-frozen-lockfile --reporter=append-only --config.node-linker=hoisted --ignore-workspace --ignore-scripts
 WARN  deprecated bootstrap@4.2.1: This version of Bootstrap is no longer supported. Please upgrade to the latest version.
Progress: resolved 1, reused 0, downloaded 0, added 0
 WARN  deprecated @babel/polyfill@7.12.1: 🚨 This package has been deprecated in favor of separate inclusion of a polyfill and regenerator-runtime (when needed). See the @babel/polyfill docs (https://babeljs.io/docs/en/babel-polyfill) for more information.
 WARN  deprecated jquery@3.3.1: This version is deprecated. Please upgrade to the latest version or find support at https://www.herodevs.com/support/jquery-nes or https://tuxcare.com/lp/click-jquery-support/.
 WARN  deprecated highlight.js@9.18.5: Support has ended for 9.x series. Upgrade to @latest
 WARN  deprecated bootstrap-colorpicker@2.5.3: Package no longer supported. Contact Support at https://www.npmjs.com/support for more info.
 WARN  deprecated loglevel-message-prefix@3.0.0: Use @natlibfi/loglevel-message-prefix instead
 WARN  deprecated jsrsasign@8.0.12: This package is no longer maintained.
 WARN  deprecated crypto-js@3.3.0: Active development of CryptoJS has been discontinued. This library is no longer maintained.
Progress: resolved 43, reused 0, downloaded 0, added 0
 WARN  deprecated popper.js@1.16.1: You can find the new Popper v2 at @popperjs/core, this package is dedicated to the legacy v1
 WARN  deprecated xmldom@0.1.31: Deprecated due to CVE-2021-21366 resolved in 0.5.0
 WARN  deprecated babel-eslint@10.1.0: babel-eslint is now @babel/eslint-parser. This package will no longer receive updates.
 WARN  deprecated chromedriver@2.46.0: Chromedriver download url has changed. Use version 114.0.2 or newer.
 WARN  deprecated eslint@5.16.0: This version is no longer supported. Please see https://eslint.org/version-support for other options.
 WARN  deprecated html-webpack-plugin@3.2.0: 3.x is no longer supported
 WARN  deprecated node-sass@4.14.1: Node Sass is no longer supported. Please use `sass` or `sass-embedded` instead.
Progress: resolved 107, reused 0, downloaded 0, added 0
Progress: resolved 138, reused 0, downloaded 0, added 0
Progress: resolved 194, reused 0, downloaded 0, added 0
Progress: resolved 255, reused 0, downloaded 0, added 0
Progress: resolved 349, reused 0, downloaded 0, added 0
Progress: resolved 496, reused 0, downloaded 0, added 0
Progress: resolved 532, reused 0, downloaded 0, added 0
Progress: resolved 564, reused 0, downloaded 0, added 0
Progress: resolved 778, reused 0, downloaded 0, added 0
Progress: resolved 974, reused 0, downloaded 0, added 0
Progress: resolved 1042, reused 0, downloaded 0, added 0
Progress: resolved 1224, reused 0, downloaded 0, added 0
Progress: resolved 1414, reused 0, downloaded 0, added 0
Progress: resolved 1524, reused 0, downloaded 0, added 0
 WARN  45 deprecated subdependencies found: @types/minimatch@6.0.0, abab@2.0.6, are-we-there-yet@1.1.7, axios@0.18.1, copy-concurrently@1.0.5, core-js@2.6.12, debug@3.2.6, domexception@1.0.1, es6-polyfills@2.0.0, figgy-pudding@3.5.2, fs-write-stream-atomic@1.0.10, fsevents@1.2.13, fstream@1.0.12, gauge@2.7.4, glob@7.1.3, glob@7.1.7, glob@7.2.3, har-validator@5.1.5, inflight@1.0.6, left-pad@1.3.0, lodash.clone@3.0.3, mkdirp@0.5.1, mkdirp@0.5.4, move-concurrently@1.0.1, npmlog@4.1.2, osenv@0.1.5, path-dirname@1.0.2, phantomjs-prebuilt@2.1.16, phin@2.9.3, phin@3.7.1, raw-body@1.1.7, request-promise-native@1.0.9, request-promise@4.2.6, request@2.88.2, resolve-url@0.2.1, rimraf@2.6.3, rimraf@2.7.1, source-map-resolve@0.5.3, source-map-url@0.4.1, tar@2.2.2, urix@0.1.0, uuid@3.4.0, uuid@8.3.2, w3c-hr-time@1.0.2, whatwg-encoding@1.0.5

devDependencies: skipped

Packages: +347
++++++++++++++++++++++++++++++++++++++++++++++++++++++++++++++++++++++++++++++++
Progress: resolved 1529, reused 158, downloaded 7, added 155
Progress: resolved 1529, reused 158, downloaded 22, added 176
Progress: resolved 1529, reused 158, downloaded 51, added 207
Progress: resolved 1529, reused 158, downloaded 94, added 255
Progress: resolved 1529, reused 158, downloaded 120, added 294
Progress: resolved 1529, reused 158, downloaded 150, added 332
Progress: resolved 1529, reused 158, downloaded 157, added 341
Progress: resolved 1529, reused 158, downloaded 158, added 342
Progress: resolved 1529, reused 158, downloaded 159, added 345
Progress: resolved 1529, reused 158, downloaded 160, added 347, done
Done in 24.6s using pnpm v9.15.9
