$ corepack pnpm@9.15.9 install --prod --no-frozen-lockfile --reporter=append-only --config.node-linker=hoisted --ignore-workspace --ignore-scripts
Progress: resolved 1, reused 0, downloaded 0, added 0
 WARN  deprecated jose@3.20.4: this version is no longer supported
 WARN  deprecated eslint@7.32.0: This version is no longer supported. Please see https://eslint.org/version-support for other options.
Progress: resolved 27, reused 0, downloaded 0, added 0
Progress: resolved 30, reused 0, downloaded 0, added 0
Progress: resolved 32, reused 0, downloaded 0, added 0
Progress: resolved 69, reused 0, downloaded 0, added 0
Progress: resolved 196, reused 0, downloaded 0, added 0
Progress: resolved 274, reused 0, downloaded 0, added 0
Progress: resolved 452, reused 0, downloaded 0, added 0
Progress: resolved 714, reused 0, downloaded 0, added 0
 WARN  16 deprecated subdependencies found: @humanwhocodes/config-array@0.5.0, @humanwhocodes/object-schema@1.2.1, abab@2.0.6, domexception@2.0.1, glob@7.2.3, inflight@1.0.6, resolve-url@0.2.1, rimraf@3.0.2, sane@4.1.0, source-map-resolve@0.5.3, source-map-url@0.4.1, sparqljs@3.7.4, urix@0.1.0, uuid@8.3.2, w3c-hr-time@1.0.2, whatwg-encoding@1.0.5

devDependencies: skipped

Progress: resolved 792, reused 0, downloaded 0, added 0
Packages: +103
++++++++++++++++++++++++++++++++++++++++++++++++++++++++++++++++++++++++++++++++
Progress: resolved 792, reused 41, downloaded 59, added 100
Progress: resolved 792, reused 41, downloaded 62, added 103, done
Done in 10.7s using pnpm v9.15.9
