$ corepack pnpm@9.15.9 install --prod --no-frozen-lockfile --reporter=append-only --config.node-linker=hoisted --ignore-workspace --ignore-scripts
Progress: resolved 1, reused 0, downloaded 0, added 0
Progress: resolved 20, reused 0, downloaded 0, added 0
Progress: resolved 21, reused 0, downloaded 0, added 0
Progress: resolved 22, reused 0, downloaded 0, added 0
Progress: resolved 33, reused 0, downloaded 0, added 0
Progress: resolved 137, reused 0, downloaded 0, added 0
Progress: resolved 192, reused 0, downloaded 0, added 0
Progress: resolved 245, reused 0, downloaded 0, added 0
Progress: resolved 363, reused 0, downloaded 0, added 0
Progress: resolved 480, reused 0, downloaded 0, added 0
Progress: resolved 554, reused 0, downloaded 0, added 0
Progress: resolved 622, reused 0, downloaded 0, added 0
Progress: resolved 695, reused 0, downloaded 0, added 0
Progress: resolved 794, reused 0, downloaded 0, added 0
Progress: resolved 922, reused 0, downloaded 0, added 0
Progress: resolved 981, reused 0, downloaded 0, added 0
Progress: resolved 1057, reused 0, downloaded 0, added 0
Progress: resolved 1186, reused 0, downloaded 0, added 0
Progress: resolved 1338, reused 0, downloaded 0, added 0
Progress: resolved 1462, reused 0, downloaded 0, added 0
Progress: resolved 1562, reused 0, downloaded 0, added 0
Progress: resolved 1577, reused 0, downloaded 0, added 0
Progress: resolved 1579, reused 0, downloaded 0, added 0
 WARN  62 deprecated subdependencies found: abab@2.0.6, acorn-dynamic-import@2.0.2, airbnb-prop-types@2.16.0, axios@0.15.3, boom@2.10.1, browserslist@1.7.7, browserslist@2.11.3, buildmail@4.0.1, circular-json@0.5.9, copy-concurrently@1.0.5, core-js@2.6.12, cryptiles@2.0.5, date-format@1.2.0, domexception@1.0.1, extract-text-webpack-plugin@3.0.2, flatten@1.0.3, fs-write-stream-atomic@1.0.10, fsevents@1.2.13, glob@5.0.15, glob@7.1.2, glob@7.2.3, har-validator@2.0.6, har-validator@5.1.5, hawk@3.1.3, hoek@2.16.3, html-webpack-plugin@2.30.1, inflight@1.0.6, istanbul@0.4.5, karma-phantomjs-launcher@1.0.4, left-pad@1.3.0, lodash.isequal@4.5.0, log4js@2.11.0, mailcomposer@4.0.1, mailgun-js@0.18.1, mkdirp@0.5.1, move-concurrently@1.0.1, node-uuid@1.4.8, nodemailer@2.7.2, path-dirname@1.0.2, phantomjs-prebuilt@2.1.16, q@1.5.1, querystring@0.2.1, request-promise-native@1.0.9, request@2.75.0, request@2.88.2, resolve-url@0.2.1, rimraf@2.7.1, sane@2.5.2, sntp@1.0.9, socks@1.1.9, source-map-resolve@0.5.3, source-map-url@0.4.1, streamroller@0.7.0, svgo@0.7.2, uglify-es@3.3.9, urix@0.1.0, uuid@2.0.3, uuid@3.4.0, uws@9.14.0, w3c-hr-time@1.0.2, whatwg-encoding@1.0.5, whatwg-encoding@3.1.1

devDependencies: skipped

Packages: +87
++++++++++++++++++++++++++++++++++++++++++++++++++++++++++++++++++++++++++++++++
Progress: resolved 1581, reused 59, downloaded 24, added 83
Progress: resolved 1581, reused 59, downloaded 28, added 87, done
Done in 24.9s using pnpm v9.15.9
