$ corepack pnpm@9.15.9 install --prod --no-frozen-lockfile --reporter=append-only --config.node-linker=hoisted --ignore-workspace --ignore-scripts
Progress: resolved 1, reused 0, downloaded 0, added 0
Progress: resolved 27, reused 0, downloaded 0, added 0
 WARN  deprecated babel-preset-es2015@6.24.1: 🙌  Thanks for using Babel: we recommend using babel-preset-env now: please read https://babeljs.io/env to update!
 WARN  deprecated sinon@1.17.7: 16.1.1
 WARN  deprecated core-js@2.6.12: core-js@<3.23.3 is no longer maintained and not recommended for usage due to the number of issues. Because of the V8 engine whims, feature detection in old core-js versions could cause a slowdown up to 100x even if nothing is polyfilled. Some versions have web compatibility issues. Please, upgrade your dependencies to the actual version of core-js.
 WARN  deprecated babel-eslint@5.0.4: babel-eslint is now @babel/eslint-parser. This package will no longer receive updates.
Progress: resolved 39, reused 0, downloaded 0, added 0
Progress: resolved 89, reused 0, downloaded 0, added 0
Progress: resolved 227, reused 0, downloaded 0, added 0
Progress: resolved 334, reused 0, downloaded 0, added 0
Progress: resolved 439, reused 0, downloaded 0, added 0
Progress: resolved 537, reused 0, downloaded 0, added 0
Progress: resolved 678, reused 0, downloaded 0, added 0
Progress: resolved 865, reused 0, downloaded 0, added 0
Progress: resolved 935, reused 0, downloaded 0, added 0
Progress: resolved 936, reused 0, downloaded 0, added 0
Progress: resolved 937, reused 0, downloaded 0, added 0
 WARN  68 deprecated subdependencies found: babel-plugin-constant-folding@1.0.1, babel-plugin-dead-code-elimination@1.0.2, babel-plugin-eval@1.0.1, babel-plugin-inline-environment-variables@1.0.1, babel-plugin-jscript@1.0.4, babel-plugin-member-expression-literals@1.0.1, babel-plugin-property-literals@1.0.1, babel-plugin-proto-to-assign@1.0.4, babel-plugin-react-constant-elements@1.0.3, babel-plugin-react-display-name@1.0.3, babel-plugin-remove-console@1.0.1, babel-plugin-remove-debugger@1.0.1, babel-plugin-runtime@1.0.7, babel-plugin-undefined-to-void@1.1.6, boom@0.4.2, boom@2.10.1, circular-json@0.3.3, core-js@1.2.7, cryptiles@0.2.2, cryptiles@2.0.5, eslint@1.10.3, formatio@1.1.1, fsevents@1.2.13, glob@3.1.21, glob@3.2.11, glob@4.5.3, glob@5.0.15, glob@7.2.3, graceful-fs@1.2.3, gulp-util@3.0.8, har-validator@2.0.6, hawk@1.0.0, hawk@3.1.3, hoek@0.9.1, hoek@2.16.3, inflight@1.0.6, ini@1.1.0, jade@0.26.3, lodash.omit@3.1.0, lodash.pick@3.1.0, lodash.template@3.6.2, minimatch@0.2.14, minimatch@0.3.0, minimatch@2.0.10, mkdirp@0.3.0, mkdirp@0.3.5, mkdirp@0.5.1, natives@1.1.6, node-uuid@1.4.8, npmconf@0.0.24, osenv@0.0.3, q@1.5.1, request@2.36.0, request@2.79.0, resolve-url@0.2.1, rimraf@2.2.8, rimraf@2.6.3, rimraf@2.7.1, samsam@1.1.2, sntp@0.2.4, sntp@1.0.9, source-map-resolve@0.5.3, source-map-url@0.4.1, stable@0.1.8, to-iso-string@0.0.2, try-resolve@1.0.1, urix@0.1.0, uuid@3.4.0

devDependencies: skipped

Packages: +8
++++++++
Progress: resolved 937, reused 8, downloaded 0, added 8, done
Done in 14.9s using pnpm v9.15.9
