$ corepack pnpm@9.15.9 install --prod --no-frozen-lockfile --reporter=append-only --config.node-linker=hoisted --ignore-workspace --ignore-scripts
Progress: resolved 1, reused 0, downloaded 0, added 0
 WARN  deprecated babel-eslint@10.1.0: babel-eslint is now @babel/eslint-parser. This package will no longer receive updates.
 WARN  deprecated popper.js@1.16.1: You can find the new Popper v2 at @popperjs/core, this package is dedicated to the legacy v1
 WARN  deprecated glob@7.2.3: Old versions of glob are not supported, and contain widely publicized security vulnerabilities, which have been fixed in the current version. Please update. Support for old versions may be purchased (at exorbitant rates) by contacting i@izs.me
 WARN  deprecated @babel/plugin-proposal-object-rest-spread@7.20.7: This proposal has been merged to the ECMAScript standard and thus this plugin is no longer maintained. Please use @babel/plugin-transform-object-rest-spread instead.
 WARN  deprecated eslint@5.16.0: This version is no longer supported. Please see https://eslint.org/version-support for other options.
 WARN  deprecated node-sass@4.14.1: Node Sass is no longer supported. Please use `sass` or `sass-embedded` instead.
 WARN  deprecated rollup-plugin-babel@4.4.0: This package has been deprecated and is no longer maintained. Please use @rollup/plugin-babel.
 WARN  deprecated rollup-plugin-node-resolve@4.2.4: This package has been deprecated and is no longer maintained. Please use @rollup/plugin-node-resolve.
 WARN  deprecated sinon@7.5.0: 16.1.1
 WARN  deprecated rollup-plugin-commonjs@9.3.4: This package has been deprecated and is no longer maintained. Please use @rollup/plugin-commonjs.
Progress: resolved 38, reused 0, downloaded 0, added 0
Progress: resolved 72, reused 0, downloaded 0, added 0
Progress: resolved 191, reused 0, downloaded 0, added 0
Progress: resolved 336, reused 0, downloaded 0, added 0
Progress: resolved 468, reused 0, downloaded 0, added 0
Progress: resolved 623, reused 0, downloaded 0, added 0
Progress: resolved 773, reused 0, downloaded 0, added 0
Progress: resolved 980, reused 0, downloaded 0, added 0
Progress: resolved 1147, reused 0, downloaded 0, added 0
 WARN  36 deprecated subdependencies found: @sinonjs/text-encoding@0.7.3, @types/minimatch@6.0.0, @types/vfile-message@2.0.0, are-we-there-yet@1.1.7, axios@0.16.2, calmcard@0.1.1, circular-json@0.5.9, core-js@2.6.12, date-format@1.2.0, ecstatic@3.3.2, fsevents@1.2.13, fstream@1.0.12, gauge@2.7.4, glob@7.1.7, har-validator@5.1.5, inflight@1.0.6, log4js@3.0.6, nopter@0.3.0, npmlog@4.1.2, osenv@0.1.5, path-dirname@1.0.2, q@1.5.1, request@2.88.2, resolve-url@0.2.1, rimraf@2.6.3, rimraf@2.7.1, source-map-resolve@0.5.3, source-map-url@0.4.1, sourcemap-codec@1.4.8, streamroller@0.7.0, tar@2.2.2, trim@0.0.1, urix@0.1.0, urlobj@0.0.11, uuid@2.0.3, uuid@3.4.0

devDependencies: skipped

Already up to date
Progress: resolved 1151, reused 0, downloaded 0, added 0, done
Done in 9.4s using pnpm v9.15.9
