$ corepack pnpm@9.15.9 install --prod --no-frozen-lockfile --reporter=append-only --config.node-linker=hoisted --ignore-workspace --ignore-scripts
 WARN  deprecated boom@7.3.0: This module has moved and is now available at @hapi/boom. Please update your dependencies as this version is no longer maintained an may contain bugs and security issues.
Progress: resolved 1, reused 0, downloaded 0, added 0
 WARN  deprecated code@5.2.4: This module has moved and is now available at @hapi/code. Please update your dependencies as this version is no longer maintained an may contain bugs and security issues.
 WARN  deprecated pez@4.0.5: This module has moved and is now available at @hapi/pez. Please update your dependencies as this version is no longer maintained an may contain bugs and security issues.
 WARN  deprecated bourne@1.3.3: This module has moved and is now available at @hapi/bourne. Please update your dependencies as this version is no longer maintained and may contain bugs and security issues.
 WARN  deprecated lab@18.0.2: This module has moved and is now available at @hapi/lab. Please update your dependencies as this version is no longer maintained an may contain bugs and security issues.
 WARN  deprecated hoek@6.1.3: This module has moved and is now available at @hapi/hoek. Please update your dependencies as this version is no longer maintained an may contain bugs and security issues.
 WARN  deprecated wreck@14.2.0: This module has moved and is now available at @hapi/wreck. Please update your dependencies as this version is no longer maintained an may contain bugs and security issues.
 WARN  deprecated content@4.0.6: This module has moved and is now available at @hapi/content. Please update your dependencies as this version is no longer maintained an may contain bugs and security issues.
Progress: resolved 8, reused 0, downloaded 0, added 0
Progress: resolved 31, reused 0, downloaded 0, added 0
Progress: resolved 142, reused 0, downloaded 0, added 0
 WARN  17 deprecated subdependencies found: b64@4.1.2, bossy@4.0.3, eslint-config-hapi@12.0.0, eslint-plugin-hapi@4.1.0, eslint@5.16.0, glob@7.2.3, hapi-capitalize-modules@1.1.6, hapi-for-you@1.0.0, hapi-no-var@1.0.1, hapi-scope-start@2.1.1, inflight@1.0.6, joi@14.3.1, nigel@3.0.4, no-arrowception@1.0.0, rimraf@2.6.3, topo@3.0.3, vise@3.0.2

devDependencies: skipped

Packages: +9
+++++++++
Progress: resolved 179, reused 0, downloaded 8, added 8
Progress: resolved 179, reused 0, downloaded 9, added 9, done
Done in 4.9s using pnpm v9.15.9
