$ corepack pnpm@9.15.9 install --prod --no-frozen-lockfile --reporter=append-only --config.node-linker=hoisted --ignore-workspace --ignore-scripts
Progress: resolved 1, reused 0, downloaded 0, added 0
 WARN  deprecated popper.js@1.16.1: You can find the new Popper v2 at @popperjs/core, this package is dedicated to the legacy v1
 WARN  deprecated bootstrap@4.6.2: This version of Bootstrap is no longer supported. Please upgrade to the latest version.
 WARN  deprecated lodash.get@4.4.2: This package is deprecated. Use the optional chaining (?.) operator instead.
 WARN  deprecated codecov@3.8.3: https://about.codecov.io/blog/codecov-uploader-deprecation-plan/
 WARN  deprecated eslint@4.19.1: This version is no longer supported. Please see https://eslint.org/version-support for other options.
 WARN  deprecated rollup-plugin-commonjs@9.3.4: This package has been deprecated and is no longer maintained. Please use @rollup/plugin-commonjs.
 WARN  deprecated highlightjs@9.16.2: Use the 'highlight.js' package instead https://npm.im/highlight.js
 WARN  deprecated uglify-es@3.3.9: support for ECMAScript is superseded by `uglify-js` as of v3.13.0
 WARN  deprecated rollup-watch@4.3.1: rollup-watch functionality is now included in Rollup itself
 WARN  deprecated rollup-plugin-babel@3.0.7: This package has been deprecated and is no longer maintained. Please use @rollup/plugin-babel.
 WARN  deprecated vue@2.5.22: Vue 2 has reached EOL and is no longer actively maintained. See https://v2.vuejs.org/eol/ for more details.
 WARN  deprecated vue-test-utils@1.0.0-beta.11: VUE-TEST-UILS WARN: vue-test-utils has moved to a scoped package. The new repository is available @vue/test-utils. To install the new package, run npm install --save-dev @vue/test-utils
 WARN  deprecated standard-version@4.4.0: standard-version is deprecated. If you're a GitHub user, I recommend https://github.com/googleapis/release-please as an alternative.
 WARN  deprecated rollup-plugin-node-resolve@3.4.0: This package has been deprecated and is no longer maintained. Please use @rollup/plugin-node-resolve.
Progress: resolved 45, reused 0, downloaded 0, added 0
Progress: resolved 159, reused 0, downloaded 0, added 0
Progress: resolved 274, reused 0, downloaded 0, added 0
Progress: resolved 535, reused 0, downloaded 0, added 0
Progress: resolved 850, reused 0, downloaded 0, added 0
Progress: resolved 1118, reused 0, downloaded 0, added 0
Progress: resolved 1302, reused 0, downloaded 0, added 0
Progress: resolved 1647, reused 0, downloaded 0, added 0
 WARN  59 deprecated subdependencies found: @babel/plugin-proposal-class-properties@7.18.6, @babel/polyfill@7.12.1, abab@2.0.6, argv@0.0.2, circular-json@0.3.3, consolidate@0.15.1, conventional-changelog-atom@0.2.8, conventional-changelog-codemirror@0.3.8, conventional-changelog-core@2.0.11, conventional-changelog-ember@0.3.12, conventional-changelog-eslint@1.0.9, conventional-changelog-express@0.3.6, conventional-changelog-jquery@0.1.0, conventional-changelog-jshint@0.3.8, copy-concurrently@1.0.5, core-js@2.6.12, domexception@1.0.1, figgy-pudding@3.5.2, flatten@1.0.3, fs-promise@1.0.0, fs-write-stream-atomic@1.0.10, fsevents@1.2.13, git-raw-commits@1.3.6, git-semver-tags@1.3.6, glob@10.5.0, glob@7.2.3, har-validator@5.1.5, hoek@4.3.1, html-webpack-plugin@3.2.0, inflight@1.0.6, joi@11.4.0, left-pad@1.3.0, lodash.template@4.18.1, mkdirp@0.5.1, move-concurrently@1.0.1, path-dirname@1.0.2, phin@2.9.3, phin@3.7.1, q@1.5.1, querystring@0.2.1, request-promise-native@1.0.9, request@2.88.2, resolve-url@0.2.1, rimraf@2.6.3, rimraf@2.7.1, sane@2.5.2, source-map-resolve@0.5.3, source-map-url@0.4.1, sourcemap-codec@1.4.8, stable@0.1.8, svgo@1.3.2, topo@2.1.1, urix@0.1.0, uuid@3.4.0, uuid@8.3.2, vue-analytics@5.22.1, w3c-hr-time@1.0.2, whatwg-encoding@1.0.5, workbox-google-analytics@3.6.3

devDependencies: skipped

Packages: +52
++++++++++++++++++++++++++++++++++++++++++++++++++++
Progress: resolved 1648, reused 45, downloaded 7, added 52, done
Done in 9.2s using pnpm v9.15.9
