$ corepack pnpm@9.15.9 install --prod --no-frozen-lockfile --reporter=append-only --config.node-linker=hoisted --ignore-workspace --ignore-scripts
 WARN  deprecated babyparse@0.4.6: Deprecated in favour of PapaParse, which now supports Node.js
Progress: resolved 1, reused 0, downloaded 0, added 0
 WARN  deprecated caller-id@0.1.0: Package no longer supported. Contact Support at https://www.npmjs.com/support for more info.
 WARN  deprecated azure@0.10.6: Superceded by the Azure SDK for JS; details https://github.com/azure/azure-sdk-for-node#announcing-the-new-azure-sdk-for-javascript
 WARN  deprecated jquery@2.2.4: This version is deprecated. Please upgrade to the latest version or find support at https://www.herodevs.com/support/jquery-nes or https://tuxcare.com/lp/click-jquery-support/.
 WARN  deprecated letsencrypt-express@1.2.0: letsencrypt-express has been renamed to greenlock-express and will now be maintained as such.
 WARN  deprecated mailgun-js@0.7.15: Package no longer supported. Contact Support at https://www.npmjs.com/support for more info.
 WARN  deprecated jade@1.11.0: Jade has been renamed to pug, please install the latest version of pug instead of jade
 WARN  deprecated mandrill-api@1.0.45: Deprecated. Replaced by @mailchimp/mailchimp_transactional
 WARN  deprecated babel-preset-es2015@6.24.1: 🙌  Thanks for using Babel: we recommend using babel-preset-env now: please read https://babeljs.io/env to update!
 WARN  deprecated bcrypt-nodejs@0.0.3: bcrypt-nodejs is no longer actively maintained. Please use bcrypt or bcryptjs. See https://github.com/kelektiv/node.bcrypt.js/wiki/bcrypt-vs-brypt.js to learn more about these two options
 WARN  deprecated multer@0.1.8: Multer 1.x is affected by CVE-2022-24434. This is fixed in v1.4.4-lts.1 which drops support for versions of Node.js before 6. Please upgrade to at least Node.js 6 and version 1.4.4-lts.1 of Multer. If you need support for older versions of Node.js, we are open to accepting patches that would fix the CVE on the main 1.x release line, whilst maintaining compatibility with Node.js 0.10.
 WARN  deprecated mpromise@0.5.5: Unsupported
 WARN  deprecated scmp@1.0.2: scmp v2 uses improved core crypto comparison since Node v6.6.0
 WARN  deprecated codeclimate-test-reporter@0.1.1: codeclimate-test-reporter has been deprecated in favor of our new unified test-reporter. Please visit https://docs.codeclimate.com/docs/configuring-test-coverage for details on setting up the new test-reporter.
 WARN  deprecated babel-eslint@4.1.8: babel-eslint is now @babel/eslint-parser. This package will no longer receive updates.
 WARN  deprecated superagent@1.8.5: Please upgrade to superagent v10.2.2+, see release notes at https://github.com/forwardemail/superagent/releases/tag/v10.2.2 - maintenance is supported by Forward Email @ https://forwardemail.net
 WARN  deprecated eslint@1.10.3: This version is no longer supported. Please see https://eslint.org/version-support for other options.
 WARN  deprecated rimraf@2.7.1: Rimraf versions prior to v4 are no longer supported
 WARN  deprecated supertest@1.2.0: Please upgrade to supertest v7.1.3+, see release notes at https://github.com/forwardemail/supertest/releases/tag/v7.1.3 - maintenance is supported by Forward Email @ https://forwardemail.net
 WARN  deprecated sinon@1.17.7: 16.1.1
 WARN  deprecated istanbul@0.3.22: This module is no longer maintained, try this instead:
  npm i nyc
Visit https://istanbul.js.org/integrations for other alternatives.
Progress: resolved 116, reused 0, downloaded 0, added 0
Progress: resolved 439, reused 0, downloaded 0, added 0
Progress: resolved 787, reused 0, downloaded 0, added 0
Progress: resolved 1056, reused 0, downloaded 0, added 0
Progress: resolved 1231, reused 0, downloaded 0, added 0
 WARN  115 deprecated subdependencies found: aws-sign@0.3.0, azure-arm-authorization@0.10.0, azure-arm-compute@0.10.0, azure-arm-dns@0.10.0, azure-arm-keyvault@0.10.0, azure-arm-network@0.10.0, azure-arm-resource@0.10.0, azure-arm-storage@0.10.0, azure-arm-website@0.10.0, azure-asm-compute@0.10.0, azure-asm-hdinsight@0.10.0, azure-asm-network@0.10.0, azure-asm-sb@0.10.0, azure-asm-scheduler@0.10.0, azure-asm-sql@0.10.0, azure-asm-storage@0.10.0, azure-asm-store@0.10.0, azure-asm-subscription@0.10.0, azure-asm-trafficmanager@0.10.0, azure-asm-website@0.10.0, azure-common@0.9.10, azure-common@0.9.12, azure-keyvault@0.9.2, azure-monitoring@0.10.0, azure-sb@0.10.0, azure-scheduler@0.10.0, azure-storage@0.3.3, babel-plugin-constant-folding@1.0.1, babel-plugin-dead-code-elimination@1.0.2, babel-plugin-eval@1.0.1, babel-plugin-inline-environment-variables@1.0.1, babel-plugin-jscript@1.0.4, babel-plugin-member-expression-literals@1.0.1, babel-plugin-property-literals@1.0.1, babel-plugin-proto-to-assign@1.0.4, babel-plugin-react-constant-elements@1.0.3, babel-plugin-react-display-name@1.0.3, babel-plugin-remove-console@1.0.1, babel-plugin-remove-debugger@1.0.1, babel-plugin-runtime@1.0.7, babel-plugin-undefined-to-void@1.1.6, boom@0.4.2, boom@2.10.1, bson@0.2.22, circular-json@0.3.3, coffee-script@1.12.7, constantinople@3.0.2, core-js@1.2.7, core-js@2.6.12, cross-spawn-async@2.2.5, cryptiles@0.2.2, cryptiles@2.0.5, datauri@0.2.1, formatio@1.1.1, formidable@1.0.14, formidable@1.0.17, fsevents@1.2.13, glob@3.1.21, glob@3.2.11, glob@4.5.3, glob@5.0.15, glob@7.2.3, graceful-fs@1.2.3, gulp-util@3.0.8, har-validator@4.2.1, har-validator@5.1.5, hawk@1.0.0, hawk@1.1.1, hawk@3.1.3, hoek@0.9.1, hoek@2.16.3, inflight@1.0.6, jade@0.26.3, letsencrypt@1.5.8, localhost.daplie.com-certificates@1.2.5, lodash.omit@3.1.0, lodash.pick@3.1.0, lodash.template@3.6.2, minimatch@0.2.14, minimatch@0.3.0, minimatch@2.0.10, mkdirp@0.3.0, mkdirp@0.3.5, mkdirp@0.5.1, mongodb@1.4.38, mpromise@0.4.3, muri@1.1.0, natives@1.1.6, node-uuid@1.2.0, node-uuid@1.4.8, path-dirname@1.0.2, q@1.4.1, q@1.5.1, request@2.27.0, request@2.34.0, request@2.45.0, request@2.81.0, request@2.88.2, resolve-url@0.2.1, rimraf@2.6.3, samsam@1.1.2, sliced@0.0.5, sntp@0.2.4, sntp@1.0.9, socks@1.1.10, source-map-resolve@0.5.3, source-map-url@0.4.1, sprintf@0.1.1, stable@0.1.8, superagent@0.21.0, to-iso-string@0.0.2, transformers@2.1.0, try-resolve@1.0.1, urix@0.1.0, uuid@3.4.0

devDependencies: skipped

Packages: +1045
++++++++++++++++++++++++++++++++++++++++++++++++++++++++++++++++++++++++++++++++
Progress: resolved 1253, reused 0, downloaded 0, added 0
Progress: resolved 1253, reused 858, downloaded 60, added 992
Progress: resolved 1253, reused 858, downloaded 92, added 1044
Progress: resolved 1253, reused 858, downloaded 93, added 1045, done
Done in 8.6s using pnpm v9.15.9
