$ corepack pnpm@9.15.9 install --prod --no-frozen-lockfile --reporter=append-only --config.node-linker=hoisted --ignore-workspace --ignore-scripts
Progress: resolved 1, reused 0, downloaded 0, added 0
 WARN  deprecated glob@7.1.2: Old versions of glob are not supported, and contain widely publicized security vulnerabilities, which have been fixed in the current version. Please update. Support for old versions may be purchased (at exorbitant rates) by contacting i@izs.me
 WARN  deprecated uuid@3.1.0: uuid@10 and below is no longer supported.  For ESM codebases, update to uuid@latest.  For CommonJS codebases, use uuid@11 (but be aware this version will likely be deprecated in 2028).
 WARN  deprecated babel-eslint@8.0.1: babel-eslint is now @babel/eslint-parser. This package will no longer receive updates.
 WARN  deprecated babel-preset-es2015@6.24.1: 🙌  Thanks for using Babel: we recommend using babel-preset-env now: please read https://babeljs.io/env to update!
 WARN  deprecated chromedriver@2.32.3: Chromedriver download url has changed. Use version 114.0.2 or newer.
 WARN  deprecated friendly-errors-webpack-plugin@1.6.1: Package no longer supported. Contact Support at https://www.npmjs.com/support for more info.
 WARN  deprecated mkdirp@0.5.1: Legacy versions of mkdirp are no longer supported. Please update to mkdirp 1.x. (Note that the API surface has changed to use Promises in 1.x.)
 WARN  deprecated rimraf@2.6.2: Rimraf versions prior to v4 are no longer supported
 WARN  deprecated @zeit/check-updates@1.1.0: Please use `update-check` instead.
 WARN  deprecated @zeit/source-map-support@0.6.2: This package is no longer maintained
 WARN  deprecated @zeit/next-css@0.0.7: Next.js now has built-in support for CSS: https://nextjs.org/docs/basic-features/built-in-css-support. The built-in support solves many bugs and painpoints that the next-css plugin had.
Progress: resolved 90, reused 0, downloaded 0, added 0
 WARN  deprecated react-dom@16.2.0: This version of react-dom/server contains a minor vulnerability. Please update react-dom to 16.2.1 or 16.4.2+. Learn more: https://fb.me/cve-2018-6341
Progress: resolved 130, reused 0, downloaded 0, added 0
Progress: resolved 259, reused 0, downloaded 0, added 0
Progress: resolved 444, reused 0, downloaded 0, added 0
Progress: resolved 535, reused 0, downloaded 0, added 0
Progress: resolved 650, reused 0, downloaded 0, added 0
Progress: resolved 830, reused 0, downloaded 0, added 0
Progress: resolved 976, reused 0, downloaded 0, added 0
Progress: resolved 1199, reused 0, downloaded 0, added 0
Progress: resolved 1261, reused 0, downloaded 0, added 0
Progress: resolved 1262, reused 0, downloaded 0, added 0
 WARN  44 deprecated subdependencies found: abab@1.0.4, acorn-dynamic-import@2.0.2, boom@2.10.1, browserslist@1.7.7, browserslist@2.11.3, circular-json@0.3.3, clor@5.2.0, content-type-parser@1.0.2, copy-concurrently@1.0.5, core-js@1.2.7, core-js@2.6.12, cross-spawn-async@2.2.5, cryptiles@2.0.5, eslint@3.18.0, extract-text-webpack-plugin@3.0.2, flatten@1.0.3, fs-write-stream-atomic@1.0.10, fsevents@1.2.13, glob@6.0.4, har-validator@2.0.6, har-validator@5.1.5, hawk@3.1.3, hoek@2.16.3, inflight@1.0.6, lodash.pick@4.4.0, move-concurrently@1.0.1, path-dirname@1.0.2, q@1.4.1, q@1.5.1, querystring@0.2.0, querystring@0.2.1, request@2.79.0, request@2.88.2, resolve-url@0.2.1, rimraf@2.4.5, sane@2.5.2, sntp@1.0.9, source-map-resolve@0.5.3, source-map-url@0.4.1, svgo@0.7.2, uglify-es@3.3.9, urix@0.1.0, uuid@3.4.0, whatwg-encoding@1.0.5

devDependencies: skipped

Packages: +696
++++++++++++++++++++++++++++++++++++++++++++++++++++++++++++++++++++++++++++++++
Progress: resolved 1263, reused 556, downloaded 65, added 650
Progress: resolved 1263, reused 556, downloaded 109, added 696, done
Done in 13.3s using pnpm v9.15.9
