$ corepack pnpm@9.15.9 install --prod --no-frozen-lockfile --reporter=append-only --config.node-linker=hoisted --ignore-workspace --ignore-scripts
Progress: resolved 1, reused 0, downloaded 0, added 0
 WARN  deprecated babel-preset-es2015@6.24.1: 🙌  Thanks for using Babel: we recommend using babel-preset-env now: please read https://babeljs.io/env to update!
 WARN  deprecated node-uuid@1.4.8: Use uuid module instead
 WARN  deprecated dottie@1.1.1: Package no longer supported. Contact Support at https://www.npmjs.com/support for more info.
 WARN  deprecated istanbul@0.4.5: This module is no longer maintained, try this instead:
  npm i nyc
Visit https://istanbul.js.org/integrations for other alternatives.
 WARN  deprecated sinon@1.17.7: 16.1.1
Progress: resolved 31, reused 0, downloaded 0, added 0
Progress: resolved 38, reused 0, downloaded 0, added 0
Progress: resolved 39, reused 0, downloaded 0, added 0
Progress: resolved 144, reused 0, downloaded 0, added 0
Progress: resolved 238, reused 0, downloaded 0, added 0
Progress: resolved 312, reused 0, downloaded 0, added 0
Progress: resolved 371, reused 0, downloaded 0, added 0
 WARN  15 deprecated subdependencies found: core-js@2.6.12, formatio@1.1.1, glob@3.2.11, glob@5.0.15, glob@7.2.3, inflight@1.0.6, jade@0.26.3, lodash.isequal@4.5.0, minimatch@0.3.0, mkdirp@0.3.0, mkdirp@0.5.1, path-dirname@1.0.2, samsam@1.1.2, sprintf@0.1.5, to-iso-string@0.0.2

devDependencies: skipped

Packages: +26
++++++++++++++++++++++++++
Progress: resolved 381, reused 18, downloaded 8, added 26, done
Done in 9s using pnpm v9.15.9
