$ corepack pnpm@9.15.9 install --prod --no-frozen-lockfile --reporter=append-only --config.node-linker=hoisted --ignore-workspace --ignore-scripts
Progress: resolved 1, reused 0, downloaded 0, added 0
 WARN  deprecated babel-preset-babili@0.0.12: babili has been renamed to babel-minify. Please update to babel-preset-minify
 WARN  deprecated eslint-loader@1.6.3: This loader has been deprecated. Please use eslint-webpack-plugin
 WARN  deprecated html-webpack-plugin@2.28.0: out of support
 WARN  deprecated rimraf@2.6.1: Rimraf versions prior to v4 are no longer supported
 WARN  deprecated sinon@1.17.7: 16.1.1
 WARN  deprecated eslint@3.17.1: This version is no longer supported. Please see https://eslint.org/version-support for other options.
Progress: resolved 34, reused 0, downloaded 0, added 0
Progress: resolved 201, reused 0, downloaded 0, added 0
Progress: resolved 402, reused 0, downloaded 0, added 0
Progress: resolved 595, reused 0, downloaded 0, added 0
 WARN  18 deprecated subdependencies found: acorn-dynamic-import@2.0.2, babel-preset-es2015@6.24.1, circular-json@0.3.3, core-js@2.6.12, formatio@1.1.1, fsevents@1.2.13, glob@7.0.5, glob@7.2.3, inflight@1.0.6, json3@3.3.2, mkdirp@0.5.1, path-dirname@1.0.2, resolve-url@0.2.1, rimraf@2.6.3, samsam@1.1.2, source-map-resolve@0.5.3, source-map-url@0.4.1, urix@0.1.0

devDependencies: skipped

 WARN  Issues with peer dependencies found
.
└─┬ watch-ignore-webpack-plugin 1.0.0
  └── ✕ unmet peer webpack@1.5.x: found 2.2.1

Packages: +12
++++++++++++
Progress: resolved 648, reused 12, downloaded 0, added 12, done
Done in 5.2s using pnpm v9.15.9
