$ corepack pnpm@9.15.9 install --prod --no-frozen-lockfile --reporter=append-only --config.node-linker=hoisted --ignore-workspace --ignore-scripts
Progress: resolved 1, reused 0, downloaded 0, added 0
 WARN  deprecated eslint@7.32.0: This version is no longer supported. Please see https://eslint.org/version-support for other options.
Progress: resolved 8, reused 0, downloaded 0, added 0
Progress: resolved 10, reused 0, downloaded 0, added 0
Progress: resolved 11, reused 0, downloaded 0, added 0
Progress: resolved 12, reused 0, downloaded 0, added 0
Progress: resolved 133, reused 0, downloaded 0, added 0
Progress: resolved 223, reused 0, downloaded 0, added 0
Progress: resolved 309, reused 0, downloaded 0, added 0
Progress: resolved 388, reused 0, downloaded 0, added 0
Progress: resolved 520, reused 0, downloaded 0, added 0
Progress: resolved 571, reused 0, downloaded 0, added 0
Progress: resolved 589, reused 0, downloaded 0, added 0
Progress: resolved 590, reused 0, downloaded 0, added 0
 WARN  18 deprecated subdependencies found: @humanwhocodes/config-array@0.5.0, @humanwhocodes/object-schema@1.2.1, abab@2.0.6, domexception@2.0.1, glob@7.2.3, har-validator@5.1.5, inflight@1.0.6, request@2.88.2, resolve-url@0.2.1, rimraf@3.0.2, sane@4.1.0, source-map-resolve@0.5.3, source-map-url@0.4.1, urix@0.1.0, uuid@3.4.0, uuid@8.3.2, w3c-hr-time@1.0.2, whatwg-encoding@1.0.5

devDependencies: skipped

Already up to date
Progress: resolved 591, reused 0, downloaded 0, added 0, done
Done in 13.6s using pnpm v9.15.9
