$ corepack pnpm@9.15.9 install --prod --no-frozen-lockfile --reporter=append-only --config.node-linker=hoisted --ignore-workspace --ignore-scripts
Progress: resolved 1, reused 0, downloaded 0, added 0
 WARN  deprecated grunt-string-replace@1.3.3: Package no longer supported. Contact Support at https://www.npmjs.com/support for more info.
 WARN  GET https://registry.npmjs.org/grunt-known-options error (ECONNRESET). Will retry in 10 seconds. 2 retries left.
Progress: resolved 35, reused 0, downloaded 0, added 0
Progress: resolved 277, reused 0, downloaded 0, added 0
Progress: resolved 455, reused 0, downloaded 1, added 0
 WARN  GET https://registry.npmjs.org/globalthis error (ECONNRESET). Will retry in 10 seconds. 2 retries left.
Packages are hard linked from the content-addressable store to the virtual store.
  Content-addressable store is at: /home/wenyuan/pkg-cache/pnpm/v3
  Virtual store is at:             node_modules/.pnpm
Progress: resolved 597, reused 0, downloaded 2, added 0
Progress: resolved 761, reused 0, downloaded 2, added 0
Progress: resolved 856, reused 0, downloaded 2, added 0
Progress: resolved 878, reused 0, downloaded 2, added 0
Progress: resolved 879, reused 0, downloaded 2, added 0
Progress: resolved 880, reused 0, downloaded 2, added 0
Progress: resolved 912, reused 0, downloaded 2, added 0
Progress: resolved 913, reused 0, downloaded 2, added 0
 WARN  41 deprecated subdependencies found: @types/puppeteer@7.0.4, boolean@3.2.0, boom@2.10.1, coffee-script@1.3.3, core-js@2.6.12, cryptiles@2.0.5, glob@3.1.21, glob@3.2.11, glob@4.0.6, glob@5.0.15, glob@7.1.7, glob@7.2.3, graceful-fs@1.2.3, har-validator@2.0.6, har-validator@5.1.5, hawk@3.1.3, hoek@2.16.3, inflight@1.0.6, ini@1.1.0, istanbul@0.3.22, jscs-preset-wikimedia@1.0.1, jscs@3.0.7, minimatch@0.2.14, minimatch@0.3.0, minimatch@0.4.0, minimatch@1.0.0, minimatch@2.0.10, mkdirp@0.3.5, natives@1.1.6, nomnom@1.8.1, phantomjs-prebuilt@2.1.16, raw-body@1.1.7, request@2.79.0, request@2.88.2, rimraf@2.2.8, rimraf@2.7.1, rimraf@3.0.2, sntp@1.0.9, uuid@2.0.3, uuid@3.4.0, uuid@8.3.2

devDependencies: skipped

 WARN  Issues with peer dependencies found
.
├─┬ grunt-contrib-concat 2.1.0
│ └── ✕ unmet peer grunt@>=1.4.1: found 0.4.5
├─┬ load-grunt-tasks 5.1.0
│ └── ✕ unmet peer grunt@>=1: found 0.4.5
└─┬ karma-qunit 4.2.3
  └── ✕ unmet peer qunit@>=2.2.0: found 0.7.7

Already up to date
Progress: resolved 913, reused 0, downloaded 2, added 0, done
Done in 13.6s using pnpm v9.15.9
