$ corepack pnpm@9.15.9 install --prod --no-frozen-lockfile --reporter=append-only --config.node-linker=hoisted --ignore-workspace --ignore-scripts
Progress: resolved 1, reused 0, downloaded 0, added 0
 WARN  deprecated gulp-util@3.0.8: gulp-util is deprecated - replace it, following the guidelines at https://medium.com/gulpjs/gulp-util-ca3b1f9f9ac5
 WARN  deprecated mkdirp@0.5.1: Legacy versions of mkdirp are no longer supported. Please update to mkdirp 1.x. (Note that the API surface has changed to use Promises in 1.x.)
 WARN  deprecated istanbul@0.4.5: This module is no longer maintained, try this instead:
  npm i nyc
Visit https://istanbul.js.org/integrations for other alternatives.
 WARN  deprecated glob@7.1.2: Old versions of glob are not supported, and contain widely publicized security vulnerabilities, which have been fixed in the current version. Please update. Support for old versions may be purchased (at exorbitant rates) by contacting i@izs.me
 WARN  deprecated q@1.5.0: You or someone you depend on is using Q, the JavaScript Promise library that gave JavaScript developers strong feelings about promises. They can almost certainly migrate to the native JavaScript promise now. Thank you literally everyone for joining me in this bet against the odds. Be excellent to each other.

(For a CapTP with native promises, see @endo/eventual-send and @endo/captp)
 WARN  deprecated tar@2.2.1: Old versions of tar are not supported, and contain widely publicized security vulnerabilities, which have been fixed in the current version. Please update. Support for old versions may be purchased (at exorbitant rates) by contacting i@izs.me
 WARN  GET https://registry.npmjs.org/platform error (ECONNRESET). Will retry in 10 seconds. 2 retries left.
Progress: resolved 95, reused 0, downloaded 0, added 0
Progress: resolved 370, reused 0, downloaded 0, added 0
Progress: resolved 519, reused 0, downloaded 0, added 0
Progress: resolved 520, reused 0, downloaded 0, added 0
 WARN  21 deprecated subdependencies found: acorn-dynamic-import@2.0.2, fsevents@1.2.13, fstream@1.0.12, glob@3.1.21, glob@4.5.3, glob@5.0.15, glob@7.1.1, glob@7.2.3, graceful-fs@1.2.3, inflight@1.0.6, json3@3.3.2, lodash.template@3.6.2, minimatch@0.2.14, minimatch@2.0.10, natives@1.1.6, path-dirname@1.0.2, resolve-url@0.2.1, rimraf@2.7.1, source-map-resolve@0.5.3, source-map-url@0.4.1, urix@0.1.0

devDependencies: skipped

Packages: +7
+++++++
Progress: resolved 520, reused 7, downloaded 0, added 7, done
Done in 11.3s using pnpm v9.15.9
