$ corepack pnpm@9.15.9 install --prod --no-frozen-lockfile --reporter=append-only --config.node-linker=hoisted --ignore-workspace --ignore-scripts
Progress: resolved 1, reused 0, downloaded 0, added 0
 WARN  deprecated eslint@5.16.0: This version is no longer supported. Please see https://eslint.org/version-support for other options.
 WARN  deprecated sinon@6.3.5: 16.1.1
Progress: resolved 35, reused 0, downloaded 0, added 0
Progress: resolved 39, reused 0, downloaded 0, added 0
 WARN  GET https://registry.npmjs.org/babel-preset-env error (ERR_SOCKET_TIMEOUT). Will retry in 10 seconds. 2 retries left.
Progress: resolved 40, reused 0, downloaded 0, added 0
Progress: resolved 156, reused 0, downloaded 0, added 0
Progress: resolved 313, reused 0, downloaded 0, added 0
Progress: resolved 508, reused 0, downloaded 0, added 0
Progress: resolved 627, reused 0, downloaded 0, added 0
Progress: resolved 867, reused 0, downloaded 0, added 0
Progress: resolved 1193, reused 0, downloaded 0, added 0
 WARN  54 deprecated subdependencies found: @babel/plugin-proposal-class-properties@7.2.1, @babel/polyfill@7.12.1, @sinonjs/text-encoding@0.7.3, acorn-dynamic-import@4.0.0, are-we-there-yet@1.1.7, axios@0.18.1, babel-eslint@10.1.0, browserslist@1.7.7, circular-json@0.5.9, copy-concurrently@1.0.5, core-js@2.6.12, date-format@1.2.0, figgy-pudding@3.5.2, flatten@1.0.3, fs-write-stream-atomic@1.0.10, fsevents@1.2.13, gauge@2.7.4, glob@5.0.15, glob@7.1.2, glob@7.2.3, har-validator@5.1.5, iltorb@2.4.5, inflight@1.0.6, istanbul@0.4.5, lodash.get@4.4.2, log4js@3.0.6, mkdirp@0.5.1, move-concurrently@1.0.1, npmlog@4.1.2, os-homedir@2.0.0, path-dirname@1.0.2, prebuild-install@5.3.6, q@1.5.1, request@2.88.0, request@2.88.2, resolve-url@0.2.1, rimraf@2.6.3, rimraf@2.7.1, rollup-plugin-alias@1.5.2, rollup-plugin-babel@4.4.0, rollup-plugin-buble@0.19.8, rollup-plugin-commonjs@9.3.4, rollup-plugin-json@3.1.0, rollup-plugin-node-resolve@4.2.4, rollup-plugin-terser@3.0.0, source-map-resolve@0.5.3, source-map-url@0.4.1, sourcemap-codec@1.4.8, stable@0.1.8, streamroller@0.7.0, svgo@0.7.2, svgo@1.3.2, urix@0.1.0, uuid@3.4.0
Progress: resolved 1337, reused 0, downloaded 0, added 0

devDependencies: skipped

 WARN  Issues with peer dependencies found
.
├─┬ karma-webpack 3.0.5
│ └── ✕ unmet peer webpack@"^2.0.0 || ^3.0.0": found 4.47.0
└─┬ microbundle 0.11.0
  └─┬ rollup-plugin-typescript2 0.19.3
    └── ✕ unmet peer rollup@>=0.68.0: found 0.67.4

Already up to date
Progress: resolved 1337, reused 0, downloaded 0, added 0, done
Done in 2m 17.6s using pnpm v9.15.9
