$ corepack pnpm@9.15.9 install --prod --no-frozen-lockfile --reporter=append-only --config.node-linker=hoisted --ignore-workspace --ignore-scripts
Progress: resolved 1, reused 0, downloaded 0, added 0
 WARN  deprecated dtslint@0.5.9: See https://aka.ms/type-testing-tools
 WARN  deprecated istanbul@0.3.22: This module is no longer maintained, try this instead:
  npm i nyc
Visit https://istanbul.js.org/integrations for other alternatives.
Progress: resolved 33, reused 0, downloaded 0, added 0
Progress: resolved 34, reused 0, downloaded 0, added 0
 WARN  deprecated aws-sdk@2.1693.0: The AWS SDK for JavaScript (v2) has reached end-of-support, and no longer receives updates. Please migrate your code to use AWS SDK for JavaScript (v3). More info https://a.co/cUPnyil
Progress: resolved 54, reused 0, downloaded 0, added 0
Progress: resolved 145, reused 0, downloaded 0, added 0
Progress: resolved 352, reused 0, downloaded 0, added 0
Progress: resolved 566, reused 0, downloaded 0, added 0
Progress: resolved 746, reused 0, downloaded 0, added 0
Progress: resolved 860, reused 0, downloaded 0, added 0
Progress: resolved 861, reused 0, downloaded 0, added 0
 WARN  46 deprecated subdependencies found: babel-plugin-constant-folding@1.0.1, babel-plugin-dead-code-elimination@1.0.2, babel-plugin-eval@1.0.1, babel-plugin-inline-environment-variables@1.0.1, babel-plugin-jscript@1.0.4, babel-plugin-member-expression-literals@1.0.1, babel-plugin-property-literals@1.0.1, babel-plugin-proto-to-assign@1.0.4, babel-plugin-react-constant-elements@1.0.3, babel-plugin-react-display-name@1.0.3, babel-plugin-remove-console@1.0.1, babel-plugin-remove-debugger@1.0.1, babel-plugin-runtime@1.0.7, babel-plugin-undefined-to-void@1.1.6, circular-json@0.3.3, coffee-script@1.12.7, core-js@1.2.7, definitelytyped-header-parser@1.2.0, eslint@4.19.1, fsevents@1.2.13, glob@5.0.15, glob@7.1.2, glob@7.1.7, glob@7.2.3, har-validator@5.1.5, http2@3.3.7, inflight@1.0.6, minimatch@2.0.10, mkdirp@0.5.1, nomnom@0.4.3, q@1.4.1, q@1.5.1, querystring@0.2.0, raw-body@1.1.7, request@2.88.2, resolve-url@0.2.1, rimraf@2.6.3, rimraf@2.7.1, source-map-resolve@0.5.3, source-map-url@0.4.1, stable@0.1.8, try-resolve@1.0.1, urix@0.1.0, uuid@3.4.0, uuid@8.0.0, uuid@8.3.2

devDependencies: skipped

Packages: +6
++++++
Progress: resolved 863, reused 6, downloaded 0, added 6, done
Done in 9.8s using pnpm v9.15.9
