$ corepack pnpm@9.15.9 install --prod --no-frozen-lockfile --reporter=append-only --config.node-linker=hoisted --ignore-workspace --ignore-scripts
Progress: resolved 1, reused 0, downloaded 0, added 0
 WARN  deprecated eslint@4.19.1: This version is no longer supported. Please see https://eslint.org/version-support for other options.
 WARN  deprecated graphql@0.11.7: No longer supported; please update to a newer version. Details: https://github.com/graphql/graphql-js#version-support
 WARN  deprecated codecov@3.8.3: https://about.codecov.io/blog/codecov-uploader-deprecation-plan/
 WARN  deprecated node-sass@4.14.1: Node Sass is no longer supported. Please use `sass` or `sass-embedded` instead.
 WARN  deprecated rimraf@2.7.1: Rimraf versions prior to v4 are no longer supported
 WARN  deprecated sinon@5.1.1: 16.1.1
Progress: resolved 81, reused 0, downloaded 0, added 0
 WARN  deprecated vue@2.7.16: Vue 2 has reached EOL and is no longer actively maintained. See https://v2.vuejs.org/eol/ for more details.
Progress: resolved 220, reused 0, downloaded 0, added 0
Progress: resolved 489, reused 0, downloaded 0, added 0
Progress: resolved 848, reused 0, downloaded 0, added 0
Progress: resolved 1197, reused 0, downloaded 0, added 0
 WARN  39 deprecated subdependencies found: @sinonjs/text-encoding@0.7.3, are-we-there-yet@1.1.7, argv@0.0.2, browserslist@1.7.7, circular-json@0.3.3, consolidate@0.15.1, core-js@2.6.12, flatten@1.0.3, fsevents@1.2.13, fstream@1.0.12, gauge@2.7.4, glob@10.5.0, glob@7.1.2, glob@7.1.7, glob@7.2.3, har-validator@5.1.5, inflight@1.0.6, lodash.clone@4.5.0, lodash.get@4.4.2, lodash.template@4.18.1, mkdirp@0.5.1, npmlog@4.1.2, osenv@0.1.5, path-dirname@1.0.2, q@1.5.1, request@2.88.2, resolve-url@0.2.1, rimraf@2.6.3, safer-eval@1.3.6, samsam@1.3.0, source-map-resolve@0.5.3, source-map-url@0.4.1, stable@0.1.8, svgo@0.7.2, svgo@1.3.2, tar@2.2.2, urix@0.1.0, uuid@3.4.0, uuid@8.3.2

devDependencies: skipped

 WARN  Issues with peer dependencies found
.
└─┬ @vue/component-compiler-utils 2.6.0
  └─┬ consolidate 0.15.1
    └── ✕ unmet peer pug@^3.0.0: found 2.0.4

Packages: +839
++++++++++++++++++++++++++++++++++++++++++++++++++++++++++++++++++++++++++++++++
Progress: resolved 1202, reused 663, downloaded 55, added 839, done
Done in 6.4s using pnpm v9.15.9
