$ corepack pnpm@9.15.9 install --prod --no-frozen-lockfile --reporter=append-only --config.node-linker=hoisted --ignore-workspace --ignore-scripts
Progress: resolved 1, reused 0, downloaded 0, added 0
 WARN  deprecated terraformer-wkt-parser@1.2.1: terraformer-wkt-parser is deprecated and no longer supported. Please use @terraformer/wkt.
 WARN  deprecated dottie@2.0.7: Package no longer supported. Contact Support at https://www.npmjs.com/support for more info.
 WARN  deprecated eslint@4.19.1: This version is no longer supported. Please see https://eslint.org/version-support for other options.
 WARN  deprecated istanbul@0.4.5: This module is no longer maintained, try this instead:
  npm i nyc
Visit https://istanbul.js.org/integrations for other alternatives.
 WARN  deprecated rimraf@2.7.1: Rimraf versions prior to v4 are no longer supported
 WARN  deprecated uuid@3.4.0: uuid@10 and below is no longer supported.  For ESM codebases, update to uuid@latest.  For CommonJS codebases, use uuid@11 (but be aware this version will likely be deprecated in 2028).
 WARN  deprecated sinon@4.5.0: 16.1.1
 WARN  deprecated validate-commit-msg@2.14.0: Check out CommitLint which provides the same functionality with a more user-focused experience.
Progress: resolved 47, reused 0, downloaded 0, added 0
Progress: resolved 139, reused 0, downloaded 0, added 0
Progress: resolved 234, reused 0, downloaded 0, added 0
Progress: resolved 359, reused 0, downloaded 0, added 0
Progress: resolved 475, reused 0, downloaded 0, added 0
Progress: resolved 577, reused 0, downloaded 0, added 0
Progress: resolved 644, reused 0, downloaded 0, added 0
Progress: resolved 771, reused 0, downloaded 0, added 0
Progress: resolved 824, reused 0, downloaded 0, added 0
 WARN  26 deprecated subdependencies found: @sinonjs/text-encoding@0.7.3, @types/minimatch@6.0.0, abab@1.0.4, circular-json@0.3.3, clone-buffer@1.0.0, core-js@1.2.7, core-js@2.6.12, glob@5.0.15, glob@7.1.1, glob@7.1.2, glob@7.2.3, har-validator@5.1.5, inflight@1.0.6, lodash.get@4.4.2, lodash.isequal@4.5.0, lodash.pick@4.4.0, mkdirp@0.5.1, path-dirname@1.0.2, q@1.5.1, request@2.88.2, right-pad@1.1.1, rimraf@2.6.3, samsam@1.3.0, sprintf@0.1.5, terraformer@1.0.12, whatwg-encoding@3.1.1

devDependencies: skipped

Packages: +26
++++++++++++++++++++++++++
Progress: resolved 836, reused 18, downloaded 8, added 26, done
Done in 10.2s using pnpm v9.15.9
