$ corepack pnpm@9.15.9 install --prod --no-frozen-lockfile --reporter=append-only --config.node-linker=hoisted --ignore-workspace --ignore-scripts
Progress: resolved 1, reused 0, downloaded 0, added 0
 WARN  deprecated glob@7.2.3: Old versions of glob are not supported, and contain widely publicized security vulnerabilities, which have been fixed in the current version. Please update. Support for old versions may be purchased (at exorbitant rates) by contacting i@izs.me
 WARN  deprecated conventional-changelog-cli@2.2.2: This package is no longer maintained. Please use the conventional-changelog package instead.
 WARN  deprecated rimraf@2.7.1: Rimraf versions prior to v4 are no longer supported
 WARN  deprecated sinon@7.5.0: 16.1.1
Progress: resolved 63, reused 0, downloaded 0, added 0
Progress: resolved 161, reused 0, downloaded 0, added 0
Progress: resolved 260, reused 0, downloaded 0, added 0
Progress: resolved 369, reused 0, downloaded 0, added 0
Progress: resolved 499, reused 0, downloaded 0, added 0
Progress: resolved 612, reused 0, downloaded 0, added 0
Progress: resolved 741, reused 0, downloaded 0, added 0
Progress: resolved 907, reused 0, downloaded 0, added 0
 WARN  38 deprecated subdependencies found: @sinonjs/text-encoding@0.7.3, @types/glob@9.0.0, are-we-there-yet@1.1.7, clone-buffer@1.0.0, conventional-changelog-atom@2.0.8, conventional-changelog-codemirror@2.0.8, conventional-changelog-core@4.2.4, conventional-changelog-ember@2.0.9, conventional-changelog-eslint@3.0.9, conventional-changelog-express@2.0.6, conventional-changelog-jquery@3.0.11, conventional-changelog-jshint@2.0.9, core-js@2.6.12, debug@3.2.6, default-resolution@2.0.0, fsevents@1.2.13, gauge@2.7.4, git-raw-commits@2.0.11, git-semver-tags@4.1.1, glob@5.0.15, glob@7.1.2, glob@7.1.3, inflight@1.0.6, istanbul@0.4.5, lodash.template@4.18.1, mkdirp@0.5.1, mkdirp@0.5.4, node-pre-gyp@0.11.0, npmlog@4.1.2, osenv@0.1.5, path-dirname@1.0.2, q@1.5.1, resolve-url@0.2.1, source-map-resolve@0.5.3, source-map-url@0.4.1, tar@4.4.19, urix@0.1.0, uuid@3.4.0

devDependencies: skipped

Packages: +128
++++++++++++++++++++++++++++++++++++++++++++++++++++++++++++++++++++++++++++++++
Progress: resolved 915, reused 124, downloaded 0, added 127
Progress: resolved 915, reused 124, downloaded 1, added 127
Progress: resolved 915, reused 124, downloaded 1, added 128, done
Done in 23.6s using pnpm v9.15.9
