$ corepack pnpm@9.15.9 install --prod --no-frozen-lockfile --reporter=append-only --config.node-linker=hoisted --ignore-workspace --ignore-scripts
Progress: resolved 1, reused 0, downloaded 0, added 0
 WARN  deprecated q@1.5.1: You or someone you depend on is using Q, the JavaScript Promise library that gave JavaScript developers strong feelings about promises. They can almost certainly migrate to the native JavaScript promise now. Thank you literally everyone for joining me in this bet against the odds. Be excellent to each other.

(For a CapTP with native promises, see @endo/eventual-send and @endo/captp)
 WARN  deprecated jade@1.3.1: Jade has been renamed to pug, please install the latest version of pug instead of jade
 WARN  deprecated static-favicon@1.0.2: use serve-favicon module
 WARN  deprecated jquery@2.2.4: This version is deprecated. Please upgrade to the latest version or find support at https://www.herodevs.com/support/jquery-nes or https://tuxcare.com/lp/click-jquery-support/.
 WARN  deprecated angular-sanitize@1.8.3: For the actively supported Angular, see https://www.npmjs.com/package/@angular/core. AngularJS support has officially ended. For extended AngularJS support options, see https://goo.gle/angularjs-path-forward.
 WARN  deprecated angular-ui-router@0.2.18: This npm package 'angular-ui-router' has been renamed to '@uirouter/angularjs'. Please update your package.json. See https://ui-router.github.io/blog/uirouter-scoped-packages/
 WARN  deprecated bootstrap@3.4.1: This version of Bootstrap is no longer supported. Please upgrade to the latest version.
 WARN  deprecated angular@1.8.3: For the actively supported Angular, see https://www.npmjs.com/package/@angular/core. AngularJS support has officially ended. For extended AngularJS support options, see https://goo.gle/angularjs-path-forward.
 WARN  deprecated angular-translate@2.19.1: Package no longer supported. Contact Support at https://www.npmjs.com/support for more info.
Progress: resolved 66, reused 0, downloaded 0, added 0
Progress: resolved 349, reused 0, downloaded 0, added 0
Progress: resolved 498, reused 0, downloaded 0, added 0
 WARN  13 deprecated subdependencies found: constantinople@2.0.1, fsevents@1.2.13, glob@7.2.3, inflight@1.0.6, mkdirp@0.3.5, path-dirname@1.0.2, raw-body@1.1.7, resolve-url@0.2.1, rimraf@2.6.3, source-map-resolve@0.5.3, source-map-url@0.4.1, transformers@2.1.0, urix@0.1.0

devDependencies: skipped

Packages: +504
++++++++++++++++++++++++++++++++++++++++++++++++++++++++++++++++++++++++++++++++
Progress: resolved 503, reused 460, downloaded 22, added 481
Progress: resolved 503, reused 460, downloaded 23, added 502
Progress: resolved 503, reused 460, downloaded 24, added 504, done
Done in 6.4s using pnpm v9.15.9
