$ corepack pnpm@9.15.9 install --prod --no-frozen-lockfile --reporter=append-only --config.node-linker=hoisted --ignore-workspace --ignore-scripts
 WARN  deprecated @babel/plugin-proposal-class-properties@7.4.0: This proposal has been merged to the ECMAScript standard and thus this plugin is no longer maintained. Please use @babel/plugin-transform-class-properties instead.
Progress: resolved 1, reused 0, downloaded 0, added 0
 WARN  deprecated @babel/polyfill@7.4.3: 🚨 This package has been deprecated in favor of separate inclusion of a polyfill and regenerator-runtime (when needed). See the @babel/polyfill docs (https://babeljs.io/docs/en/babel-polyfill) for more information.
 WARN  deprecated babel-eslint@10.0.1: babel-eslint is now @babel/eslint-parser. This package will no longer receive updates.
 WARN  deprecated core-js@2.6.5: core-js@<3.23.3 is no longer maintained and not recommended for usage due to the number of issues. Because of the V8 engine whims, feature detection in old core-js versions could cause a slowdown up to 100x even if nothing is polyfilled. Some versions have web compatibility issues. Please, upgrade your dependencies to the actual version of core-js.
 WARN  deprecated eslint@5.16.0: This version is no longer supported. Please see https://eslint.org/version-support for other options.
 WARN  deprecated chai-subset@1.6.0: functionality of this lib is built-in to chai now. see more details here: https://github.com/debitoor/chai-subset/pull/85
Progress: resolved 53, reused 0, downloaded 0, added 0
Progress: resolved 155, reused 0, downloaded 0, added 0
Progress: resolved 360, reused 0, downloaded 0, added 0
Progress: resolved 534, reused 0, downloaded 0, added 0
Progress: resolved 724, reused 0, downloaded 0, added 0
Progress: resolved 1059, reused 0, downloaded 0, added 0
 WARN  36 deprecated subdependencies found: @babel/plugin-proposal-async-generator-functions@7.20.7, @babel/plugin-proposal-json-strings@7.18.6, @babel/plugin-proposal-object-rest-spread@7.20.7, @babel/plugin-proposal-optional-catch-binding@7.18.6, @babel/plugin-proposal-unicode-property-regex@7.18.6, acorn-dynamic-import@4.0.0, clone-buffer@1.0.0, copy-concurrently@1.0.5, debug@3.2.6, deep-defaults@1.0.5, default-resolution@2.0.0, electron-download@3.3.0, figgy-pudding@3.5.2, fs-write-stream-atomic@1.0.10, fsevents@1.2.13, glob@7.1.3, glob@7.2.3, har-validator@5.1.5, home-path@1.0.7, inflight@1.0.6, mkdirp@0.5.1, move-concurrently@1.0.1, path-dirname@1.0.2, q@1.5.1, request@2.88.2, resolve-url@0.2.1, rimraf@2.6.3, rimraf@2.7.1, sliced@0.0.5, sliced@1.0.1, source-map-resolve@0.5.3, source-map-url@0.4.1, stable@0.1.8, svgo@1.3.2, urix@0.1.0, uuid@3.4.0

devDependencies: skipped

Packages: +95
++++++++++++++++++++++++++++++++++++++++++++++++++++++++++++++++++++++++++++++++
Progress: resolved 1175, reused 91, downloaded 4, added 95, done
Done in 6.9s using pnpm v9.15.9
