$ corepack pnpm@9.15.9 install --prod --no-frozen-lockfile --reporter=append-only --config.node-linker=hoisted --ignore-workspace --ignore-scripts
Progress: resolved 1, reused 0, downloaded 0, added 0
 WARN  deprecated karma-phantomjs-launcher@1.0.4: PhantomJS development have stopped, use puppeteer or similar
 WARN  deprecated phantomjs-prebuilt@2.1.16: this package is now deprecated
 WARN  deprecated rollup-plugin-buble@0.19.6: This module has been deprecated and is no longer maintained. Please use @rollup/plugin-buble.
 WARN  deprecated rollup-plugin-commonjs@9.2.0: This package has been deprecated and is no longer maintained. Please use @rollup/plugin-commonjs.
 WARN  deprecated rollup-plugin-json@4.0.0: This module has been deprecated and is no longer maintained. Please use @rollup/plugin-json.
 WARN  deprecated rollup-plugin-node-resolve@4.0.0: This package has been deprecated and is no longer maintained. Please use @rollup/plugin-node-resolve.
 WARN  deprecated sinon@7.2.2: 16.1.1
 WARN  deprecated time-grunt@2.0.0: Deprecated because Grunt is practically unmaintained. Move on to something better. This package will continue to work with Grunt v1, but it will not receive any updates.
 WARN  deprecated webdriverio@4.13.2: outdated version, please use @next
Progress: resolved 58, reused 0, downloaded 0, added 0
Progress: resolved 58, reused 0, downloaded 1, added 0
Progress: resolved 237, reused 0, downloaded 1, added 0
Progress: resolved 377, reused 0, downloaded 1, added 0
Progress: resolved 551, reused 0, downloaded 1, added 0
Progress: resolved 774, reused 0, downloaded 1, added 0
Progress: resolved 1081, reused 0, downloaded 1, added 0
 WARN  41 deprecated subdependencies found: @sinonjs/text-encoding@0.7.3, acorn-dynamic-import@3.0.0, acorn-dynamic-import@4.0.0, circular-json@0.5.9, coffee-script@1.12.7, copy-concurrently@1.0.5, core-js@2.6.12, date-format@1.2.0, eslint@5.16.0, figgy-pudding@3.5.2, fs-write-stream-atomic@1.0.10, fsevents@1.2.13, glob@5.0.15, glob@7.0.6, glob@7.1.2, glob@7.1.7, glob@7.2.3, har-validator@5.1.5, inflight@1.0.6, istanbul@0.4.5, lodash.pick@4.4.0, log4js@3.0.6, mkdirp@0.5.1, move-concurrently@1.0.1, os-homedir@2.0.0, path-dirname@1.0.2, puppeteer@1.20.0, q@1.5.1, raw-body@1.1.7, request@2.88.0, request@2.88.2, resolve-url@0.2.1, rimraf@2.6.3, rimraf@2.7.1, sane@4.1.0, source-map-resolve@0.5.3, source-map-url@0.4.1, sourcemap-codec@1.4.8, streamroller@0.7.0, urix@0.1.0, uuid@3.4.0

devDependencies: skipped

Packages: +6
++++++
Progress: resolved 1133, reused 6, downloaded 1, added 6, done
Done in 37.6s using pnpm v9.15.9
