$ corepack pnpm@9.15.9 install --prod --no-frozen-lockfile --reporter=append-only --config.node-linker=hoisted --ignore-workspace --ignore-scripts
Progress: resolved 1, reused 0, downloaded 0, added 0
 WARN  deprecated glob@7.2.3: Old versions of glob are not supported, and contain widely publicized security vulnerabilities, which have been fixed in the current version. Please update. Support for old versions may be purchased (at exorbitant rates) by contacting i@izs.me
 WARN  deprecated rimraf@2.7.1: Rimraf versions prior to v4 are no longer supported
Progress: resolved 84, reused 0, downloaded 0, added 0
Progress: resolved 147, reused 0, downloaded 0, added 0
Progress: resolved 213, reused 0, downloaded 0, added 0
Progress: resolved 306, reused 0, downloaded 0, added 0
Progress: resolved 420, reused 0, downloaded 0, added 0
Progress: resolved 518, reused 0, downloaded 0, added 0
Progress: resolved 526, reused 0, downloaded 0, added 0
Progress: resolved 528, reused 0, downloaded 0, added 0
Progress: resolved 533, reused 0, downloaded 0, added 0
Progress: resolved 534, reused 0, downloaded 0, added 0
 WARN  20 deprecated subdependencies found: @types/vfile-message@2.0.0, are-we-there-yet@1.1.7, bson@1.0.9, core-js@2.6.12, fsevents@1.2.13, gauge@2.7.4, har-validator@5.1.5, inflight@1.0.6, normalize-git-url@3.0.2, npmlog@4.1.2, osenv@0.1.5, path-dirname@1.0.2, request@2.88.2, resolve-url@0.2.1, source-map-resolve@0.5.3, source-map-url@0.4.1, tar@4.4.19, trim@0.0.1, urix@0.1.0, uuid@3.4.0

devDependencies: skipped

Packages: +567
++++++++++++++++++++++++++++++++++++++++++++++++++++++++++++++++++++++++++++++++
Progress: resolved 535, reused 379, downloaded 50, added 449
Progress: resolved 535, reused 379, downloaded 151, added 566
Progress: resolved 535, reused 379, downloaded 152, added 567, done
Done in 13.8s using pnpm v9.15.9
