$ corepack pnpm@9.15.9 install --prod --no-frozen-lockfile --reporter=append-only --config.node-linker=hoisted --ignore-workspace --ignore-scripts
Progress: resolved 1, reused 0, downloaded 0, added 0
 WARN  deprecated mongodb-extended-json@1.11.1: Use EJSON from the `bson` package instead
 WARN  deprecated sinon@8.1.1: 16.1.1
 WARN  deprecated safer-eval@1.3.6: safer-eval IS HARMFUL - so you are warned!
Progress: resolved 42, reused 0, downloaded 0, added 0
Progress: resolved 123, reused 0, downloaded 0, added 0
Progress: resolved 219, reused 0, downloaded 0, added 0
Progress: resolved 337, reused 0, downloaded 0, added 0
Progress: resolved 356, reused 0, downloaded 0, added 0
Packages are hard linked from the content-addressable store to the virtual store.
  Content-addressable store is at: /home/wenyuan/pkg-cache/pnpm/v3
  Virtual store is at:             node_modules/.pnpm
 WARN  The git-hosted package fetched from "https://codeload.github.com/mongodb-js/pre-commit/tar.gz/f4158768a7ef58b46808cc09a6f6a0994c0baa67" has to be built but the build scripts were ignored.
Progress: resolved 374, reused 0, downloaded 1, added 0
Progress: resolved 413, reused 0, downloaded 1, added 0
Progress: resolved 425, reused 0, downloaded 1, added 0
Progress: resolved 426, reused 0, downloaded 1, added 0
 WARN  13 deprecated subdependencies found: @sinonjs/text-encoding@0.7.3, @types/minimatch@6.0.0, babel-eslint@10.1.0, debug@3.2.6, dependency-check@4.1.0, eslint@5.16.0, flatten@1.0.3, glob@7.1.3, glob@7.2.3, inflight@1.0.6, lodash.get@4.4.2, read-package-json@2.1.2, rimraf@2.6.3

devDependencies: skipped

Packages: +32
++++++++++++++++++++++++++++++++
Progress: resolved 433, reused 24, downloaded 9, added 32, done
Done in 11.7s using pnpm v9.15.9
