$ corepack pnpm@9.15.9 install --prod --no-frozen-lockfile --reporter=append-only --config.node-linker=hoisted --ignore-workspace --ignore-scripts
Progress: resolved 1, reused 0, downloaded 0, added 0
 WARN  deprecated fstream@1.0.12: This package is no longer supported.
 WARN  deprecated codeclimate-test-reporter@0.1.1: codeclimate-test-reporter has been deprecated in favor of our new unified test-reporter. Please visit https://docs.codeclimate.com/docs/configuring-test-coverage for details on setting up the new test-reporter.
 WARN  deprecated jquery@2.1.4: This version is deprecated. Please upgrade to the latest version or find support at https://www.herodevs.com/support/jquery-nes or https://tuxcare.com/lp/click-jquery-support/.
 WARN  deprecated glob@6.0.4: Old versions of glob are not supported, and contain widely publicized security vulnerabilities, which have been fixed in the current version. Please update. Support for old versions may be purchased (at exorbitant rates) by contacting i@izs.me
 WARN  deprecated angular@1.5.11: For the actively supported Angular, see https://www.npmjs.com/package/@angular/core. AngularJS support has officially ended. For extended AngularJS support options, see https://goo.gle/angularjs-path-forward.
 WARN  deprecated angular-aria@1.5.11: For the actively supported Angular, see https://www.npmjs.com/package/@angular/core. AngularJS support has officially ended. For extended AngularJS support options, see https://goo.gle/angularjs-path-forward.
 WARN  deprecated angular-sanitize@1.5.11: For the actively supported Angular, see https://www.npmjs.com/package/@angular/core. AngularJS support has officially ended. For extended AngularJS support options, see https://goo.gle/angularjs-path-forward.
 WARN  deprecated angular-material@1.1.1: For the actively supported Angular Material, see https://www.npmjs.com/package/@angular/material. AngularJS support has officially ended. For extended AngularJS support options, see https://goo.gle/angularjs-path-forward.
 WARN  deprecated gulp-karma@0.0.5: gulp-karma has been deprecated, use Karma directly instead
 WARN  deprecated phantomjs@2.1.7: Package renamed to phantomjs-prebuilt. Please update 'phantomjs' package references to 'phantomjs-prebuilt'
 WARN  deprecated karma-phantomjs-launcher@0.2.3: PhantomJS development have stopped, use puppeteer or similar
 WARN  deprecated angular-animate@1.5.11: For the actively supported Angular, see https://www.npmjs.com/package/@angular/core. AngularJS support has officially ended. For extended AngularJS support options, see https://goo.gle/angularjs-path-forward.
 WARN  deprecated gulp-angular-templatecache@1.8.1: The original owners are no longer maintaining this package. It is usable in its current state but will not be updated. The package will be transferred responsibly to npm.
Progress: resolved 101, reused 0, downloaded 0, added 0
Progress: resolved 408, reused 0, downloaded 0, added 0
Progress: resolved 753, reused 0, downloaded 0, added 0
Progress: resolved 848, reused 0, downloaded 0, added 0
Packages are hard linked from the content-addressable store to the virtual store.
  Content-addressable store is at: /home/wenyuan/pkg-cache/pnpm/v3
  Virtual store is at:             node_modules/.pnpm
 WARN  The git-hosted package fetched from "https://codeload.github.com/bessdsv/bower-installer/tar.gz/7f9cece1e6fada50f44dc0851e1d85815cd1b4a7" has to be built but the build scripts were ignored.
Progress: resolved 961, reused 0, downloaded 1, added 0
Progress: resolved 990, reused 0, downloaded 1, added 0
Progress: resolved 991, reused 0, downloaded 1, added 0
 WARN  74 deprecated subdependencies found: angular-animate@1.3.20, angular@1.3.20, boom@0.4.2, boom@2.10.1, bower@1.3.12, clone-buffer@1.0.0, connect@2.30.2, core-js@2.6.12, cryptiles@0.2.2, cryptiles@2.0.5, csurf@1.8.3, fsevents@1.2.13, fstream-ignore@1.0.5, glob@3.1.21, glob@3.2.11, glob@4.0.6, glob@4.5.3, glob@5.0.15, glob@7.2.3, graceful-fs@1.2.3, graceful-fs@2.0.3, gulp-footer@1.0.5, gulp-header@1.8.2, gulp-util@2.2.20, gulp-util@3.0.0, gulp-util@3.0.7, gulp-util@3.0.8, har-validator@2.0.6, har-validator@5.1.5, hawk@1.0.0, hawk@1.1.1, hawk@3.1.3, hoek@0.9.1, hoek@2.16.3, inflight@1.0.6, istanbul@0.4.5, json3@3.3.2, lodash.template@2.4.1, lodash.template@3.6.2, log4js@0.6.38, minimatch@0.2.14, minimatch@0.3.0, minimatch@1.0.0, minimatch@2.0.10, mkdirp@0.3.5, mkdirp@0.5.0, natives@1.1.6, node-uuid@1.4.8, npmconf@2.1.3, osenv@0.0.3, osenv@0.1.0, path-dirname@1.0.2, q@0.9.7, q@1.0.1, rcloader@0.2.2, request@2.34.0, request@2.42.0, request@2.51.0, request@2.67.0, request@2.88.2, resolve-url@0.2.1, rimraf@2.2.8, rimraf@2.7.1, sntp@0.2.4, sntp@1.0.9, source-map-resolve@0.5.3, source-map-url@0.4.1, stable@0.1.8, tough-cookie@0.12.1, tough-cookie@2.2.2, uid-number@0.0.5, urix@0.1.0, uuid@2.0.3, uuid@3.4.0

devDependencies: skipped

Packages: +8
++++++++
Progress: resolved 992, reused 2, downloaded 6, added 7
Progress: resolved 992, reused 2, downloaded 7, added 7
Progress: resolved 992, reused 2, downloaded 7, added 8, done
Done in 11.2s using pnpm v9.15.9
