$ corepack pnpm@9.15.9 install --prod --no-frozen-lockfile --reporter=append-only --config.node-linker=hoisted --ignore-workspace --ignore-scripts
Progress: resolved 1, reused 0, downloaded 0, added 0
 WARN  deprecated babel-eslint@10.0.3: babel-eslint is now @babel/eslint-parser. This package will no longer receive updates.
 WARN  deprecated eslint-loader@3.0.3: This loader has been deprecated. Please use eslint-webpack-plugin
 WARN  deprecated eslint@6.8.0: This version is no longer supported. Please see https://eslint.org/version-support for other options.
 WARN  deprecated rollup-plugin-babel@4.4.0: This package has been deprecated and is no longer maintained. Please use @rollup/plugin-babel.
 WARN  deprecated puppeteer@2.0.0: < 24.15.0 is no longer supported
 WARN  deprecated rollup-plugin-terser@7.0.2: This package has been deprecated and is no longer maintained. Please use @rollup/plugin-terser
 WARN  deprecated @babel/plugin-proposal-class-properties@7.18.6: This proposal has been merged to the ECMAScript standard and thus this plugin is no longer maintained. Please use @babel/plugin-transform-class-properties instead.
Progress: resolved 52, reused 0, downloaded 0, added 0
Progress: resolved 155, reused 0, downloaded 0, added 0
Progress: resolved 255, reused 0, downloaded 0, added 0
Progress: resolved 332, reused 0, downloaded 0, added 0
Progress: resolved 388, reused 0, downloaded 0, added 0
Progress: resolved 419, reused 0, downloaded 0, added 0
Progress: resolved 567, reused 0, downloaded 0, added 0
Progress: resolved 688, reused 0, downloaded 0, added 0
Progress: resolved 787, reused 0, downloaded 0, added 0
Progress: resolved 950, reused 0, downloaded 0, added 0
Progress: resolved 1112, reused 0, downloaded 0, added 0
Progress: resolved 1129, reused 0, downloaded 0, added 0
Progress: resolved 1131, reused 0, downloaded 0, added 0
 WARN  22 deprecated subdependencies found: abab@2.0.6, domexception@2.0.1, glob@7.1.4, glob@7.2.3, inflight@1.0.6, q@1.5.1, resolve-url@0.2.1, rimraf@2.6.3, rimraf@2.7.1, rimraf@3.0.2, sane@4.1.0, source-map-resolve@0.5.3, source-map-url@0.4.1, sourcemap-codec@1.4.8, stable@0.1.8, svgo@1.3.0, svgo@1.3.2, urix@0.1.0, uuid@3.4.0, uuid@8.3.2, w3c-hr-time@1.0.2, whatwg-encoding@1.0.5

devDependencies: skipped

 WARN  Issues with peer dependencies found
.
├─┬ webpack-cli 3.3.12
│ └── ✕ unmet peer webpack@4.x.x: found 5.3.2
├─┬ @rollup/plugin-json 4.0.1
│ └── ✕ unmet peer rollup@^1.20.0: found 2.33.0
├─┬ @rollup/plugin-node-resolve 6.0.0
│ └── ✕ unmet peer rollup@^1.20.0: found 2.33.0
├─┬ @rollup/plugin-strip 1.3.1
│ └── ✕ unmet peer rollup@^1.20.0: found 2.33.0
└─┬ @rollup/plugin-replace 2.3.0
  └── ✕ unmet peer rollup@^1.20.0: found 2.33.0

Packages: +8
++++++++
Progress: resolved 1132, reused 0, downloaded 7, added 7
Progress: resolved 1132, reused 0, downloaded 8, added 7
Progress: resolved 1132, reused 0, downloaded 8, added 8, done
Done in 15.5s using pnpm v9.15.9
