$ corepack pnpm@9.15.9 install --prod --no-frozen-lockfile --reporter=append-only --config.node-linker=hoisted --ignore-workspace --ignore-scripts
Progress: resolved 1, reused 0, downloaded 0, added 0
 WARN  deprecated eth-sig-util@1.4.2: Deprecated in favor of '@metamask/eth-sig-util'
 WARN  deprecated ethereumjs-tx@1.3.7: New package name format for new versions: @ethereumjs/tx. Please update.
 WARN  deprecated eslint@5.16.0: This version is no longer supported. Please see https://eslint.org/version-support for other options.
 WARN  deprecated babel-eslint@8.2.6: babel-eslint is now @babel/eslint-parser. This package will no longer receive updates.
Progress: resolved 13, reused 0, downloaded 0, added 0
Progress: resolved 40, reused 0, downloaded 0, added 0
Progress: resolved 155, reused 0, downloaded 0, added 0
Packages are hard linked from the content-addressable store to the virtual store.
  Content-addressable store is at: /home/wenyuan/pkg-cache/pnpm/v3
  Virtual store is at:             node_modules/.pnpm
 WARN  The git-hosted package fetched from "https://codeload.github.com/ethereumjs/ethereumjs-abi/tar.gz/ee3994657fa7a427238e6ba92a84d0b529bbcde0" has to be built but the build scripts were ignored.
Progress: resolved 262, reused 0, downloaded 1, added 0
Progress: resolved 269, reused 0, downloaded 1, added 0
Progress: resolved 270, reused 0, downloaded 1, added 0
 WARN  6 deprecated subdependencies found: core-js@2.6.12, glob@7.1.2, glob@7.2.3, inflight@1.0.6, mkdirp@0.5.1, rimraf@2.6.3

devDependencies: skipped

Packages: +96
++++++++++++++++++++++++++++++++++++++++++++++++++++++++++++++++++++++++++++++++
Progress: resolved 271, reused 67, downloaded 20, added 84
Progress: resolved 271, reused 67, downloaded 27, added 92
Progress: resolved 271, reused 67, downloaded 28, added 96, done
Done in 11.2s using pnpm v9.15.9
