$ corepack pnpm@9.15.9 install --prod --no-frozen-lockfile --reporter=append-only --config.node-linker=hoisted --ignore-workspace --ignore-scripts
Progress: resolved 1, reused 0, downloaded 0, added 0
 WARN  deprecated rimraf@2.7.1: Rimraf versions prior to v4 are no longer supported
 WARN  deprecated sinon@4.5.0: 16.1.1
 WARN  deprecated eslint@4.19.1: This version is no longer supported. Please see https://eslint.org/version-support for other options.
 WARN  deprecated babel-eslint@8.2.6: babel-eslint is now @babel/eslint-parser. This package will no longer receive updates.
Progress: resolved 33, reused 0, downloaded 0, added 0
Progress: resolved 219, reused 0, downloaded 0, added 0
Progress: resolved 450, reused 0, downloaded 0, added 0
Progress: resolved 729, reused 0, downloaded 0, added 0
Progress: resolved 982, reused 0, downloaded 0, added 0
 WARN  34 deprecated subdependencies found: @sinonjs/text-encoding@0.7.3, @types/minimatch@6.0.0, abab@2.0.6, airbnb-prop-types@2.16.0, circular-json@0.3.3, copy-concurrently@1.0.5, core-js@2.6.12, domexception@1.0.1, figgy-pudding@3.5.2, fs-write-stream-atomic@1.0.10, fsevents@1.2.13, glob@7.2.3, har-validator@5.1.5, inflight@1.0.6, left-pad@1.3.0, lodash.get@4.4.2, lodash.isequal@4.5.0, move-concurrently@1.0.1, path-dirname@1.0.2, request-promise-native@1.0.9, request@2.88.2, resolve-url@0.2.1, rimraf@2.6.3, samsam@1.3.0, sane@2.5.2, source-map-resolve@0.5.3, source-map-url@0.4.1, uglify-es@3.3.9, urix@0.1.0, uuid@3.4.0, uuid@8.3.2, w3c-hr-time@1.0.2, whatwg-encoding@1.0.5, whatwg-encoding@3.1.1
Progress: resolved 1150, reused 0, downloaded 0, added 0

devDependencies: skipped

 WARN  Issues with peer dependencies found
.
└─┬ eslint-config-react-app 2.1.0
  ├── ✕ unmet peer babel-eslint@^7.2.3: found 8.2.6
  └── ✕ unmet peer eslint-plugin-jsx-a11y@^5.1.1: found 6.10.2

Packages: +1
+
Progress: resolved 1150, reused 0, downloaded 1, added 0
Progress: resolved 1150, reused 0, downloaded 1, added 1, done
Done in 7.8s using pnpm v9.15.9
