$ corepack pnpm@9.15.9 install --prod --no-frozen-lockfile --reporter=append-only --config.node-linker=hoisted --ignore-workspace --ignore-scripts
Progress: resolved 1, reused 0, downloaded 0, added 0
 WARN  deprecated uuid@3.4.0: uuid@10 and below is no longer supported.  For ESM codebases, update to uuid@latest.  For CommonJS codebases, use uuid@11 (but be aware this version will likely be deprecated in 2028).
 WARN  deprecated dottie@2.0.7: Package no longer supported. Contact Support at https://www.npmjs.com/support for more info.
Progress: resolved 31, reused 0, downloaded 0, added 0
 WARN  deprecated rimraf@2.7.1: Rimraf versions prior to v4 are no longer supported
 WARN  deprecated eslint@5.16.0: This version is no longer supported. Please see https://eslint.org/version-support for other options.
Progress: resolved 51, reused 0, downloaded 0, added 0
 WARN  deprecated sinon@7.5.0: 16.1.1
Progress: resolved 52, reused 0, downloaded 0, added 0
Progress: resolved 120, reused 0, downloaded 0, added 0
Progress: resolved 265, reused 0, downloaded 0, added 0
Progress: resolved 430, reused 0, downloaded 0, added 0
Progress: resolved 603, reused 0, downloaded 0, added 0
Progress: resolved 806, reused 0, downloaded 0, added 0
Progress: resolved 1045, reused 0, downloaded 0, added 0
Progress: resolved 1093, reused 0, downloaded 0, added 0
 WARN  35 deprecated subdependencies found: @azure/ms-rest-azure-env@2.0.0, @azure/ms-rest-js@2.7.0, @azure/ms-rest-nodeauth@3.1.1, @sinonjs/text-encoding@0.7.3, @types/minimatch@6.0.0, abab@1.0.4, adal-node@0.2.4, are-we-there-yet@1.1.7, clone-buffer@1.0.0, core-js@2.6.12, debug@3.2.6, gauge@2.7.4, git-raw-commits@1.3.6, glob@7.1.3, glob@7.1.7, glob@7.2.3, har-validator@5.1.5, inflight@1.0.6, lodash.get@4.4.2, lodash.pick@4.4.0, lodash.template@4.18.1, mkdirp@0.5.4, node-pre-gyp@0.11.0, npmlog@4.1.2, osenv@0.1.5, path-dirname@1.0.2, q@1.5.1, request@2.88.2, resolve-url@0.2.1, rimraf@2.6.3, source-map-resolve@0.5.3, source-map-url@0.4.1, tar@4.4.19, urix@0.1.0, uuid@8.3.2

devDependencies: skipped

Packages: +20
++++++++++++++++++++
Progress: resolved 1098, reused 19, downloaded 1, added 20, done
Done in 10.9s using pnpm v9.15.9
