$ corepack pnpm@9.15.9 install --prod --no-frozen-lockfile --reporter=append-only --config.node-linker=hoisted --ignore-workspace --ignore-scripts
 WARN  deprecated gentle-fs@2.3.1: This package is deprecated and will not be receiving further updates
Progress: resolved 1, reused 0, downloaded 0, added 0
 WARN  deprecated rimraf@2.7.1: Rimraf versions prior to v4 are no longer supported
 WARN  deprecated tap@12.7.0: Versions of tap before v18 are no longer maintained. Please upgrade.
Progress: resolved 12, reused 0, downloaded 0, added 0
 WARN  deprecated standard-version@4.4.0: standard-version is deprecated. If you're a GitHub user, I recommend https://github.com/googleapis/release-please as an alternative.
Progress: resolved 14, reused 0, downloaded 0, added 0
Progress: resolved 70, reused 0, downloaded 0, added 0
Progress: resolved 141, reused 0, downloaded 0, added 0
Progress: resolved 235, reused 0, downloaded 0, added 0
Progress: resolved 377, reused 0, downloaded 0, added 0
Progress: resolved 588, reused 0, downloaded 0, added 0
 WARN  21 deprecated subdependencies found: circular-json@0.3.3, conventional-changelog-atom@0.2.8, conventional-changelog-codemirror@0.3.8, conventional-changelog-core@2.0.11, conventional-changelog-ember@0.3.12, conventional-changelog-eslint@1.0.9, conventional-changelog-express@0.3.6, conventional-changelog-jquery@0.1.0, conventional-changelog-jshint@0.3.8, eslint@3.19.0, fs-vacuum@1.2.10, git-raw-commits@1.3.6, git-semver-tags@1.3.6, glob@7.2.3, har-validator@5.1.5, inflight@1.0.6, lodash.template@4.18.1, q@1.5.1, request@2.88.2, rimraf@2.6.3, uuid@3.4.0

dependencies:
+ mkdirp-infer-owner ^1.0.2

devDependencies: skipped

Packages: +32
++++++++++++++++++++++++++++++++
Progress: resolved 589, reused 32, downloaded 0, added 32, done
Done in 7.8s using pnpm v9.15.9
