$ corepack pnpm@9.15.9 install --prod --no-frozen-lockfile --reporter=append-only --config.node-linker=hoisted --ignore-workspace --ignore-scripts
Progress: resolved 1, reused 0, downloaded 0, added 0
 WARN  deprecated async@3.0.1-0: 3.0.0 is out!
 WARN  deprecated mkdirp@0.5.1: Legacy versions of mkdirp are no longer supported. Please update to mkdirp 1.x. (Note that the API surface has changed to use Promises in 1.x.)
 WARN  deprecated request@2.88.0: request has been deprecated, see https://github.com/request/request/issues/3142
 WARN  deprecated babel-eslint@8.2.6: babel-eslint is now @babel/eslint-parser. This package will no longer receive updates.
 WARN  deprecated babel-preset-es2015-node4@2.1.1: Use npmjs.org/babel-preset-env instead, see https://github.com/babel/babel-preset-env
 WARN  deprecated babel-preset-es2015@6.24.1: 🙌  Thanks for using Babel: we recommend using babel-preset-env now: please read https://babeljs.io/env to update!
 WARN  deprecated eslint-loader@2.1.0: This loader has been deprecated. Please use eslint-webpack-plugin
 WARN  deprecated friendly-errors-webpack-plugin@1.7.0: Package no longer supported. Contact Support at https://www.npmjs.com/support for more info.
 WARN  deprecated html-webpack-plugin@3.2.0: 3.x is no longer supported
 WARN  deprecated eslint@5.2.0: This version is no longer supported. Please see https://eslint.org/version-support for other options.
 WARN  deprecated node-sass@4.9.2: Node Sass is no longer supported. Please use `sass` or `sass-embedded` instead.
 WARN  deprecated rimraf@2.6.2: Rimraf versions prior to v4 are no longer supported
 WARN  deprecated standard-version@4.4.0: standard-version is deprecated. If you're a GitHub user, I recommend https://github.com/googleapis/release-please as an alternative.
 WARN  deprecated puppeteer@1.1.1: < 24.15.0 is no longer supported
 WARN  deprecated supertest@3.1.0: Please upgrade to supertest v7.1.3+, see release notes at https://github.com/forwardemail/supertest/releases/tag/v7.1.3 - maintenance is supported by Forward Email @ https://forwardemail.net
Progress: resolved 288, reused 0, downloaded 0, added 0
 WARN  GET https://registry.npmjs.org/babel-plugin-syntax-trailing-function-commas error (ECONNRESET). Will retry in 10 seconds. 2 retries left.
Progress: resolved 351, reused 0, downloaded 0, added 0
Progress: resolved 445, reused 0, downloaded 0, added 0
Progress: resolved 567, reused 0, downloaded 0, added 0
Progress: resolved 697, reused 0, downloaded 0, added 0
Progress: resolved 814, reused 0, downloaded 0, added 0
Progress: resolved 971, reused 0, downloaded 0, added 0
Progress: resolved 1172, reused 0, downloaded 0, added 0
Progress: resolved 1360, reused 0, downloaded 0, added 0
Progress: resolved 1524, reused 0, downloaded 0, added 0
Progress: resolved 1645, reused 0, downloaded 0, added 0
Progress: resolved 1750, reused 0, downloaded 0, added 0
 WARN  66 deprecated subdependencies found: abab@2.0.6, acorn-dynamic-import@3.0.0, airbnb-prop-types@2.16.0, are-we-there-yet@1.1.7, argv@0.0.2, axios@0.17.1, bfj-node4@5.3.1, browserslist@1.7.7, circular-json@0.3.3, conventional-changelog-atom@0.2.8, conventional-changelog-codemirror@0.3.8, conventional-changelog-core@2.0.11, conventional-changelog-ember@0.3.12, conventional-changelog-eslint@1.0.9, conventional-changelog-express@0.3.6, conventional-changelog-jquery@0.1.0, conventional-changelog-jshint@0.3.8, copy-concurrently@1.0.5, core-js@1.2.7, core-js@2.6.12, domexception@1.0.1, flatten@1.0.3, formidable@1.2.6, fs-write-stream-atomic@1.0.10, fsevents@1.2.13, fstream@1.0.12, gauge@2.7.4, git-raw-commits@1.3.6, git-semver-tags@1.3.6, glob@6.0.4, glob@7.1.7, glob@7.2.3, har-validator@5.0.3, har-validator@5.1.5, highlight.js@9.12.0, iltorb@1.3.10, inflight@1.0.6, kleur@2.0.2, left-pad@1.3.0, lodash.pick@4.4.0, lodash.template@4.18.1, move-concurrently@1.0.1, npmlog@4.1.2, osenv@0.1.5, path-dirname@1.0.2, prebuild-install@2.5.3, q@1.5.1, request-promise-native@1.0.9, request@2.87.0, resolve-url@0.2.1, rimraf@2.4.5, sane@2.5.2, source-map-resolve@0.5.3, source-map-url@0.4.1, stable@0.1.8, superagent@3.8.2, svgo@0.7.2, svgo@1.3.2, tar@2.2.2, trim@0.0.1, uglify-es@3.3.9, urix@0.1.0, uuid@3.4.0, w3c-hr-time@1.0.2, whatwg-encoding@1.0.5, whatwg-encoding@3.1.1

devDependencies: skipped

 WARN  Issues with peer dependencies found
.
├─┬ enzyme-adapter-react-16 1.1.1
│ └─┬ react-test-renderer 16.14.0
│   └── ✕ unmet peer react@^16.14.0: found 16.4.2
└─┬ stylelint-webpack-plugin 0.10.5
  └── ✕ unmet peer stylelint@^8.0.0: found 9.4.0

Packages: +197
++++++++++++++++++++++++++++++++++++++++++++++++++++++++++++++++++++++++++++++++
Progress: resolved 1757, reused 187, downloaded 0, added 194
Progress: resolved 1757, reused 187, downloaded 3, added 197, done
Done in 14s using pnpm v9.15.9
