$ corepack pnpm@9.15.9 install --prod --no-frozen-lockfile --reporter=append-only --config.node-linker=hoisted --ignore-workspace --ignore-scripts
Progress: resolved 1, reused 0, downloaded 0, added 0
 WARN  deprecated eslint-config-aegir@1.0.1: This package is no longer maintained!
 WARN  deprecated joi@10.6.0: This version has been deprecated in accordance with the hapi support policy (hapi.im/support). Please upgrade to the latest version to get the best features, bug fixes, and security patches. If you are unable to upgrade at this time, paid support is available for older versions (hapi.im/commercial).
 WARN  deprecated eslint@4.19.1: This version is no longer supported. Please see https://eslint.org/version-support for other options.
 WARN  deprecated glob@7.2.3: Old versions of glob are not supported, and contain widely publicized security vulnerabilities, which have been fixed in the current version. Please update. Support for old versions may be purchased (at exorbitant rates) by contacting i@izs.me
 WARN  deprecated rimraf@2.7.1: Rimraf versions prior to v4 are no longer supported
 WARN  deprecated uglify-es@3.3.9: support for ECMAScript is superseded by `uglify-js` as of v3.13.0
 WARN  deprecated sinon@3.3.0: 16.1.1
Progress: resolved 86, reused 0, downloaded 0, added 0
Progress: resolved 226, reused 0, downloaded 0, added 0
Progress: resolved 414, reused 0, downloaded 0, added 0
Progress: resolved 589, reused 0, downloaded 0, added 0
Progress: resolved 833, reused 0, downloaded 0, added 0
Progress: resolved 1070, reused 0, downloaded 0, added 0
Progress: resolved 1388, reused 0, downloaded 0, added 0
Progress: resolved 1583, reused 0, downloaded 0, added 0
 WARN  68 deprecated subdependencies found: @sinonjs/text-encoding@0.7.3, abab@1.0.4, abab@2.0.6, acorn-dynamic-import@2.0.2, argv@0.0.2, boom@2.10.1, circular-json@0.3.3, clone-buffer@1.0.0, content-type-parser@1.0.2, conventional-changelog-atom@0.2.8, conventional-changelog-codemirror@0.3.8, conventional-changelog-core@2.0.11, conventional-changelog-ember@0.3.12, conventional-changelog-eslint@1.0.9, conventional-changelog-express@0.3.6, conventional-changelog-jquery@0.1.0, conventional-changelog-jshint@0.3.8, core-js@1.2.7, core-js@2.6.12, cryptiles@2.0.5, domexception@1.0.1, formatio@1.2.0, fsevents@1.2.13, git-raw-commits@1.3.6, git-semver-tags@1.3.6, github@0.2.4, glob@5.0.15, glob@7.1.1, har-validator@2.0.6, har-validator@5.1.5, hawk@3.1.3, highlight.js@9.18.5, hoek@2.16.3, hoek@4.3.1, inflight@1.0.6, items@2.2.1, json3@3.3.2, left-pad@1.3.0, lodash.get@4.4.2, lodash.isequal@4.5.0, lodash.template@4.18.1, log4js@0.6.38, mkdirp@0.5.1, node-uuid@1.4.8, path-dirname@1.0.2, q@1.5.1, radium-bootstrap-grid@0.1.8, raw-body@1.1.7, request-promise-native@1.0.9, request@2.77.0, request@2.79.0, request@2.88.2, resolve-url@0.2.1, rimraf@2.6.3, samsam@1.3.0, sane@2.5.2, sane@4.1.0, sntp@1.0.9, source-map-resolve@0.5.3, source-map-url@0.4.1, text-encoding@0.6.4, topo@2.1.1, trim@0.0.1, urix@0.1.0, uuid@3.4.0, w3c-hr-time@1.0.2, whatwg-encoding@1.0.5, wrench@1.3.9

devDependencies: skipped

Packages: +1847
++++++++++++++++++++++++++++++++++++++++++++++++++++++++++++++++++++++++++++++++
Progress: resolved 1657, reused 180, downloaded 0, added 0
Progress: resolved 1657, reused 1240, downloaded 137, added 1532
Progress: resolved 1657, reused 1240, downloaded 304, added 1758
Progress: resolved 1657, reused 1240, downloaded 351, added 1845
Progress: resolved 1657, reused 1240, downloaded 353, added 1847, done
Done in 13.4s using pnpm v9.15.9
