$ corepack pnpm@9.15.9 install --prod --no-frozen-lockfile --reporter=append-only --config.node-linker=hoisted --ignore-workspace --ignore-scripts
Progress: resolved 1, reused 0, downloaded 0, added 0
 WARN  deprecated graphql@14.6.0: No longer supported; please update to a newer version. Details: https://github.com/graphql/graphql-js#version-support
 WARN  deprecated apollo-server@2.26.2: The `apollo-server` package is part of Apollo Server v2 and v3, which are now end-of-life (as of October 22nd 2023 and October 22nd 2024, respectively). This package's functionality is now found in the `@apollo/server` package. See https://www.apollographql.com/docs/apollo-server/previous-versions/ for more details.
 WARN  deprecated apollo-server-env@2.4.5: The `apollo-server-env` package is part of Apollo Server v2 and v3, which are now end-of-life (as of October 22nd 2023 and October 22nd 2024, respectively). This package's functionality is now found in the `@apollo/utils.fetcher` package. See https://www.apollographql.com/docs/apollo-server/previous-versions/ for more details.
Progress: resolved 16, reused 0, downloaded 0, added 0
Progress: resolved 97, reused 0, downloaded 0, added 0
Progress: resolved 163, reused 0, downloaded 0, added 0
Progress: resolved 224, reused 0, downloaded 0, added 0
Progress: resolved 373, reused 0, downloaded 0, added 0
Progress: resolved 454, reused 0, downloaded 0, added 0
Progress: resolved 543, reused 0, downloaded 0, added 0
Progress: resolved 648, reused 0, downloaded 0, added 0
Progress: resolved 746, reused 0, downloaded 0, added 0
Progress: resolved 921, reused 0, downloaded 0, added 0
Progress: resolved 928, reused 0, downloaded 0, added 0
Progress: resolved 950, reused 0, downloaded 0, added 0
Progress: resolved 955, reused 0, downloaded 0, added 0
Progress: resolved 956, reused 0, downloaded 0, added 0
Progress: resolved 1003, reused 0, downloaded 0, added 0
Progress: resolved 1048, reused 0, downloaded 0, added 0
 WARN  52 deprecated subdependencies found: @babel/plugin-proposal-async-generator-functions@7.20.7, @babel/plugin-proposal-class-properties@7.4.0, @babel/plugin-proposal-export-namespace-from@7.2.0, @babel/plugin-proposal-json-strings@7.2.0, @babel/plugin-proposal-logical-assignment-operators@7.2.0, @babel/plugin-proposal-nullish-coalescing-operator@7.2.0, @babel/plugin-proposal-numeric-separator@7.2.0, @babel/plugin-proposal-object-rest-spread@7.20.7, @babel/plugin-proposal-optional-catch-binding@7.18.6, @babel/plugin-proposal-optional-chaining@7.2.0, @babel/plugin-proposal-unicode-property-regex@7.18.6, abab@2.0.6, apollo-cache-control@0.15.0, apollo-datasource-rest@0.6.11, apollo-datasource@0.10.0, apollo-datasource@0.6.4, apollo-reporting-protobuf@0.8.0, apollo-server-caching@0.4.0, apollo-server-caching@0.5.3, apollo-server-caching@0.7.0, apollo-server-core@2.26.2, apollo-server-env@3.2.0, apollo-server-errors@2.5.0, apollo-server-express@2.26.2, apollo-server-plugin-base@0.14.0, apollo-server-types@0.10.0, apollo-tracing@0.16.0, core-js@2.6.12, debuglog@1.0.1, domexception@1.0.1, fsevents@1.2.13, glob@7.2.3, graphql-extensions@0.16.0, graphql-tools@4.0.8, har-validator@5.1.5, highlight.js@9.18.5, inflight@1.0.6, kleur@2.0.2, left-pad@1.3.0, request-promise-native@1.0.9, request@2.88.2, resolve-url@0.2.1, rimraf@2.7.1, sane@2.5.2, source-map-resolve@0.5.3, source-map-url@0.4.1, subscriptions-transport-ws@0.9.19, urix@0.1.0, uuid@3.4.0, uuid@8.3.2, w3c-hr-time@1.0.2, whatwg-encoding@1.0.5

devDependencies: skipped

 WARN  Issues with peer dependencies found
.
└─┬ react-native 0.87.1
  └── ✕ unmet peer react@^19.2.3: found 16.14.0

Packages: +1061
++++++++++++++++++++++++++++++++++++++++++++++++++++++++++++++++++++++++++++++++
Progress: resolved 1059, reused 825, downloaded 33, added 875
Progress: resolved 1059, reused 825, downloaded 75, added 929
Progress: resolved 1059, reused 825, downloaded 109, added 991
Progress: resolved 1059, reused 825, downloaded 126, added 1039
Progress: resolved 1059, reused 825, downloaded 128, added 1042
Progress: resolved 1059, reused 825, downloaded 130, added 1057
Progress: resolved 1059, reused 825, downloaded 131, added 1057
Progress: resolved 1059, reused 825, downloaded 133, added 1060
Progress: resolved 1059, reused 825, downloaded 134, added 1060
Progress: resolved 1059, reused 825, downloaded 134, added 1061, done
Done in 33s using pnpm v9.15.9
