$ corepack pnpm@9.15.9 install --prod --no-frozen-lockfile --reporter=append-only --config.node-linker=hoisted --ignore-workspace --ignore-scripts
Progress: resolved 1, reused 0, downloaded 0, added 0
 WARN  deprecated extend@1.1.3: Please update to the latest version.
 WARN  deprecated glob@4.5.3: Old versions of glob are not supported, and contain widely publicized security vulnerabilities, which have been fixed in the current version. Please update. Support for old versions may be purchased (at exorbitant rates) by contacting i@izs.me
 WARN  deprecated nodemailer@0.6.5: All versions below 4.0.1 of Nodemailer are deprecated. See https://nodemailer.com/status/
 WARN  deprecated express@3.0.6: No longer maintained. Please upgrade to a stable version.
 WARN  deprecated request@2.88.2: request has been deprecated, see https://github.com/request/request/issues/3142
 WARN  deprecated nunjucks@1.3.4: potential XSS vulnerability in autoescape mode, and with escape filter was fixed in v2.4.3
 WARN  deprecated wrench@1.5.9: wrench.js is deprecated! You should check out fs-extra (https://github.com/jprichardson/node-fs-extra) for any operations you were using wrench for. Thanks for all the usage over the years.
Progress: resolved 34, reused 0, downloaded 0, added 0
Progress: resolved 98, reused 0, downloaded 0, added 0
Progress: resolved 203, reused 0, downloaded 0, added 0
Progress: resolved 212, reused 0, downloaded 0, added 0
Progress: resolved 225, reused 0, downloaded 0, added 0
 WARN  24 deprecated subdependencies found: CSSselect@0.4.1, CSSwhat@0.4.7, boom@0.4.2, chokidar@0.12.6, connect@2.7.2, cryptiles@0.2.2, formidable@1.0.11, graceful-fs@2.0.3, har-validator@5.1.5, hawk@1.1.1, hoek@0.9.1, inflight@1.0.6, lodash.pick@4.4.0, mailcomposer@0.2.12, mimelib@0.2.19, minimatch@0.2.14, minimatch@2.0.10, mkdirp@0.3.3, natives@1.1.6, node-uuid@1.4.8, request@2.40.0, sntp@0.2.4, sprintf@0.1.5, uuid@3.4.0

devDependencies: skipped

Packages: +227
++++++++++++++++++++++++++++++++++++++++++++++++++++++++++++++++++++++++++++++++
Progress: resolved 226, reused 143, downloaded 14, added 138
Progress: resolved 226, reused 143, downloaded 70, added 206
Progress: resolved 226, reused 143, downloaded 81, added 227, done
Done in 8.3s using pnpm v9.15.9
