$ corepack pnpm@9.15.9 install --prod --no-frozen-lockfile --reporter=append-only --config.node-linker=hoisted --ignore-workspace --ignore-scripts
 WARN  deprecated lodash.get@4.4.2: This package is deprecated. Use the optional chaining (?.) operator instead.
Progress: resolved 1, reused 0, downloaded 0, added 0
Progress: resolved 29, reused 0, downloaded 0, added 0
Progress: resolved 100, reused 0, downloaded 0, added 0
Progress: resolved 246, reused 0, downloaded 0, added 0
Progress: resolved 313, reused 0, downloaded 0, added 0
Progress: resolved 469, reused 0, downloaded 0, added 0
Progress: resolved 571, reused 0, downloaded 0, added 0
Progress: resolved 715, reused 0, downloaded 0, added 0
Progress: resolved 842, reused 0, downloaded 0, added 0
Progress: resolved 861, reused 0, downloaded 0, added 0
Progress: resolved 862, reused 0, downloaded 0, added 0
 WARN  deprecated @babel/plugin-proposal-export-namespace-from@7.18.9: This proposal has been merged to the ECMAScript standard and thus this plugin is no longer maintained. Please use @babel/plugin-transform-export-namespace-from instead.
 WARN  deprecated @babel/plugin-proposal-class-properties@7.18.6: This proposal has been merged to the ECMAScript standard and thus this plugin is no longer maintained. Please use @babel/plugin-transform-class-properties instead.
 WARN  deprecated @babel/plugin-proposal-numeric-separator@7.18.6: This proposal has been merged to the ECMAScript standard and thus this plugin is no longer maintained. Please use @babel/plugin-transform-numeric-separator instead.
 WARN  deprecated @babel/plugin-proposal-logical-assignment-operators@7.20.7: This proposal has been merged to the ECMAScript standard and thus this plugin is no longer maintained. Please use @babel/plugin-transform-logical-assignment-operators instead.
 WARN  deprecated @babel/plugin-proposal-json-strings@7.18.6: This proposal has been merged to the ECMAScript standard and thus this plugin is no longer maintained. Please use @babel/plugin-transform-json-strings instead.
 WARN  deprecated @babel/plugin-proposal-nullish-coalescing-operator@7.18.6: This proposal has been merged to the ECMAScript standard and thus this plugin is no longer maintained. Please use @babel/plugin-transform-nullish-coalescing-operator instead.
 WARN  deprecated @babel/plugin-proposal-optional-chaining@7.21.0: This proposal has been merged to the ECMAScript standard and thus this plugin is no longer maintained. Please use @babel/plugin-transform-optional-chaining instead.
 WARN  deprecated eslint@6.8.0: This version is no longer supported. Please see https://eslint.org/version-support for other options.
Progress: resolved 894, reused 0, downloaded 0, added 0
Progress: resolved 899, reused 0, downloaded 0, added 0
Progress: resolved 900, reused 0, downloaded 0, added 0
Progress: resolved 1008, reused 0, downloaded 0, added 0
Progress: resolved 1110, reused 0, downloaded 0, added 0
Progress: resolved 1132, reused 0, downloaded 0, added 0
Progress: resolved 1146, reused 0, downloaded 0, added 0
Progress: resolved 1151, reused 0, downloaded 0, added 0
Progress: resolved 1152, reused 0, downloaded 0, added 0
Progress: resolved 1156, reused 0, downloaded 0, added 0
 WARN  26 deprecated subdependencies found: @types/minimatch@6.0.0, abab@2.0.6, babel-eslint@10.1.0, clone-buffer@1.0.0, default-resolution@2.0.0, domexception@1.0.1, eslint-teamcity@2.3.1, fsevents@1.2.13, glob@7.2.3, har-validator@5.1.5, inflight@1.0.6, left-pad@1.3.0, path-dirname@1.0.2, request-promise-native@1.0.9, request@2.88.2, resolve-url@0.2.1, rimraf@2.6.3, rimraf@2.7.1, rimraf@3.0.2, sane@4.1.0, source-map-resolve@0.5.3, source-map-url@0.4.1, urix@0.1.0, uuid@3.4.0, w3c-hr-time@1.0.2, whatwg-encoding@1.0.5

devDependencies: skipped

 WARN  Issues with peer dependencies found
.
├─┬ eslint-config-airbnb 19.0.4
│ ├── ✕ unmet peer eslint@"^7.32.0 || ^8.2.0": found 6.8.0
│ ├── ✕ unmet peer eslint-plugin-react@^7.28.0: found 7.14.3
│ ├── ✕ unmet peer eslint-plugin-react-hooks@^4.3.0: found 7.1.1
│ └─┬ eslint-config-airbnb-base 15.0.0
│   └── ✕ unmet peer eslint@"^7.32.0 || ^8.2.0": found 6.8.0
├─┬ eslint-plugin-class-methods-use-this-regexp 0.1.0
│ └── ✕ unmet peer eslint@^4.x.x: found 6.8.0
├─┬ eslint-config-prettier 10.1.8
│ └── ✕ unmet peer eslint@>=7.0.0: found 6.8.0
├─┬ eslint-plugin-prettier 5.5.6
│ └── ✕ unmet peer eslint@>=8.0.0: found 6.8.0
├─┬ eslint-plugin-jsdoc 65.1.0
│ ├── ✕ unmet peer eslint@"^7.0.0 || ^8.0.0 || ^9.0.0 || ^10.0.0": found 6.8.0
│ └─┬ @typescript-eslint/utils 8.71.1
│   ├── ✕ unmet peer eslint@"^8.57.0 || ^9.0.0 || ^10.0.0": found 6.8.0
│   ├── ✕ unmet peer typescript@">=4.8.4 <6.1.0": found 3.5.3
│   └─┬ @typescript-eslint/typescript-estree 8.71.1
│     ├── ✕ unmet peer typescript@">=4.8.4 <6.1.0": found 3.5.3
│     ├─┬ @typescript-eslint/tsconfig-utils 8.71.1
│     │ └── ✕ unmet peer typescript@">=4.8.4 <6.1.0": found 3.5.3
│     ├─┬ @typescript-eslint/project-service 8.71.1
│     │ └── ✕ unmet peer typescript@">=4.8.4 <6.1.0": found 3.5.3
│     └─┬ ts-api-utils 2.5.0
│       └── ✕ unmet peer typescript@>=4.8.4: found 3.5.3
├─┬ @babel/plugin-proposal-do-expressions 8.0.1
│ ├── ✕ unmet peer @babel/core@^8.0.0: found 7.29.7
│ └─┬ @babel/helper-plugin-utils 8.0.1
│   └── ✕ unmet peer @babel/core@^8.0.0: found 7.29.7
├─┬ @babel/plugin-proposal-export-default-from 8.0.1
│ └── ✕ unmet peer @babel/core@^8.0.0: found 7.29.7
├─┬ @babel/plugin-proposal-decorators 8.0.2
│ ├── ✕ unmet peer @babel/core@^8.0.0: found 7.29.7
│ ├─┬ @babel/plugin-syntax-decorators 8.0.1
│ │ └── ✕ unmet peer @babel/core@^8.0.0: found 7.29.7
│ └─┬ @babel/helper-create-class-features-plugin 8.0.6
│   ├── ✕ unmet peer @babel/core@^8.0.0: found 7.29.7
│   └─┬ @babel/helper-replace-supers 8.0.1
│     └── ✕ unmet peer @babel/core@^8.0.0: found 7.29.7
├─┬ @babel/cli 8.0.6
│ └── ✕ unmet peer @babel/core@^8.0.0: found 7.29.7
├─┬ @babel/plugin-proposal-function-bind 8.0.1
│ └── ✕ unmet peer @babel/core@^8.0.0: found 7.29.7
├─┬ @babel/preset-react 8.0.1
│ ├── ✕ unmet peer @babel/core@^8.0.0: found 7.29.7
│ ├─┬ @babel/plugin-transform-react-pure-annotations 8.0.1
│ │ └── ✕ unmet peer @babel/core@^8.0.0: found 7.29.7
│ ├─┬ @babel/plugin-transform-react-jsx 8.0.1
│ │ ├── ✕ unmet peer @babel/core@^8.0.0: found 7.29.7
│ │ └─┬ @babel/plugin-syntax-jsx 8.0.1
│ │   └── ✕ unmet peer @babel/core@^8.0.0: found 7.29.7
│ ├─┬ @babel/plugin-transform-react-display-name 8.0.1
│ │ └── ✕ unmet peer @babel/core@^8.0.0: found 7.29.7
│ └─┬ @babel/plugin-transform-react-jsx-development 8.0.1
│   └── ✕ unmet peer @babel/core@^8.0.0: found 7.29.7
├─┬ @babel/plugin-proposal-function-sent 8.0.1
│ └── ✕ unmet peer @babel/core@^8.0.0: found 7.29.7
├─┬ @babel/plugin-proposal-pipeline-operator 8.0.1
│ ├── ✕ unmet peer @babel/core@^8.0.0: found 7.29.7
│ └─┬ @babel/plugin-syntax-pipeline-operator 8.0.1
│   └── ✕ unmet peer @babel/core@^8.0.0: found 7.29.7
├─┬ @babel/plugin-transform-regenerator 8.0.6
│ └── ✕ unmet peer @babel/core@^8.0.0: found 7.29.7
├─┬ @babel/plugin-proposal-throw-expressions 8.0.1
│ └── ✕ unmet peer @babel/core@^8.0.0: found 7.29.7
├─┬ @babel/plugin-transform-runtime 8.0.6
│ └── ✕ unmet peer @babel/core@^8.0.0: found 7.29.7
└─┬ @babel/preset-env 8.0.6
  ├── ✕ unmet peer @babel/core@^8.0.0: found 7.29.7
  ├─┬ @babel/preset-modules 0.2.0
  │ ├── ✕ unmet peer @babel/core@^8.0.0: found 7.29.7
  │ ├─┬ @babel/plugin-transform-dotall-regex 8.0.1
  │ │ ├── ✕ unmet peer @babel/core@^8.0.0: found 7.29.7
  │ │ └─┬ @babel/helper-create-regexp-features-plugin 8.0.5
  │ │   └── ✕ unmet peer @babel/core@^8.0.0: found 7.29.7
  │ └─┬ @babel/plugin-transform-unicode-property-regex 8.0.1
  │   └── ✕ unmet peer @babel/core@^8.0.0: found 7.29.7
  ├─┬ @babel/plugin-transform-for-of 8.0.1
  │ └── ✕ unmet peer @babel/core@^8.0.0: found 7.29.7
  ├─┬ @babel/plugin-transform-spread 8.0.5
  │ └── ✕ unmet peer @babel/core@^8.0.0: found 7.29.7
  ├─┬ @babel/plugin-transform-json-strings 8.0.1
  │ └── ✕ unmet peer @babel/core@^8.0.0: found 7.29.7
  ├─┬ @babel/plugin-transform-modules-amd 8.0.1
  │ ├── ✕ unmet peer @babel/core@^8.0.0: found 7.29.7
  │ └─┬ @babel/helper-module-transforms 8.0.6
  │   └── ✕ unmet peer @babel/core@^8.0.0: found 7.29.7
  ├─┬ @babel/plugin-transform-literals 8.0.1
  │ └── ✕ unmet peer @babel/core@^8.0.0: found 7.29.7
  ├─┬ @babel/plugin-transform-new-target 8.0.1
  │ └── ✕ unmet peer @babel/core@^8.0.0: found 7.29.7
  ├─┬ @babel/plugin-transform-parameters 8.0.5
  │ └── ✕ unmet peer @babel/core@^8.0.0: found 7.29.7
  ├─┬ @babel/plugin-transform-classes 8.0.5
  │ └── ✕ unmet peer @babel/core@^8.0.0: found 7.29.7
  ├─┬ @babel/plugin-transform-object-super 8.0.1
  │ └── ✕ unmet peer @babel/core@^8.0.0: found 7.29.7
  ├─┬ @babel/plugin-transform-dynamic-import 8.0.1
  │ └── ✕ unmet peer @babel/core@^8.0.0: found 7.29.7
  ├─┬ @babel/plugin-transform-function-name 8.0.1
  │ └── ✕ unmet peer @babel/core@^8.0.0: found 7.29.7
  ├─┬ @babel/plugin-transform-class-properties 8.0.1
  │ └── ✕ unmet peer @babel/core@^8.0.0: found 7.29.7
  ├─┬ @babel/plugin-transform-unicode-regex 8.0.1
  │ └── ✕ unmet peer @babel/core@^8.0.0: found 7.29.7
  ├─┬ @babel/plugin-transform-sticky-regex 8.0.1
  │ └── ✕ unmet peer @babel/core@^8.0.0: found 7.29.7
  ├─┬ @babel/plugin-transform-unicode-escapes 8.0.1
  │ └── ✕ unmet peer @babel/core@^8.0.0: found 7.29.7
  ├─┬ @babel/plugin-transform-regexp-modifiers 8.0.1
  │ └── ✕ unmet peer @babel/core@^8.0.0: found 7.29.7
  ├─┬ @babel/plugin-transform-typeof-symbol 8.0.1
  │ └── ✕ unmet peer @babel/core@^8.0.0: found 7.29.7
  ├─┬ @babel/plugin-transform-arrow-functions 8.0.1
  │ └── ✕ unmet peer @babel/core@^8.0.0: found 7.29.7
  ├─┬ @babel/plugin-transform-reserved-words 8.0.1
  │ └── ✕ unmet peer @babel/core@^8.0.0: found 7.29.7
  ├─┬ @babel/plugin-transform-numeric-separator 8.0.1
  │ └── ✕ unmet peer @babel/core@^8.0.0: found 7.29.7
  ├─┬ @babel/plugin-transform-optional-chaining 8.0.5
  │ └── ✕ unmet peer @babel/core@^8.0.0: found 7.29.7
  ├─┬ @babel/plugin-transform-destructuring 8.0.5
  │ └── ✕ unmet peer @babel/core@^8.0.0: found 7.29.7
  ├─┬ @babel/plugin-transform-unicode-sets-regex 8.0.1
  │ └── ✕ unmet peer @babel/core@^8.0.0: found 7.29.7
  ├─┬ @babel/plugin-transform-class-static-block 8.0.5
  │ └── ✕ unmet peer @babel/core@^8.0.0: found 7.29.7
  ├─┬ @babel/plugin-transform-object-rest-spread 8.0.1
  │ └── ✕ unmet peer @babel/core@^8.0.0: found 7.29.7
  ├─┬ @babel/plugin-transform-export-namespace-from 8.0.1
  │ └── ✕ unmet peer @babel/core@^8.0.0: found 7.29.7
  ├─┬ @babel/plugin-transform-modules-commonjs 8.0.1
  │ └── ✕ unmet peer @babel/core@^8.0.0: found 7.29.7
  ├─┬ @babel/plugin-transform-shorthand-properties 8.0.1
  │ └── ✕ unmet peer @babel/core@^8.0.0: found 7.29.7
  ├─┬ @babel/plugin-transform-modules-systemjs 8.0.1
  │ └── ✕ unmet peer @babel/core@^8.0.0: found 7.29.7
  ├─┬ @babel/plugin-transform-property-literals 8.0.1
  │ └── ✕ unmet peer @babel/core@^8.0.0: found 7.29.7
  ├─┬ @babel/plugin-transform-async-to-generator 8.0.1
  │ ├── ✕ unmet peer @babel/core@^8.0.0: found 7.29.7
  │ └─┬ @babel/helper-remap-async-to-generator 8.0.1
  │   └── ✕ unmet peer @babel/core@^8.0.0: found 7.29.7
  ├─┬ @babel/plugin-transform-optional-catch-binding 8.0.1
  │ └── ✕ unmet peer @babel/core@^8.0.0: found 7.29.7
  ├─┬ @babel/plugin-transform-template-literals 8.0.1
  │ └── ✕ unmet peer @babel/core@^8.0.0: found 7.29.7
  ├─┬ @babel/plugin-transform-private-methods 8.0.1
  │ └── ✕ unmet peer @babel/core@^8.0.0: found 7.29.7
  ├─┬ @babel/plugin-transform-computed-properties 8.0.1
  │ └── ✕ unmet peer @babel/core@^8.0.0: found 7.29.7
  ├─┬ @babel/plugin-transform-explicit-resource-management 8.0.5
  │ └── ✕ unmet peer @babel/core@^8.0.0: found 7.29.7
  ├─┬ @babel/plugin-transform-async-generator-functions 8.0.6
  │ └── ✕ unmet peer @babel/core@^8.0.0: found 7.29.7
  ├─┬ @babel/plugin-transform-duplicate-keys 8.0.1
  │ └── ✕ unmet peer @babel/core@^8.0.0: found 7.29.7
  ├─┬ @babel/plugin-transform-logical-assignment-operators 8.0.1
  │ └── ✕ unmet peer @babel/core@^8.0.0: found 7.29.7
  ├─┬ @babel/plugin-transform-member-expression-literals 8.0.1
  │ └── ✕ unmet peer @babel/core@^8.0.0: found 7.29.7
  ├─┬ @babel/plugin-bugfix-safari-rest-destructuring-rhs-array 8.0.6
  │ └── ✕ unmet peer @babel/core@^8.0.0: found 7.29.7
  ├─┬ @babel/plugin-bugfix-firefox-class-in-computed-class-key 8.0.1
  │ └── ✕ unmet peer @babel/core@^8.0.0: found 7.29.7
  ├─┬ @babel/plugin-transform-private-property-in-object 8.0.5
  │ └── ✕ unmet peer @babel/core@^8.0.0: found 7.29.7
  ├─┬ @babel/plugin-bugfix-safari-class-field-initializer-scope 8.0.1
  │ └── ✕ unmet peer @babel/core@^8.0.0: found 7.29.7
  ├─┬ @babel/plugin-transform-block-scoped-functions 8.0.1
  │ └── ✕ unmet peer @babel/core@^8.0.0: found 7.29.7
  ├─┬ @babel/plugin-transform-block-scoping 8.0.5
  │ └── ✕ unmet peer @babel/core@^8.0.0: found 7.29.7
  ├─┬ @babel/plugin-bugfix-v8-static-class-fields-redefine-readonly 8.0.1
  │ └── ✕ unmet peer @babel/core@^8.0.0: found 7.29.7
  ├─┬ @babel/plugin-transform-named-capturing-groups-regex 8.0.1
  │ └── ✕ unmet peer @babel/core@^8.0.0: found 7.29.7
  ├─┬ @babel/plugin-bugfix-v8-spread-parameters-in-optional-chaining 8.0.1
  │ └── ✕ unmet peer @babel/core@^8.0.0: found 7.29.7
  ├─┬ @babel/plugin-transform-duplicate-named-capturing-groups-regex 8.0.1
  │ └── ✕ unmet peer @babel/core@^8.0.0: found 7.29.7
  ├─┬ @babel/plugin-bugfix-safari-id-destructuring-collision-in-function-expression 8.0.1
  │ └── ✕ unmet peer @babel/core@^8.0.0: found 7.29.7
  ├─┬ @babel/plugin-transform-exponentiation-operator 8.0.1
  │ └── ✕ unmet peer @babel/core@^8.0.0: found 7.29.7
  ├─┬ @babel/plugin-transform-nullish-coalescing-operator 8.0.1
  │ └── ✕ unmet peer @babel/core@^8.0.0: found 7.29.7
  └─┬ @babel/plugin-transform-modules-umd 8.0.1
    └── ✕ unmet peer @babel/core@^8.0.0: found 7.29.7

Packages: +8
++++++++
Progress: resolved 1157, reused 8, downloaded 0, added 8, done
Done in 25.7s using pnpm v9.15.9
