$ corepack pnpm@9.15.9 install --prod --no-frozen-lockfile --reporter=append-only --config.node-linker=hoisted --ignore-workspace --ignore-scripts
Progress: resolved 1, reused 0, downloaded 0, added 0
 WARN  deprecated conventional-changelog-cli@2.0.11: This package is no longer maintained. Please use the conventional-changelog package instead.
 WARN  deprecated rimraf@2.6.3: Rimraf versions prior to v4 are no longer supported
 WARN  deprecated tslint-immutable@5.1.0: Package no longer supported. Contact Support at https://www.npmjs.com/support for more info.
 WARN  deprecated mocha-typescript@1.1.17: mocha-typescript has been deprecated, use @testdeck/mocha instead
Progress: resolved 41, reused 0, downloaded 0, added 0
Progress: resolved 196, reused 0, downloaded 0, added 0
Progress: resolved 406, reused 0, downloaded 0, added 0
Progress: resolved 576, reused 0, downloaded 0, added 0
Progress: resolved 604, reused 0, downloaded 0, added 0
Progress: resolved 606, reused 0, downloaded 0, added 0
Progress: resolved 617, reused 0, downloaded 0, added 0
Progress: resolved 618, reused 0, downloaded 0, added 0
 WARN  27 deprecated subdependencies found: conventional-changelog-atom@2.0.8, conventional-changelog-codemirror@2.0.8, conventional-changelog-core@4.2.4, conventional-changelog-ember@2.0.9, conventional-changelog-eslint@3.0.9, conventional-changelog-express@2.0.6, conventional-changelog-jquery@3.0.11, conventional-changelog-jshint@2.0.9, core-js@2.6.12, git-raw-commits@1.3.6, git-raw-commits@2.0.11, git-semver-tags@4.1.1, glob@7.1.2, glob@7.1.3, glob@7.2.3, inflight@1.0.6, lodash.template@4.18.1, mkdirp@0.5.1, nomnom@1.8.1, q@1.5.1, resolve-url@0.2.1, right-pad@1.1.1, source-map-resolve@0.5.3, source-map-url@0.4.1, urix@0.1.0, uuid@2.0.3, uuid@3.4.0
Progress: resolved 619, reused 0, downloaded 0, added 0

devDependencies: skipped

Already up to date
Progress: resolved 619, reused 0, downloaded 0, added 0, done
Done in 14.2s using pnpm v9.15.9
