$ corepack pnpm@9.15.9 install --prod --no-frozen-lockfile --reporter=append-only --config.node-linker=hoisted --ignore-workspace --ignore-scripts
Progress: resolved 1, reused 0, downloaded 0, added 0
 WARN  deprecated left-pad@1.3.0: use String.prototype.padStart()
 WARN  deprecated protons@1.2.1: This module is no longer maintained
 WARN  deprecated ipfs@0.29.3: js-IPFS has been deprecated in favour of Helia - please see https://github.com/ipfs/js-ipfs/issues/4336 for details
Progress: resolved 65, reused 0, downloaded 0, added 0
Progress: resolved 129, reused 0, downloaded 0, added 0
Packages are hard linked from the content-addressable store to the virtual store.
  Content-addressable store is at: /home/wenyuan/pkg-cache/pnpm/v3
  Virtual store is at:             node_modules/.pnpm
Progress: resolved 248, reused 1, downloaded 0, added 0
 WARN  The git-hosted package fetched from "https://codeload.github.com/dryajov/karma-mocha-own-reporter/tar.gz/d562a92a12d5c76469a05d67cee19bcb8db22b23" has to be built but the build scripts were ignored.
Progress: resolved 365, reused 1, downloaded 1, added 0
Progress: resolved 466, reused 1, downloaded 1, added 0
Progress: resolved 563, reused 1, downloaded 1, added 0
 WARN  The git-hosted package fetched from "https://codeload.github.com/hugomrdias/pull-ws/tar.gz/9c1a9cf612ff6d1a030b763cb64b02922ae3c824" has to be built but the build scripts were ignored.
Progress: resolved 680, reused 1, downloaded 2, added 0
Progress: resolved 768, reused 1, downloaded 2, added 0
Progress: resolved 940, reused 1, downloaded 2, added 0
 WARN  The git-hosted package fetched from "https://codeload.github.com/baudehlo/node-fs-ext/tar.gz/eb6986b1df6a27a2a1cd9ee629be2e019431ae9e" has to be built but the build scripts were ignored.
 WARN  The git-hosted package fetched from "https://codeload.github.com/timkuijsten/level.js/tar.gz/18e03adab34c49523be7d3d58fafb0c632f61303" has to be built but the build scripts were ignored.
Progress: resolved 1069, reused 1, downloaded 4, added 0
Progress: resolved 1191, reused 1, downloaded 5, added 0
Progress: resolved 1332, reused 1, downloaded 5, added 0
Progress: resolved 1437, reused 1, downloaded 5, added 0
Progress: resolved 1613, reused 1, downloaded 5, added 0
Progress: resolved 1813, reused 1, downloaded 5, added 0
Progress: resolved 1860, reused 1, downloaded 5, added 0
Progress: resolved 1899, reused 1, downloaded 5, added 0
Progress: resolved 2023, reused 1, downloaded 5, added 0
 WARN  177 deprecated subdependencies found: @hapi/address@1.0.1, @hapi/boom@7.4.11, @hapi/content@4.1.1, @hapi/hoek@8.5.1, abab@2.0.6, abstract-leveldown@2.4.1, abstract-leveldown@2.6.3, abstract-leveldown@2.7.2, abstract-leveldown@4.0.3, abstract-leveldown@5.0.0, accept@2.2.3, acorn-dynamic-import@2.0.2, ammo@2.1.2, are-we-there-yet@1.1.7, argv@0.0.2, b64@3.1.1, boom@5.3.3, boom@7.3.0, bourne@1.3.3, call@4.1.2, catbox-memory@2.1.1, catbox@7.2.1, cids@0.5.8, cids@0.7.5, cids@0.8.3, circular-json@0.3.3, clone-buffer@1.0.0, codecov@3.8.3, content@3.1.2, conventional-changelog-atom@0.2.8, conventional-changelog-codemirror@0.3.8, conventional-changelog-core@2.0.11, conventional-changelog-ember@0.3.12, conventional-changelog-eslint@1.0.9, conventional-changelog-express@0.3.6, conventional-changelog-jquery@0.1.0, conventional-changelog-jshint@0.3.8, core-js@1.2.7, core-js@2.6.12, cryptiles@3.2.1, datastore-fs@0.5.0, datastore-fs@0.6.0, debug@4.1.1, deferred-leveldown@1.2.2, deferred-leveldown@3.0.0, deferred-leveldown@4.0.2, domexception@1.0.1, encoding-down@5.0.4, eslint-config-aegir@1.0.1, eslint@4.19.1, ethereumjs-block@2.2.2, ethereumjs-common@1.5.2, ethereumjs-tx@1.3.7, ethereumjs-tx@2.1.2, formidable@1.2.6, fsevents@1.2.13, gar@1.0.4, gauge@2.7.4, gc-stats@1.4.1, git-raw-commits@1.3.6, git-semver-tags@1.3.6, glob@5.0.15, glob@7.1.1, glob@7.1.2, glob@7.2.3, hapi@16.8.4, har-validator@5.1.5, heavy@4.1.1, highlight.js@9.18.5, hoek@4.3.1, hoek@5.0.4, hoek@6.1.3, human-to-milliseconds@1.0.0, inert@4.2.1, inflight@1.0.6, interface-connection@0.3.3, ipfs-api@21.0.0, ipfs-api@22.3.0, ipfs-block-service@0.14.0, ipld-dag-cbor@0.12.1, ipld-dag-pb@0.14.11, ipld-ethereum@2.0.3, ipld-git@0.2.3, ipld-raw@2.0.1, ipld-zcash@0.1.6, ipld@0.17.4, iron@4.1.1, items@2.2.1, joi@10.6.0, joi@12.1.1, joi@13.7.0, json3@3.3.2, level-codec@7.0.1, level-codec@9.0.2, level-errors@1.0.5, level-errors@1.1.2, level-errors@2.0.1, level-mem@3.0.1, level-packager@4.0.1, leveldown@3.0.2, levelup@1.3.9, levelup@2.0.2, levelup@3.1.1, libp2p-circuit@0.2.2, libp2p-crypto-secp256k1@0.2.3, libp2p-crypto-secp256k1@0.3.1, libp2p-identify@0.7.6, libp2p-keychain@0.3.6, libp2p-ping@0.8.5, libp2p-switch@0.39.2, libp2p-websocket-star@0.8.1, lodash.clone@4.5.0, lodash.get@4.4.2, lodash.isequal@4.5.0, lodash.template@4.18.1, log4js@0.6.38, memdown@1.4.1, memdown@3.0.0, mimos@3.1.1, mkdirp@0.5.1, multiaddr-to-uri@5.1.0, multiaddr@4.0.0, multiaddr@5.0.2, multiaddr@6.1.1, multiaddr@7.5.0, multibase@0.4.0, multibase@0.6.1, multibase@0.7.0, multibase@1.0.1, multicodec@0.2.7, multicodec@0.4.0, multicodec@0.5.7, multicodec@1.0.4, multihashing-async@0.4.8, multihashing-async@0.5.2, multihashing-async@0.6.0, nigel@2.1.1, npmlog@4.1.2, path-dirname@1.0.2, peer-book@0.7.0, peer-book@0.8.0, peer-info@0.14.1, peer-info@0.15.1, pez@2.2.2, podium@1.4.1, prebuild-install@4.0.0, prom-client@10.2.3, prom-client@11.5.3, promisify-es6@1.0.3, q@1.5.1, radium-bootstrap-grid@0.1.8, raw-body@1.1.7, request-promise-native@1.0.9, request@2.88.2, resolve-url@0.2.1, rimraf@2.6.3, rimraf@2.7.1, sane@4.1.0, shot@3.5.2, somever@1.1.1, source-map-resolve@0.5.3, source-map-url@0.4.1, stable@0.1.8, statehood@5.1.1, subtext@5.1.3, superagent@3.8.3, topo@2.1.1, topo@3.0.3, trim@0.0.1, uglify-es@3.3.9, urix@0.1.0, uuid@3.4.0, uuid@8.3.2, vise@2.1.1, w3c-hr-time@1.0.2, whatwg-encoding@1.0.5, wreck@12.6.2

devDependencies: skipped

Packages: +114
++++++++++++++++++++++++++++++++++++++++++++++++++++++++++++++++++++++++++++++++
Progress: resolved 2036, reused 81, downloaded 30, added 105
Progress: resolved 2036, reused 81, downloaded 35, added 111
Progress: resolved 2036, reused 81, downloaded 37, added 114, done
Done in 20.9s using pnpm v9.15.9
