$ corepack pnpm@9.15.9 install --prod --no-frozen-lockfile --reporter=append-only --config.node-linker=hoisted --ignore-workspace --ignore-scripts
Progress: resolved 1, reused 0, downloaded 0, added 0
 WARN  deprecated codeclimate-test-reporter@0.5.1: codeclimate-test-reporter has been deprecated in favor of our new unified test-reporter. Please visit https://docs.codeclimate.com/docs/configuring-test-coverage for details on setting up the new test-reporter.
 WARN  deprecated eslint@3.19.0: This version is no longer supported. Please see https://eslint.org/version-support for other options.
 WARN  deprecated gulp-header@1.8.12: Removed event-stream from gulp-header
 WARN  deprecated glob@7.2.3: Old versions of glob are not supported, and contain widely publicized security vulnerabilities, which have been fixed in the current version. Please update. Support for old versions may be purchased (at exorbitant rates) by contacting i@izs.me
 WARN  deprecated git-raw-commits@1.3.6: Deprecated and no longer maintained. Use @conventional-changelog/git-client instead.
 WARN  deprecated istanbul@0.4.5: This module is no longer maintained, try this instead:
  npm i nyc
Visit https://istanbul.js.org/integrations for other alternatives.
 WARN  deprecated git-semver-tags@1.3.6: Deprecated and no longer maintained. Use @conventional-changelog/git-client instead.
Progress: resolved 44, reused 0, downloaded 0, added 0
Progress: resolved 47, reused 0, downloaded 0, added 0
Packages are hard linked from the content-addressable store to the virtual store.
  Content-addressable store is at: /home/wenyuan/pkg-cache/pnpm/v3
  Virtual store is at:             node_modules/.pnpm
 WARN  The git-hosted package fetched from "https://codeload.github.com/dcodeIO/jaguarjs-jsdoc/tar.gz/ade85ac841f5ca8be40c60d506102039a036a8fa" has to be built but the build scripts were ignored.
Progress: resolved 47, reused 0, downloaded 1, added 0
Progress: resolved 224, reused 0, downloaded 1, added 0
Progress: resolved 587, reused 0, downloaded 1, added 0
Progress: resolved 830, reused 0, downloaded 1, added 0
 WARN  25 deprecated subdependencies found: circular-json@0.3.3, glob@3.1.21, glob@4.5.3, glob@5.0.15, graceful-fs@1.2.3, gulp-util@3.0.8, har-validator@5.1.5, inflight@1.0.6, lodash.isequal@4.5.0, lodash.template@3.6.2, lodash.template@4.18.1, minimatch@0.2.14, minimatch@2.0.10, natives@1.1.6, path-dirname@1.0.2, q@1.4.1, request@2.88.2, resolve-url@0.2.1, rimraf@2.6.3, rimraf@2.7.1, source-map-resolve@0.5.3, source-map-url@0.4.1, trim@0.0.1, urix@0.1.0, uuid@3.4.0

devDependencies: skipped

Packages: +13
+++++++++++++
Progress: resolved 836, reused 12, downloaded 2, added 13, done
Done in 8.6s using pnpm v9.15.9
