$ corepack pnpm@9.15.9 install --prod --no-frozen-lockfile --reporter=append-only --config.node-linker=hoisted --ignore-workspace --ignore-scripts
Progress: resolved 1, reused 0, downloaded 0, added 0
 WARN  deprecated dottie@1.1.1: Package no longer supported. Contact Support at https://www.npmjs.com/support for more info.
 WARN  deprecated uuid@3.4.0: uuid@10 and below is no longer supported.  For ESM codebases, update to uuid@latest.  For CommonJS codebases, use uuid@11 (but be aware this version will likely be deprecated in 2028).
 WARN  deprecated terraformer-wkt-parser@1.2.1: terraformer-wkt-parser is deprecated and no longer supported. Please use @terraformer/wkt.
 WARN  deprecated rimraf@2.7.1: Rimraf versions prior to v4 are no longer supported
 WARN  deprecated istanbul@0.4.5: This module is no longer maintained, try this instead:
  npm i nyc
Visit https://istanbul.js.org/integrations for other alternatives.
 WARN  deprecated sinon@1.17.7: 16.1.1
Progress: resolved 41, reused 0, downloaded 0, added 0
Progress: resolved 113, reused 0, downloaded 0, added 0
Progress: resolved 207, reused 0, downloaded 0, added 0
Progress: resolved 291, reused 0, downloaded 0, added 0
 WARN  16 deprecated subdependencies found: core-js@2.6.12, formatio@1.1.1, glob@3.2.11, glob@5.0.15, glob@7.2.3, inflight@1.0.6, jade@0.26.3, lodash.isequal@4.5.0, minimatch@0.3.0, mkdirp@0.3.0, mkdirp@0.5.1, path-dirname@1.0.2, samsam@1.1.2, sprintf@0.1.5, terraformer@1.0.12, to-iso-string@0.0.2

devDependencies: skipped

Packages: +20
++++++++++++++++++++
Progress: resolved 319, reused 9, downloaded 10, added 19
Progress: resolved 319, reused 9, downloaded 11, added 20, done
Done in 6.1s using pnpm v9.15.9
