$ corepack pnpm@9.15.9 install --prod --no-frozen-lockfile --reporter=append-only --config.node-linker=hoisted --ignore-workspace --ignore-scripts
Progress: resolved 1, reused 0, downloaded 0, added 0
 WARN  deprecated axios@0.19.0: Critical security vulnerability fixed in v0.21.1. For more information, see https://github.com/axios/axios/pull/3410
 WARN  deprecated glob@7.1.3: Old versions of glob are not supported, and contain widely publicized security vulnerabilities, which have been fixed in the current version. Please update. Support for old versions may be purchased (at exorbitant rates) by contacting i@izs.me
 WARN  deprecated mkdirp@0.5.1: Legacy versions of mkdirp are no longer supported. Please update to mkdirp 1.x. (Note that the API surface has changed to use Promises in 1.x.)
 WARN  deprecated uuid@3.3.2: uuid@10 and below is no longer supported.  For ESM codebases, update to uuid@latest.  For CommonJS codebases, use uuid@11 (but be aware this version will likely be deprecated in 2028).
 WARN  deprecated sinon@7.2.5: 16.1.1
 WARN  deprecated eslint@5.14.1: This version is no longer supported. Please see https://eslint.org/version-support for other options.
 WARN  deprecated yeoman-assert@3.1.1: This package is deprecated. See: https://github.com/yeoman/yeoman/issues/1779
Progress: resolved 81, reused 0, downloaded 0, added 0
Progress: resolved 316, reused 0, downloaded 0, added 0
Progress: resolved 524, reused 0, downloaded 0, added 0
Progress: resolved 657, reused 0, downloaded 0, added 0
Progress: resolved 759, reused 0, downloaded 0, added 0
Progress: resolved 803, reused 0, downloaded 0, added 0
Progress: resolved 862, reused 0, downloaded 0, added 0
Progress: resolved 863, reused 0, downloaded 0, added 0
 WARN  20 deprecated subdependencies found: @sinonjs/text-encoding@0.7.3, are-we-there-yet@1.1.7, clone-buffer@1.0.0, cross-spawn-async@2.2.5, debug@3.2.6, gauge@1.2.7, har-validator@5.1.5, inflight@1.0.6, lodash.get@4.4.2, npmlog@2.0.4, path-dirname@1.0.2, request@2.88.2, resolve-url@0.2.1, rimraf@2.6.3, rimraf@2.7.1, samsam@1.3.0, sinon@5.1.1, source-map-resolve@0.5.3, source-map-url@0.4.1, urix@0.1.0

devDependencies: skipped

Packages: +644
++++++++++++++++++++++++++++++++++++++++++++++++++++++++++++++++++++++++++++++++
Progress: resolved 864, reused 524, downloaded 33, added 584
Progress: resolved 864, reused 524, downloaded 71, added 634
Progress: resolved 864, reused 524, downloaded 78, added 644, done
Done in 12.6s using pnpm v9.15.9
