$ corepack pnpm@9.15.9 install --prod --no-frozen-lockfile --reporter=append-only --config.node-linker=hoisted --ignore-workspace --ignore-scripts
Progress: resolved 1, reused 0, downloaded 0, added 0
 WARN  deprecated node-sass@3.13.1: Node Sass is no longer supported. Please use `sass` or `sass-embedded` instead.
 WARN  deprecated topojson@1.6.27: Use topojson-client, topojson-server or topojson-simplify directly.
 WARN  deprecated ecstatic@1.4.1: This package is unmaintained and deprecated. See the GH Issue 259.
Progress: resolved 55, reused 0, downloaded 0, added 0
Progress: resolved 130, reused 0, downloaded 0, added 0
Progress: resolved 234, reused 0, downloaded 0, added 0
Progress: resolved 334, reused 0, downloaded 0, added 0
Progress: resolved 495, reused 0, downloaded 0, added 0
Progress: resolved 625, reused 0, downloaded 0, added 0
Progress: resolved 878, reused 0, downloaded 0, added 0
 WARN  28 deprecated subdependencies found: are-we-there-yet@1.1.7, core-js@2.6.12, fsevents@1.2.13, fstream@1.0.12, gauge@2.7.4, glob@4.5.3, glob@5.0.15, glob@7.1.7, glob@7.2.3, har-validator@5.1.5, inflight@1.0.6, istanbul@0.4.5, json3@3.3.2, log4js@0.6.38, minimatch@1.0.0, minimatch@2.0.10, npmlog@4.1.2, osenv@0.1.5, path-dirname@1.0.2, querystring@0.2.0, request@2.88.2, resolve-url@0.2.1, rimraf@2.7.1, source-map-resolve@0.5.3, source-map-url@0.4.1, tar@2.2.2, urix@0.1.0, uuid@3.4.0
Progress: resolved 1006, reused 0, downloaded 0, added 0

devDependencies: skipped

Packages: +595
++++++++++++++++++++++++++++++++++++++++++++++++++++++++++++++++++++++++++++++++
Progress: resolved 1006, reused 352, downloaded 44, added 399
Progress: resolved 1006, reused 352, downloaded 83, added 447
Progress: resolved 1006, reused 352, downloaded 127, added 493
Progress: resolved 1006, reused 352, downloaded 192, added 566
Progress: resolved 1006, reused 352, downloaded 216, added 592
Progress: resolved 1006, reused 352, downloaded 217, added 592
Progress: resolved 1006, reused 352, downloaded 217, added 593
Progress: resolved 1006, reused 352, downloaded 218, added 593
Progress: resolved 1006, reused 352, downloaded 218, added 594
Progress: resolved 1006, reused 352, downloaded 219, added 595, done
Done in 18.6s using pnpm v9.15.9
