$ corepack pnpm@9.15.9 install --prod --no-frozen-lockfile --reporter=append-only --config.node-linker=hoisted --ignore-workspace --ignore-scripts
Progress: resolved 1, reused 0, downloaded 0, added 0
 WARN  deprecated request@2.88.0: request has been deprecated, see https://github.com/request/request/issues/3142
 WARN  deprecated uuid@3.3.3: uuid@10 and below is no longer supported.  For ESM codebases, update to uuid@latest.  For CommonJS codebases, use uuid@11 (but be aware this version will likely be deprecated in 2028).
 WARN  deprecated aws-sdk@2.587.0: The AWS SDK for JavaScript (v2) has reached end-of-support, and no longer receives updates. Please migrate your code to use AWS SDK for JavaScript (v3). More info https://a.co/cUPnyil
 WARN  deprecated prom-client@11.5.3: prom-client has been replaced by @prometheus-io/client
Progress: resolved 33, reused 0, downloaded 0, added 0
Progress: resolved 115, reused 0, downloaded 0, added 0
Progress: resolved 245, reused 0, downloaded 0, added 0
 WARN  5 deprecated subdependencies found: buffer@4.9.1, har-validator@5.1.5, prom-client@10.2.3, querystring@0.2.0, uuid@3.3.2

devDependencies: skipped

Packages: +255
++++++++++++++++++++++++++++++++++++++++++++++++++++++++++++++++++++++++++++++++
Progress: resolved 253, reused 190, downloaded 43, added 236
Progress: resolved 253, reused 190, downloaded 58, added 251
Progress: resolved 253, reused 190, downloaded 59, added 251
Progress: resolved 253, reused 190, downloaded 59, added 252
Progress: resolved 253, reused 190, downloaded 60, added 252
Progress: resolved 253, reused 190, downloaded 60, added 254
Progress: resolved 253, reused 190, downloaded 61, added 254
Progress: resolved 253, reused 190, downloaded 61, added 255, done
Done in 16.7s using pnpm v9.15.9
