$ corepack pnpm@9.15.9 install --prod --no-frozen-lockfile --reporter=append-only --config.node-linker=hoisted --ignore-workspace --ignore-scripts
Progress: resolved 1, reused 0, downloaded 0, added 0
 WARN  deprecated querystring@0.2.1: The querystring API is considered Legacy. new code should use the URLSearchParams API instead.
 WARN  deprecated crypto-js@4.2.0: Active development of CryptoJS has been discontinued. This library is no longer maintained.
 WARN  deprecated jose@1.28.2: this version is no longer supported
Progress: resolved 32, reused 0, downloaded 0, added 0
 WARN  deprecated puppeteer@5.5.0: < 24.15.0 is no longer supported
Progress: resolved 37, reused 0, downloaded 0, added 0
Progress: resolved 71, reused 0, downloaded 0, added 0
Progress: resolved 145, reused 0, downloaded 0, added 0
Progress: resolved 295, reused 0, downloaded 0, added 0
Progress: resolved 354, reused 0, downloaded 0, added 0
Progress: resolved 423, reused 0, downloaded 0, added 0
Progress: resolved 519, reused 0, downloaded 0, added 0
Progress: resolved 562, reused 0, downloaded 0, added 0
Progress: resolved 671, reused 0, downloaded 0, added 0
Progress: resolved 839, reused 0, downloaded 0, added 0
Progress: resolved 958, reused 0, downloaded 0, added 0
Progress: resolved 1028, reused 0, downloaded 0, added 0
Progress: resolved 1050, reused 0, downloaded 0, added 0
Progress: resolved 1065, reused 0, downloaded 0, added 0
Progress: resolved 1074, reused 0, downloaded 0, added 0
Progress: resolved 1083, reused 0, downloaded 0, added 0
 WARN  16 deprecated subdependencies found: @azure/ms-rest-azure-env@2.0.0, @azure/ms-rest-js@2.7.0, @azure/ms-rest-nodeauth@3.1.1, @opentelemetry/context-base@0.14.0, adal-node@0.2.4, eslint@7.18.0, glob@7.1.6, glob@7.2.3, inflight@1.0.6, q@1.5.1, rimraf@3.0.2, source-map@0.8.0-beta.0, stable@0.1.8, svgo@1.3.2, uuid@3.4.0, uuid@8.3.2
Progress: resolved 1118, reused 0, downloaded 0, added 0

devDependencies: skipped

Packages: +204
++++++++++++++++++++++++++++++++++++++++++++++++++++++++++++++++++++++++++++++++
Progress: resolved 1118, reused 162, downloaded 34, added 192
Progress: resolved 1118, reused 162, downloaded 37, added 196
Progress: resolved 1118, reused 162, downloaded 39, added 200
Progress: resolved 1118, reused 162, downloaded 40, added 200
Progress: resolved 1118, reused 162, downloaded 40, added 204, done
Done in 23.4s using pnpm v9.15.9
