$ corepack pnpm@9.15.9 install --prod --no-frozen-lockfile --reporter=append-only --config.node-linker=hoisted --ignore-workspace --ignore-scripts
 WARN  deprecated jade@0.27.7: Jade has been renamed to pug, please install the latest version of pug instead of jade
Progress: resolved 1, reused 0, downloaded 0, added 0
 WARN  deprecated formidable@1.0.17: Please upgrade to latest, formidable@v2 or formidable@v3! Check these notes: https://bit.ly/2ZEqIau
 WARN  deprecated request@2.9.203: request has been deprecated, see https://github.com/request/request/issues/3142
 WARN  deprecated express@3.0.6: No longer maintained. Please upgrade to a stable version.
 WARN  deprecated connect@2.3.9: connect 2.x series is deprecated
 WARN  deprecated rimraf@2.0.3: Rimraf versions prior to v4 are no longer supported
 WARN  deprecated bcrypt@0.7.8: versions < v5.0.0 do not handle NUL in passwords properly
 WARN  deprecated ejs@0.6.1: Critical security bugs fixed in 2.5.5
 WARN  deprecated mocha@1.4.3: Mocha v1.x is no longer supported.
Progress: resolved 140, reused 0, downloaded 0, added 0
 WARN  GET https://registry.npmjs.org/loggly error (ECONNRESET). Will retry in 10 seconds. 2 retries left.
Progress: resolved 228, reused 0, downloaded 1, added 0
Progress: resolved 244, reused 0, downloaded 1, added 0
Progress: resolved 245, reused 0, downloaded 1, added 0
 WARN  21 deprecated subdependencies found: bson@0.2.2, bson@0.2.22, coffee-script@1.4.0, connect@1.9.2, connect@2.7.2, ecstatic@0.1.7, formidable@1.0.11, graceful-fs@1.1.14, jade@0.26.3, mkdirp@0.0.7, mkdirp@0.2.2, mkdirp@0.3.0, mkdirp@0.3.3, mkdirp@0.3.5, mongodb@1.3.19, mongodb@1.4.40, mpromise@0.2.1, muri@0.3.1, nodemailer@0.1.20, sliced@0.0.4, sliced@0.0.5

devDependencies: skipped

Packages: +243
++++++++++++++++++++++++++++++++++++++++++++++++++++++++++++++++++++++++++++++++
Progress: resolved 246, reused 189, downloaded 24, added 212
Progress: resolved 246, reused 189, downloaded 45, added 234
Progress: resolved 246, reused 189, downloaded 48, added 241
Progress: resolved 246, reused 189, downloaded 50, added 243, done
Done in 15.1s using pnpm v9.15.9
