$ corepack pnpm@9.15.9 install --prod --no-frozen-lockfile --reporter=append-only --config.node-linker=hoisted --ignore-workspace --ignore-scripts
Progress: resolved 1, reused 0, downloaded 0, added 0
 WARN  deprecated request-promise@1.0.2: request-promise has been deprecated because it extends the now deprecated request package, see https://github.com/request/request/issues/3142
 WARN  deprecated babel-eslint@6.1.2: babel-eslint is now @babel/eslint-parser. This package will no longer receive updates.
 WARN  deprecated eslint@2.13.1: This version is no longer supported. Please see https://eslint.org/version-support for other options.
 WARN  deprecated appium-logger@2.1.0: Moved into appium-support
 WARN  deprecated appium-support@2.55.0: Package no longer supported. Contact Support at https://www.npmjs.com/support for more info.
 WARN  deprecated request@2.88.2: request has been deprecated, see https://github.com/request/request/issues/3142
 WARN  deprecated appium-base-driver@2.33.0: Package no longer supported. Contact Support at https://www.npmjs.com/support for more info.
Progress: resolved 26, reused 0, downloaded 0, added 0
Progress: resolved 201, reused 0, downloaded 0, added 0
Progress: resolved 445, reused 0, downloaded 1, added 0
Progress: resolved 659, reused 0, downloaded 1, added 0
Progress: resolved 682, reused 0, downloaded 1, added 0
Progress: resolved 865, reused 0, downloaded 1, added 0
Progress: resolved 948, reused 0, downloaded 1, added 0
Progress: resolved 956, reused 0, downloaded 1, added 0
Progress: resolved 977, reused 0, downloaded 1, added 0
Progress: resolved 977, reused 0, downloaded 2, added 0
Progress: resolved 989, reused 0, downloaded 2, added 0
 WARN  70 deprecated subdependencies found: appium-ci@0.0.17, are-we-there-yet@1.1.7, are-we-there-yet@3.0.1, babel-plugin-constant-folding@1.0.1, babel-plugin-dead-code-elimination@1.0.2, babel-plugin-eval@1.0.1, babel-plugin-inline-environment-variables@1.0.1, babel-plugin-jscript@1.0.4, babel-plugin-member-expression-literals@1.0.1, babel-plugin-property-literals@1.0.1, babel-plugin-proto-to-assign@1.0.4, babel-plugin-react-constant-elements@1.0.3, babel-plugin-react-display-name@1.0.3, babel-plugin-remove-console@1.0.1, babel-plugin-remove-debugger@1.0.1, babel-plugin-runtime@1.0.7, babel-plugin-undefined-to-void@1.1.6, boom@2.10.1, circular-json@0.3.3, core-js@1.2.7, core-js@2.6.12, cryptiles@2.0.5, fsevents@1.2.13, gauge@1.2.7, gauge@4.0.4, glob@3.1.21, glob@3.2.11, glob@4.5.3, glob@5.0.15, glob@6.0.4, glob@7.2.3, graceful-fs@1.2.3, gulp-util@3.0.8, har-validator@2.0.6, har-validator@5.1.5, hawk@3.1.3, hoek@2.16.3, inflight@1.0.6, istanbul@0.4.5, jade@0.26.3, lodash.template@3.6.2, minimatch@0.2.14, minimatch@0.3.0, minimatch@1.0.0, minimatch@2.0.10, mkdirp@0.3.0, mkdirp@0.5.1, natives@1.1.6, npmlog@2.0.4, npmlog@6.0.2, phin@3.7.1, q@0.9.7, q@1.5.1, rcloader@0.1.4, request-promise@4.2.6, request@2.79.0, resolve-url@0.2.1, rimraf@2.4.5, rimraf@2.6.3, rimraf@2.7.1, rimraf@3.0.2, sntp@1.0.9, source-map-resolve@0.5.3, source-map-url@0.4.1, stable@0.1.8, to-iso-string@0.0.2, try-resolve@1.0.1, urix@0.1.0, uuid@3.4.0, uuid@8.3.2

devDependencies: skipped

Packages: +375
++++++++++++++++++++++++++++++++++++++++++++++++++++++++++++++++++++++++++++++++
Progress: resolved 993, reused 254, downloaded 62, added 332
Progress: resolved 993, reused 254, downloaded 98, added 369
Progress: resolved 993, reused 254, downloaded 103, added 374
Progress: resolved 993, reused 254, downloaded 104, added 375, done
Done in 16.8s using pnpm v9.15.9
