$ corepack pnpm@9.15.9 install --prod --no-frozen-lockfile --reporter=append-only --config.node-linker=hoisted --ignore-workspace --ignore-scripts
Progress: resolved 1, reused 0, downloaded 0, added 0
 WARN  deprecated prom-client@13.2.0: prom-client has been replaced by @prometheus-io/client
 WARN  deprecated eslint@7.32.0: This version is no longer supported. Please see https://eslint.org/version-support for other options.
Progress: resolved 24, reused 0, downloaded 0, added 0
Progress: resolved 25, reused 0, downloaded 0, added 0
Progress: resolved 26, reused 0, downloaded 0, added 0
Progress: resolved 143, reused 0, downloaded 0, added 0
Progress: resolved 378, reused 0, downloaded 0, added 0
Progress: resolved 460, reused 0, downloaded 0, added 0
 WARN  9 deprecated subdependencies found: @humanwhocodes/config-array@0.5.0, @humanwhocodes/object-schema@1.2.1, glob@7.2.3, har-validator@5.1.5, inflight@1.0.6, request@2.88.2, rimraf@3.0.2, uuid@3.4.0, uuid@8.3.2

devDependencies: skipped

 WARN  Issues with peer dependencies found
.
└─┬ typedoc 0.20.37
  └── ✕ unmet peer typescript@"3.9.x || 4.0.x || 4.1.x || 4.2.x": found 4.9.5

Packages: +203
++++++++++++++++++++++++++++++++++++++++++++++++++++++++++++++++++++++++++++++++
Progress: resolved 462, reused 193, downloaded 8, added 201
Progress: resolved 462, reused 193, downloaded 9, added 201
Progress: resolved 462, reused 193, downloaded 9, added 202
Progress: resolved 462, reused 193, downloaded 10, added 202
Progress: resolved 462, reused 193, downloaded 10, added 203, done
Done in 11.7s using pnpm v9.15.9
