$ corepack pnpm@9.15.9 install --prod --no-frozen-lockfile --reporter=append-only --config.node-linker=hoisted --ignore-workspace --ignore-scripts
Progress: resolved 1, reused 0, downloaded 0, added 0
 WARN  deprecated rimraf@2.7.1: Rimraf versions prior to v4 are no longer supported
 WARN  deprecated sinon@1.17.7: 16.1.1
 WARN  deprecated eslint@3.19.0: This version is no longer supported. Please see https://eslint.org/version-support for other options.
 WARN  deprecated istanbul@0.4.5: This module is no longer maintained, try this instead:
  npm i nyc
Visit https://istanbul.js.org/integrations for other alternatives.
 WARN  deprecated karma-phantomjs-launcher@1.0.4: PhantomJS development have stopped, use puppeteer or similar
Progress: resolved 16, reused 0, downloaded 0, added 0
 WARN  GET https://registry.npmjs.org/karma-chai error (ERR_SOCKET_TIMEOUT). Will retry in 10 seconds. 2 retries left.
Progress: resolved 17, reused 0, downloaded 0, added 0
Progress: resolved 197, reused 0, downloaded 0, added 0
 WARN  GET https://registry.npmjs.org/md5.js error (ECONNRESET). Will retry in 10 seconds. 2 retries left.
Progress: resolved 532, reused 0, downloaded 0, added 0
Progress: resolved 677, reused 0, downloaded 0, added 0
Progress: resolved 678, reused 0, downloaded 0, added 0
 WARN  28 deprecated subdependencies found: boom@2.10.1, circular-json@0.3.3, core-js@2.6.12, cryptiles@2.0.5, formatio@1.1.1, fsevents@1.2.13, glob@5.0.15, glob@7.1.1, glob@7.2.3, har-validator@2.0.6, har-validator@5.1.5, hawk@3.1.3, hoek@2.16.3, inflight@1.0.6, json3@3.3.2, log4js@0.6.38, mkdirp@0.5.1, phantomjs-prebuilt@2.1.16, request@2.79.0, request@2.88.2, resolve-url@0.2.1, rimraf@2.6.3, samsam@1.1.2, sntp@1.0.9, source-map-resolve@0.5.3, source-map-url@0.4.1, urix@0.1.0, uuid@3.4.0

devDependencies: skipped

Packages: +1
+
Progress: resolved 679, reused 1, downloaded 0, added 1, done
Done in 1m 22.7s using pnpm v9.15.9
