$ corepack pnpm@9.15.9 install --prod --no-frozen-lockfile --reporter=append-only --config.node-linker=hoisted --ignore-workspace --ignore-scripts
Progress: resolved 1, reused 0, downloaded 0, added 0
 WARN  deprecated eslint@5.16.0: This version is no longer supported. Please see https://eslint.org/version-support for other options.
 WARN  deprecated sourcemap-codec@1.4.8: Please use @jridgewell/sourcemap-codec instead
 WARN  deprecated rollup-plugin-commonjs@10.1.0: This package has been deprecated and is no longer maintained. Please use @rollup/plugin-commonjs.
 WARN  deprecated rollup-plugin-json@4.0.0: This module has been deprecated and is no longer maintained. Please use @rollup/plugin-json.
 WARN  deprecated rollup-plugin-replace@2.2.0: This module has moved and is now available at @rollup/plugin-replace. Please update your dependencies. This version is no longer maintained.
 WARN  deprecated rollup-plugin-node-resolve@5.2.0: This package has been deprecated and is no longer maintained. Please use @rollup/plugin-node-resolve.
 WARN  deprecated rollup-plugin-sucrase@2.1.0: This package has been deprecated and is no longer maintained. Please use @rollup/plugin-sucrase.
Progress: resolved 29, reused 0, downloaded 0, added 0
 WARN  deprecated puppeteer@1.20.0: < 24.15.0 is no longer supported
Progress: resolved 161, reused 0, downloaded 0, added 0
Progress: resolved 257, reused 0, downloaded 0, added 0
Progress: resolved 411, reused 0, downloaded 0, added 0
Progress: resolved 557, reused 0, downloaded 0, added 0
Progress: resolved 656, reused 0, downloaded 0, added 0
 WARN  18 deprecated subdependencies found: copy-concurrently@1.0.5, debug@3.2.6, figgy-pudding@3.5.2, fs-write-stream-atomic@1.0.10, fsevents@1.2.13, glob@7.1.3, glob@7.2.3, inflight@1.0.6, mkdirp@0.5.4, move-concurrently@1.0.1, path-dirname@1.0.2, resolve-url@0.2.1, rimraf@2.6.3, rimraf@2.7.1, rollup-plugin-virtual@1.0.1, source-map-resolve@0.5.3, source-map-url@0.4.1, urix@0.1.0

devDependencies: skipped

Packages: +16
++++++++++++++++
Progress: resolved 657, reused 12, downloaded 4, added 16, done
Done in 6.9s using pnpm v9.15.9
