$ corepack pnpm@9.15.9 install --prod --no-frozen-lockfile --reporter=append-only --config.node-linker=hoisted --ignore-workspace --ignore-scripts
Progress: resolved 1, reused 0, downloaded 0, added 0
 WARN  deprecated node-uuid@1.4.8: Use uuid module instead
 WARN  deprecated tough-cookie@2.2.2: ReDoS vulnerability parsing Set-Cookie https://nodesecurity.io/advisories/130
 WARN  deprecated eslint@1.9.0: This version is no longer supported. Please see https://eslint.org/version-support for other options.
 WARN  deprecated hawk@3.1.3: This module moved to @hapi/hawk. Please make sure to switch over as this distribution is no longer supported and may contain bugs and critical security issues.
 WARN  deprecated har-validator@2.0.6: this library is no longer supported
 WARN  deprecated istanbul@0.4.5: This module is no longer maintained, try this instead:
  npm i nyc
Visit https://istanbul.js.org/integrations for other alternatives.
 WARN  deprecated karma-phantomjs-launcher@0.1.4: PhantomJS development have stopped, use puppeteer or similar
 WARN  deprecated rimraf@2.7.1: Rimraf versions prior to v4 are no longer supported
Progress: resolved 203, reused 0, downloaded 0, added 0
Progress: resolved 527, reused 0, downloaded 0, added 0
Progress: resolved 799, reused 0, downloaded 0, added 0
 WARN  40 deprecated subdependencies found: boom@0.4.2, boom@2.10.1, circular-json@0.3.3, core-js@2.6.12, cryptiles@0.2.2, cryptiles@2.0.5, fsevents@1.2.13, glob@3.2.11, glob@4.5.3, glob@5.0.15, glob@7.2.3, har-validator@5.1.5, hawk@1.1.1, hoek@0.9.1, hoek@2.16.3, inflight@1.0.6, istanbul@0.2.16, json3@3.3.2, lodash.omit@3.1.0, log4js@0.6.38, minimatch@0.2.14, minimatch@0.3.0, minimatch@1.0.0, minimatch@2.0.10, mkdirp@0.5.0, querystring@0.2.0, request@2.42.0, request@2.67.0, request@2.79.0, request@2.88.2, resolve-url@0.2.1, rimraf@2.6.3, sntp@0.2.4, sntp@1.0.9, source-map-resolve@0.5.3, source-map-url@0.4.1, sprintf@0.1.5, tap@0.1.4, urix@0.1.0, uuid@3.4.0

devDependencies: skipped

Packages: +68
++++++++++++++++++++++++++++++++++++++++++++++++++++++++++++++++++++
Progress: resolved 853, reused 68, downloaded 0, added 68, done
Done in 3.9s using pnpm v9.15.9
