$ corepack pnpm@9.15.9 install --prod --no-frozen-lockfile --reporter=append-only --config.node-linker=hoisted --ignore-workspace --ignore-scripts
Progress: resolved 1, reused 0, downloaded 0, added 0
 WARN  deprecated babel-preset-es2015@6.9.0: 🙌  Thanks for using Babel: we recommend using babel-preset-env now: please read https://babeljs.io/env to update!
 WARN  deprecated babel-eslint@6.1.2: babel-eslint is now @babel/eslint-parser. This package will no longer receive updates.
 WARN  deprecated eslint@3.1.1: This version is no longer supported. Please see https://eslint.org/version-support for other options.
 WARN  deprecated karma-phantomjs-launcher@1.0.1: PhantomJS development have stopped, use puppeteer or similar
 WARN  deprecated mkdirp@0.5.1: Legacy versions of mkdirp are no longer supported. Please update to mkdirp 1.x. (Note that the API surface has changed to use Promises in 1.x.)
 WARN  deprecated phantomjs-prebuilt@2.1.8: this package is now deprecated
 WARN  deprecated rimraf@2.5.4: Rimraf versions prior to v4 are no longer supported
 WARN  deprecated i18next-xhr-backend@1.0.1: replaced by i18next-http-backend
 WARN  deprecated rollup-plugin-babel@2.6.1: This package has been deprecated and is no longer maintained. Please use @rollup/plugin-babel.
 WARN  deprecated rollup-plugin-node-resolve@1.7.1: This package has been deprecated and is no longer maintained. Please use @rollup/plugin-node-resolve.
 WARN  deprecated sinon@1.17.5: 16.1.1
Progress: resolved 46, reused 0, downloaded 0, added 0
Packages are hard linked from the content-addressable store to the virtual store.
  Content-addressable store is at: /home/wenyuan/pkg-cache/pnpm/v3
  Virtual store is at:             node_modules/.pnpm
 WARN  The git-hosted package fetched from "https://codeload.github.com/douglasduteil/karma-coverage/tar.gz/a2c924a883af5ff1aa9edb2164c54b6a801cdcf5" has to be built but the build scripts were ignored.
Progress: resolved 46, reused 0, downloaded 1, added 0
Progress: resolved 47, reused 0, downloaded 1, added 0
 WARN  The git-hosted package fetched from "https://codeload.github.com/gotwarlost/istanbul/tar.gz/db701e170ba4cb11af3bac09411296cdb0e8215a" has to be built but the build scripts were ignored.
Progress: resolved 323, reused 0, downloaded 2, added 0
Progress: resolved 683, reused 0, downloaded 2, added 0
 WARN  37 deprecated subdependencies found: babel-preset-es2015@6.24.1, boom@2.10.1, circular-json@0.3.3, core-js@2.6.12, cryptiles@2.0.5, formatio@1.1.1, fsevents@1.2.13, glob@3.2.11, glob@5.0.15, glob@7.2.3, har-validator@2.0.6, har-validator@5.1.5, hawk@3.1.3, hoek@2.16.3, inflight@1.0.6, jade@0.26.3, json3@3.2.6, json3@3.3.2, log4js@0.6.38, minimatch@0.3.0, minimatch@2.0.10, mkdirp@0.3.0, mkdirp@0.5.0, node-uuid@1.4.8, request@2.69.0, request@2.74.0, request@2.88.2, resolve-url@0.2.1, rimraf@2.6.3, samsam@1.1.2, sntp@1.0.9, source-map-resolve@0.5.3, source-map-url@0.4.1, to-iso-string@0.0.2, tough-cookie@2.2.2, urix@0.1.0, uuid@3.4.0
Progress: resolved 920, reused 0, downloaded 2, added 0

devDependencies: skipped

 WARN  Issues with peer dependencies found
.
└─┬ eslint-config-airbnb 9.0.1
  ├── ✕ unmet peer eslint@^2.9.0: found 3.1.1
  ├── ✕ unmet peer eslint-plugin-jsx-a11y@^1.2.0: found 2.2.3
  └─┬ eslint-config-airbnb-base 3.0.1
    └── ✕ unmet peer eslint@^2.9.0: found 3.1.1

Already up to date
Progress: resolved 920, reused 0, downloaded 2, added 0, done
Done in 7.1s using pnpm v9.15.9
