$ corepack pnpm@9.15.9 install --prod --no-frozen-lockfile --reporter=append-only --config.node-linker=hoisted --ignore-workspace --ignore-scripts
Progress: resolved 1, reused 0, downloaded 0, added 0
 WARN  deprecated language-dart@0.1.1: Package no longer supported. Contact Support at https://www.npmjs.com/support for more info.
 WARN  deprecated glob@7.2.3: Old versions of glob are not supported, and contain widely publicized security vulnerabilities, which have been fixed in the current version. Please update. Support for old versions may be purchased (at exorbitant rates) by contacting i@izs.me
 WARN  deprecated standard-version@4.4.0: standard-version is deprecated. If you're a GitHub user, I recommend https://github.com/googleapis/release-please as an alternative.
Progress: resolved 69, reused 0, downloaded 0, added 0
Progress: resolved 220, reused 0, downloaded 0, added 0
Progress: resolved 344, reused 0, downloaded 0, added 0
Progress: resolved 481, reused 0, downloaded 0, added 0
Progress: resolved 593, reused 0, downloaded 0, added 0
Progress: resolved 605, reused 0, downloaded 0, added 0
Progress: resolved 648, reused 0, downloaded 0, added 0
 WARN  23 deprecated subdependencies found: circular-json@0.3.3, coffee-script@1.12.7, coffee-script@1.9.0, conventional-changelog-atom@0.2.8, conventional-changelog-codemirror@0.3.8, conventional-changelog-core@2.0.11, conventional-changelog-ember@0.3.12, conventional-changelog-eslint@1.0.9, conventional-changelog-express@0.3.6, conventional-changelog-jquery@0.1.0, conventional-changelog-jshint@0.3.8, eslint@3.19.0, git-raw-commits@1.3.6, git-semver-tags@1.3.6, glob@7.1.1, inflight@1.0.6, json3@3.3.2, lodash.pick@4.4.0, lodash.template@4.18.1, mkdirp@0.5.1, q@1.5.1, rimraf@2.6.3, rimraf@2.7.1

devDependencies: skipped

Packages: +152
++++++++++++++++++++++++++++++++++++++++++++++++++++++++++++++++++++++++++++++++
Progress: resolved 649, reused 151, downloaded 0, added 151
Progress: resolved 649, reused 151, downloaded 1, added 151
Progress: resolved 649, reused 151, downloaded 1, added 152, done
Done in 10.2s using pnpm v9.15.9
