$ corepack pnpm@9.15.9 install --prod --no-frozen-lockfile --reporter=append-only --config.node-linker=hoisted --ignore-workspace --ignore-scripts
Progress: resolved 1, reused 0, downloaded 0, added 0
 WARN  deprecated eslint@7.20.0: This version is no longer supported. Please see https://eslint.org/version-support for other options.
 WARN  deprecated rimraf@3.0.2: Rimraf versions prior to v4 are no longer supported
 WARN  deprecated eslint-config-standard-with-typescript@20.0.0: Please use eslint-config-love, instead.
Progress: resolved 49, reused 0, downloaded 0, added 0
Progress: resolved 126, reused 0, downloaded 0, added 0
Progress: resolved 233, reused 0, downloaded 0, added 0
Progress: resolved 332, reused 0, downloaded 0, added 0
Progress: resolved 374, reused 0, downloaded 0, added 0
Progress: resolved 444, reused 0, downloaded 0, added 0
Progress: resolved 536, reused 0, downloaded 0, added 0
Progress: resolved 615, reused 0, downloaded 0, added 0
Progress: resolved 696, reused 0, downloaded 0, added 0
Progress: resolved 787, reused 0, downloaded 0, added 0
Progress: resolved 892, reused 0, downloaded 0, added 0
 WARN  25 deprecated subdependencies found: @babel/plugin-proposal-async-generator-functions@7.20.7, @babel/plugin-proposal-class-properties@7.18.6, @babel/plugin-proposal-dynamic-import@7.18.6, @babel/plugin-proposal-export-namespace-from@7.18.9, @babel/plugin-proposal-json-strings@7.18.6, @babel/plugin-proposal-logical-assignment-operators@7.20.7, @babel/plugin-proposal-nullish-coalescing-operator@7.18.6, @babel/plugin-proposal-numeric-separator@7.18.6, @babel/plugin-proposal-object-rest-spread@7.20.7, @babel/plugin-proposal-optional-catch-binding@7.18.6, @babel/plugin-proposal-optional-chaining@7.21.0, @babel/plugin-proposal-private-methods@7.18.6, @babel/plugin-proposal-unicode-property-regex@7.18.6, abab@2.0.6, domexception@2.0.1, glob@7.2.3, inflight@1.0.6, resolve-url@0.2.1, sane@4.1.0, source-map-resolve@0.5.3, source-map-url@0.4.1, urix@0.1.0, uuid@8.3.2, w3c-hr-time@1.0.2, whatwg-encoding@1.0.5

devDependencies: skipped

Already up to date
Progress: resolved 904, reused 0, downloaded 0, added 0, done
Done in 11.5s using pnpm v9.15.9
